EVA2_11_ROLES

MySQL Shell 8.0.31

Copyright (c) 2016, 2022, Oracle and/or its affiliates.
Oracle is a registered trademark of Oracle Corporation and/or its affiliates.
Other names may be trademarks of their respective owners.

Type '\help' or '\?' for help; '\quit' to exit.
 MySQL  JS > \sql
Switching to SQL mode... Commands end with ;
 MySQL  SQL > \connect --mc root@localhost
Creating a Classic session to 'root@localhost'
Please provide the password for 'root@localhost': ****
Save password for 'root@localhost'? [Y]es/[N]o/Ne[v]er (default No): n
Fetching global names for auto-completion... Press ^C to stop.
Your MySQL connection id is 24
Server version: 8.0.31 MySQL Community Server - GPL
No default schema selected; type \use <schema> to set one.
 MySQL  localhost:3306 ssl  SQL > create user 'prueba3'@'localhost' identified by 'xxx.123'
                               -> ;
Query OK, 0 rows affected (0.0211 sec)
 MySQL  localhost:3306 ssl  SQL > \use sakila
Default schema set to `sakila`.
Fetching global names, object names from `sakila` for auto-completion... Press ^C to stop.
 MySQL  localhost:3306 ssl  sakila  SQL > grant select(first_name, last_name) on sakila.customer to 'prueba3'@localhost';
                                       '> ^C
 MySQL  localhost:3306 ssl  sakila  SQL > grant select(first_name, last_name) on sakila.customer to 'prueba3'@localhost';
                                       '> ^C
 MySQL  localhost:3306 ssl  sakila  SQL > grant select(first_name, last_name) on sakila.customer to 'prueba3'@'localhost';
Query OK, 0 rows affected (0.0075 sec)
 MySQL  localhost:3306 ssl  sakila  SQL > \connect --mc prueba
Creating a Classic session to 'moral@prueba'
Please provide the password for 'moral@prueba':
Cancelled
 MySQL  localhost:3306 ssl  sakila  SQL > \connect --mc prueba3@localhost
Creating a Classic session to 'prueba3@localhost'
Please provide the password for 'prueba3@localhost': *******
Save password for 'prueba3@localhost'? [Y]es/[N]o/Ne[v]er (default No): n
Fetching global names for auto-completion... Press ^C to stop.
Error during auto-completion cache update: Access denied; you need (at least one of) the PROCESS privilege(s) for this operation
Closing old connection...
Your MySQL connection id is 25
Server version: 8.0.31 MySQL Community Server - GPL
No default schema selected; type \use <schema> to set one.
 MySQL  localhost:3306 ssl  SQL > \use sakila
Default schema set to `sakila`.
Fetching global names, object names from `sakila` for auto-completion... Press ^C to stop.
 MySQL  localhost:3306 ssl  sakila  SQL > select * from customer limit 10;
ERROR: 1143 (42000): SELECT command denied to user 'prueba3'@'localhost' for column 'customer_id' in table 'customer'
 MySQL  localhost:3306 ssl  sakila  SQL > select first_name, last_name from customer limit 10;
+------------+-----------+
| first_name | last_name |
+------------+-----------+
| MARY       | SMITH     |
| PATRICIA   | JOHNSON   |
| LINDA      | WILLIAMS  |
| BARBARA    | JONES     |
| ELIZABETH  | BROWN     |
| JENNIFER   | DAVIS     |
| MARIA      | MILLER    |
| SUSAN      | WILSON    |
| MARGARET   | MOORE     |
| DOROTHY    | TAYLOR    |
+------------+-----------+
10 rows in set (0.0014 sec)
 MySQL  localhost:3306 ssl  sakila  SQL > create user 'prueba4'@'localhost' identified by '123';
ERROR: 1227 (42000): Access denied; you need (at least one of) the CREATE USER privilege(s) for this operation
 MySQL  localhost:3306 ssl  sakila  SQL > \connect --mc root@localhost
Creating a Classic session to 'root@localhost'
Please provide the password for 'root@localhost': ****
Save password for 'root@localhost'? [Y]es/[N]o/Ne[v]er (default No): n
Fetching global names for auto-completion... Press ^C to stop.
Closing old connection...
Your MySQL connection id is 26
Server version: 8.0.31 MySQL Community Server - GPL
No default schema selected; type \use <schema> to set one.
 MySQL  localhost:3306 ssl  SQL > \evaluacion_2
Unknown command: '\evaluacion_2'
 MySQL  localhost:3306 ssl  SQL > \use evaluacion_2
Default schema set to `evaluacion_2`.
Fetching global names, object names from `evaluacion_2` for auto-completion... Press ^C to stop.
 MySQL  localhost:3306 ssl  evaluacion_2  SQL > show tables;
+------------------------+
| Tables_in_evaluacion_2 |
+------------------------+
| contacts               |
| detalle                |
| detalle_factura        |
| factura                |
| maestra                |
| phones                 |
| tablaa                 |
| tablab                 |
+------------------------+
8 rows in set (0.0020 sec)
 MySQL  localhost:3306 ssl  evaluacion_2  SQL > create user 'prueba4'@'localhost';
Query OK, 0 rows affected (0.0090 sec)
 MySQL  localhost:3306 ssl  evaluacion_2  SQL > alter user 'prueba4'@'localhost' identified by xxx.123;
ERROR: 1064 (42000): You have an error in your SQL syntax; check the manual that corresponds to your MySQL server version for the right syntax to use near 'xxx.123' at line 1
 MySQL  localhost:3306 ssl  evaluacion_2  SQL > alter user 'prueba4'@'localhost' identified by 'xxx.123';
Query OK, 0 rows affected (0.0120 sec)
 MySQL  localhost:3306 ssl  evaluacion_2  SQL > grant select(name), insert(name), update(name, company, address, zipcode)
                                             -> on evaluacion_2.contacts to 'prueba4'@'localhost';
ERROR: 1054 (42S22): Unknown column 'address' in 'contacts'
 MySQL  localhost:3306 ssl  evaluacion_2  SQL > desc contacts
                                             -> ;
+------------+-------------+------+-----+---------+----------------+
| Field      | Type        | Null | Key | Default | Extra          |
+------------+-------------+------+-----+---------+----------------+
| contact_id | int         | NO   | PRI | NULL    | auto_increment |
| name       | varchar(20) | NO   |     | NULL    |                |
| company    | varchar(30) | YES  |     | NULL    |                |
| adress     | varchar(50) | YES  |     | NULL    |                |
| zipcode    | varchar(8)  | YES  |     | NULL    |                |
+------------+-------------+------+-----+---------+----------------+
5 rows in set (0.0025 sec)
 MySQL  localhost:3306 ssl  evaluacion_2  SQL > grant select(name), insert(name), update(name, company, adress, zipcode) on evaluacion_2.contacts to 'prueba4'@'localhost';
Query OK, 0 rows affected (0.0064 sec)
 MySQL  localhost:3306 ssl  evaluacion_2  SQL > \connect --mc prueba4@localhost
Creating a Classic session to 'prueba4@localhost'
Please provide the password for 'prueba4@localhost': *******
Save password for 'prueba4@localhost'? [Y]es/[N]o/Ne[v]er (default No): n
Fetching global names for auto-completion... Press ^C to stop.
Error during auto-completion cache update: Access denied; you need (at least one of) the PROCESS privilege(s) for this operation
Closing old connection...
Your MySQL connection id is 27
Server version: 8.0.31 MySQL Community Server - GPL
No default schema selected; type \use <schema> to set one.
 MySQL  localhost:3306 ssl  SQL > \use evaluacion_2
Default schema set to `evaluacion_2`.
Fetching global names, object names from `evaluacion_2` for auto-completion... Press ^C to stop.
 MySQL  localhost:3306 ssl  evaluacion_2  SQL > show tables;
+------------------------+
| Tables_in_evaluacion_2 |
+------------------------+
| contacts               |
+------------------------+
1 row in set (0.0019 sec)
 MySQL  localhost:3306 ssl  evaluacion_2  SQL > select * from contacts;
ERROR: 1143 (42000): SELECT command denied to user 'prueba4'@'localhost' for column 'contact_id' in table 'contacts'
 MySQL  localhost:3306 ssl  evaluacion_2  SQL > select name from contacts;
+-------+
| name  |
+-------+
| Joe   |
| Jane  |
| Chris |
+-------+
3 rows in set (0.0066 sec)
 MySQL  localhost:3306 ssl  evaluacion_2  SQL > insert into contacts(name, company)
                                             -> values("XXXX", "XXXXX");
ERROR: 1143 (42000): INSERT command denied to user 'prueba4'@'localhost' for column 'company' in table 'contacts'
 MySQL  localhost:3306 ssl  evaluacion_2  SQL > insert into contacts(name) values("XXXX");
Query OK, 1 row affected (0.0071 sec)
 MySQL  localhost:3306 ssl  evaluacion_2  SQL > select name from contacts;
+-------+
| name  |
+-------+
| Joe   |
| Jane  |
| Chris |
| XXXX  |
+-------+
4 rows in set (0.0006 sec)
 MySQL  localhost:3306 ssl  evaluacion_2  SQL > update contacts set name = "ZZZZZ" where name = "XXXX";
Query OK, 1 row affected (0.0091 sec)

Rows matched: 1  Changed: 1  Warnings: 0
 MySQL  localhost:3306 ssl  evaluacion_2  SQL > select name from contacts;
+-------+
| name  |
+-------+
| Joe   |
| Jane  |
| Chris |
| ZZZZZ |
+-------+
4 rows in set (0.0006 sec)
 MySQL  localhost:3306 ssl  evaluacion_2  SQL > delete from contacts where name = "ZZZZZ";
ERROR: 1142 (42000): DELETE command denied to user 'prueba4'@'localhost' for table 'contacts'
 MySQL  localhost:3306 ssl  evaluacion_2  SQL > select user();
+-------------------+
| user()            |
+-------------------+
| prueba4@localhost |
+-------------------+
1 row in set (0.0010 sec)
 MySQL  localhost:3306 ssl  evaluacion_2  SQL > alter user() identified by 'yyy.123';
ERROR: 1064 (42000): You have an error in your SQL syntax; check the manual that corresponds to your MySQL server version for the right syntax to use near '() identified by 'yyy.123'' at line 1
 MySQL  localhost:3306 ssl  evaluacion_2  SQL > alter user user() identified by 'yyy.123';
Query OK, 0 rows affected (0.0129 sec)
 MySQL  localhost:3306 ssl  evaluacion_2  SQL > \connect --mc root@localhost
Creating a Classic session to 'root@localhost'
Please provide the password for 'root@localhost': ****
Save password for 'root@localhost'? [Y]es/[N]o/Ne[v]er (default No): n
Fetching global names for auto-completion... Press ^C to stop.
Closing old connection...
Your MySQL connection id is 28
Server version: 8.0.31 MySQL Community Server - GPL
No default schema selected; type \use <schema> to set one.
 MySQL  localhost:3306 ssl  SQL > create user 'bloquear'@'loclahost' identified by 'xxx.123' failed_login_attempts3;
ERROR: 1064 (42000): You have an error in your SQL syntax; check the manual that corresponds to your MySQL server version for the right syntax to use near 'failed_login_attempts3' at line 1
 MySQL  localhost:3306 ssl  SQL > create user 'bloquear'@'loclahost' identified by 'xxx.123' failed_login_attempts 3;
Query OK, 0 rows affected (0.0141 sec)
 MySQL  localhost:3306 ssl  SQL > \connect --mc bloquear@localhost
Creating a Classic session to 'bloquear@localhost'
Please provide the password for 'bloquear@localhost': *******
MySQL Error 1045 (28000): Access denied for user 'bloquear'@'localhost' (using password: YES)
 MySQL  localhost:3306 ssl  SQL > \connect --mc bloquear@loclahost
Creating a Classic session to 'bloquear@loclahost'
Please provide the password for 'bloquear@loclahost': *******
MySQL Error 2005 (HY000): Unknown MySQL server host 'loclahost' (11001)
 MySQL  localhost:3306 ssl  SQL > create user 'bloquear'@'localhost' identified by 'xxx.123' failed_login_attempts 3;
Query OK, 0 rows affected (0.0113 sec)
 MySQL  localhost:3306 ssl  SQL > \connect --mc bloquear@localhost
Creating a Classic session to 'bloquear@localhost'
Please provide the password for 'bloquear@localhost': *******
Save password for 'bloquear@localhost'? [Y]es/[N]o/Ne[v]er (default No): n
Fetching global names for auto-completion... Press ^C to stop.
Error during auto-completion cache update: Access denied; you need (at least one of) the PROCESS privilege(s) for this operation
Closing old connection...
Your MySQL connection id is 30
Server version: 8.0.31 MySQL Community Server - GPL
No default schema selected; type \use <schema> to set one.
 MySQL  localhost:3306 ssl  SQL > \connect --mc root@localhost
Creating a Classic session to 'root@localhost'
Please provide the password for 'root@localhost': *****
MySQL Error 1045 (28000): Access denied for user 'root'@'localhost' (using password: YES)
 MySQL  localhost:3306 ssl  SQL > \connect --mc root@localhost
Creating a Classic session to 'root@localhost'
Please provide the password for 'root@localhost': ****
Save password for 'root@localhost'? [Y]es/[N]o/Ne[v]er (default No): n
Fetching global names for auto-completion... Press ^C to stop.
Closing old connection...
Your MySQL connection id is 32
Server version: 8.0.31 MySQL Community Server - GPL
No default schema selected; type \use <schema> to set one.
 MySQL  localhost:3306 ssl  SQL > alter user 'bloquear'@'localhost' failed_login_attempts 3 password_lock_time 2;
Query OK, 0 rows affected (0.0083 sec)
 MySQL  localhost:3306 ssl  SQL > \connect --mc bloquear@localhost
Creating a Classic session to 'bloquear@localhost'
Please provide the password for 'bloquear@localhost': *
MySQL Error 1045 (28000): Access denied for user 'bloquear'@'localhost' (using password: YES)
 MySQL  localhost:3306 ssl  SQL > \connect --mc bloquear@localhost
Creating a Classic session to 'bloquear@localhost'
Please provide the password for 'bloquear@localhost': *
MySQL Error 1045 (28000): Access denied for user 'bloquear'@'localhost' (using password: YES)
 MySQL  localhost:3306 ssl  SQL > \connect --mc bloquear@localhost
Creating a Classic session to 'bloquear@localhost'
Please provide the password for 'bloquear@localhost': *
MySQL Error 3955 (HY000): Access denied for user 'bloquear'@'localhost'. Account is blocked for 2 day(s) (2 day(s) remaining) due to 3 consecutive failed logins.
 MySQL  localhost:3306 ssl  SQL > \connect --mc bloquear@localhost
Creating a Classic session to 'bloquear@localhost'
Please provide the password for 'bloquear@localhost': *******
MySQL Error 3955 (HY000): Access denied for user 'bloquear'@'localhost'. Account is blocked for 2 day(s) (2 day(s) remaining) due to 3 consecutive failed logins.
 MySQL  localhost:3306 ssl  SQL > alter user 'bloquear'@'localhost' account unlock;
Query OK, 0 rows affected (0.0055 sec)
 MySQL  localhost:3306 ssl  SQL > \connect --mc bloquear@localhost
Creating a Classic session to 'bloquear@localhost'
Please provide the password for 'bloquear@localhost': *******
Save password for 'bloquear@localhost'? [Y]es/[N]o/Ne[v]er (default No): n
Fetching global names for auto-completion... Press ^C to stop.
Error during auto-completion cache update: Access denied; you need (at least one of) the PROCESS privilege(s) for this operation
Closing old connection...
Your MySQL connection id is 37
Server version: 8.0.31 MySQL Community Server - GPL
No default schema selected; type \use <schema> to set one.
 MySQL  localhost:3306 ssl  SQL > \connect --mc root@localhost
Creating a Classic session to 'root@localhost'
Please provide the password for 'root@localhost': ****
Save password for 'root@localhost'? [Y]es/[N]o/Ne[v]er (default No): n
Fetching global names for auto-completion... Press ^C to stop.
Closing old connection...
Your MySQL connection id is 38
Server version: 8.0.31 MySQL Community Server - GPL
No default schema selected; type \use <schema> to set one.
 MySQL  localhost:3306 ssl  SQL > create role 'consultas';
Query OK, 0 rows affected (0.0080 sec)
 MySQL  localhost:3306 ssl  SQL > grant select on sakila.* to 'consultas';
Query OK, 0 rows affected (0.0066 sec)
 MySQL  localhost:3306 ssl  SQL > grant 'consultas' to 'bloquear'@'localhost';
Query OK, 0 rows affected (0.0030 sec)
 MySQL  localhost:3306 ssl  SQL > \connect --mc bloquear@localhost
Creating a Classic session to 'bloquear@localhost'
Please provide the password for 'bloquear@localhost': *******
Save password for 'bloquear@localhost'? [Y]es/[N]o/Ne[v]er (default No): n
Fetching global names for auto-completion... Press ^C to stop.
Error during auto-completion cache update: Access denied; you need (at least one of) the PROCESS privilege(s) for this operation
Closing old connection...
Your MySQL connection id is 39
Server version: 8.0.31 MySQL Community Server - GPL
No default schema selected; type \use <schema> to set one.
 MySQL  localhost:3306 ssl  SQL > \use sakila
MySQL Error 1044: Access denied for user 'bloquear'@'localhost' to database 'sakila'
 MySQL  localhost:3306 ssl  SQL > \connect --mc root@localhost
Creating a Classic session to 'root@localhost'
Please provide the password for 'root@localhost': *****
MySQL Error 1045 (28000): Access denied for user 'root'@'localhost' (using password: YES)
 MySQL  localhost:3306 ssl  SQL > \connect --mc root@localhost
Creating a Classic session to 'root@localhost'
Please provide the password for 'root@localhost': ****
Save password for 'root@localhost'? [Y]es/[N]o/Ne[v]er (default No): n
Fetching global names for auto-completion... Press ^C to stop.
Closing old connection...
Your MySQL connection id is 41
Server version: 8.0.31 MySQL Community Server - GPL
No default schema selected; type \use <schema> to set one.
 MySQL  localhost:3306 ssl  SQL > grant 'consultas' to 'bloquear'@'localhost';
Query OK, 0 rows affected (0.0072 sec)
 MySQL  localhost:3306 ssl  SQL > create user 'prueba5'@'loclahost' identified by 'xxx.123';
Query OK, 0 rows affected (0.0120 sec)
 MySQL  localhost:3306 ssl  SQL > grant 'consultas' to 'prueba5'@'localhost';
ERROR: 3523 (HY000): Unknown authorization ID `prueba5`@`localhost`
 MySQL  localhost:3306 ssl  SQL > create user 'prueba5'@'localhost' identified by 'xxx.123';
Query OK, 0 rows affected (0.0104 sec)
 MySQL  localhost:3306 ssl  SQL > grant 'consultas' to 'prueba5'@'localhost';
Query OK, 0 rows affected (0.0020 sec)
 MySQL  localhost:3306 ssl  SQL > \connect --mc root@localhost
Creating a Classic session to 'root@localhost'
Please provide the password for 'root@localhost': ****
Save password for 'root@localhost'? [Y]es/[N]o/Ne[v]er (default No): n
Fetching global names for auto-completion... Press ^C to stop.
Closing old connection...
Your MySQL connection id is 42
Server version: 8.0.31 MySQL Community Server - GPL
No default schema selected; type \use <schema> to set one.
 MySQL  localhost:3306 ssl  SQL > create role 'consultas'@'localhost';
Query OK, 0 rows affected (0.0066 sec)
 MySQL  localhost:3306 ssl  SQL > grant select on sakila.* to 'consultas'@'localhost';
Query OK, 0 rows affected (0.0032 sec)
 MySQL  localhost:3306 ssl  SQL > grant 'consultas'@'localhost' to 'prueba5'@'localhost';
Query OK, 0 rows affected (0.0057 sec)
 MySQL  localhost:3306 ssl  SQL > grant 'consultas' to 'prueba5'@'localhost';
Query OK, 0 rows affected (0.0021 sec)
 MySQL  localhost:3306 ssl  SQL > \connect --mc prueba5@localhost
Creating a Classic session to 'prueba5@localhost'
Please provide the password for 'prueba5@localhost': *******
Save password for 'prueba5@localhost'? [Y]es/[N]o/Ne[v]er (default No): n
Fetching global names for auto-completion... Press ^C to stop.
Error during auto-completion cache update: Access denied; you need (at least one of) the PROCESS privilege(s) for this operation
Closing old connection...
Your MySQL connection id is 43
Server version: 8.0.31 MySQL Community Server - GPL
No default schema selected; type \use <schema> to set one.
 MySQL  localhost:3306 ssl  SQL > \use sakila
MySQL Error 1044: Access denied for user 'prueba5'@'localhost' to database 'sakila'
 MySQL  localhost:3306 ssl  SQL > \disconnect
 MySQL  SQL >