MySQL Shell 8.0.31

Copyright (c) 2016, 2022, Oracle and/or its affiliates.
Oracle is a registered trademark of Oracle Corporation and/or its affiliates.
Other names may be trademarks of their respective owners.

Type '\help' or '\?' for help; '\quit' to exit.
 MySQL  JS > \sql
Switching to SQL mode... Commands end with ;
 MySQL  SQL > \connect --mc root@localhost
Creating a Classic session to 'root@localhost'
Please provide the password for 'root@localhost': ****
Save password for 'root@localhost'? [Y]es/[N]o/Ne[v]er (default No): v
Fetching global names for auto-completion... Press ^C to stop.
Your MySQL connection id is 11
Server version: 8.0.31 MySQL Community Server - GPL
No default schema selected; type \use <schema> to set one.
 MySQL  localhost:3306 ssl  SQL > show databases;
+---------------------------+
| Database                  |
+---------------------------+
| agencia                   |
| company                   |
| evaluacion_1              |
| evaluacion_2              |
| information_schema        |
| mysql                     |
| orders_2_esto_es_personal |
| performance_schema        |
| sakila                    |
| sys                       |
| world                     |
+---------------------------+
11 rows in set (0.0145 sec)
 MySQL  localhost:3306 ssl  SQL > \use company
Default schema set to `company`.
Fetching global names, object names from `company` for auto-completion... Press ^C to stop.
 MySQL  localhost:3306 ssl  company  SQL > show tables;
+-------------------+
| Tables_in_company |
+-------------------+
| address           |
| employee          |
| projects          |
+-------------------+
3 rows in set (0.0017 sec)
 MySQL  localhost:3306 ssl  company  SQL > desc projects;
+-------------+--------------+------+-----+---------+----------------+
| Field       | Type         | Null | Key | Default | Extra          |
+-------------+--------------+------+-----+---------+----------------+
| ProjectId   | int          | NO   | PRI | NULL    | auto_increment |
| ProjectName | varchar(200) | NO   |     | NULL    |                |
| EmployeeId  | int          | YES  | MUL | NULL    |                |
| StartDate   | datetime     | YES  |     | NULL    |                |
| EndDate     | datetime     | YES  |     | NULL    |                |
+-------------+--------------+------+-----+---------+----------------+
5 rows in set (0.0017 sec)
 MySQL  localhost:3306 ssl  company  SQL > desc employee;
+------------+-------------+------+-----+---------+-------+
| Field      | Type        | Null | Key | Default | Extra |
+------------+-------------+------+-----+---------+-------+
| EmployeeId | int         | NO   | PRI | NULL    |       |
| FullName   | varchar(50) | NO   |     | NULL    |       |
| Technology | varchar(50) | NO   |     | NULL    |       |
| Salary     | float       | NO   |     | NULL    |       |
| Gender     | varchar(50) | NO   |     | NULL    |       |
| Age        | int         | NO   |     | NULL    |       |
+------------+-------------+------+-----+---------+-------+
6 rows in set (0.0029 sec)
 MySQL  localhost:3306 ssl  company  SQL > select a.projectname, b.fullname from projects a
                                        -> inner join employee b on a.employeeid = b.employeeid;
+--------------------------------------------+-------------------+
| projectname                                | fullname          |
+--------------------------------------------+-------------------+
| Develop Ecommerse Website from scratch     | James Brown       |
| WordPress Website for our company          | Mary Smith        |
| Manage our Company Servers                 | Priyanla Dewangan |
| Hosting account is not working             | Pranaya Kumar     |
| MySQL database from my desktop application | Hina Sharma       |
| Android Application development            | Mike Walker       |
| Hosting account is not working             | John Doe          |
| MySQL database from my desktop application | Sambit Mohanty    |
+--------------------------------------------+-------------------+
8 rows in set (0.0018 sec)
 MySQL  localhost:3306 ssl  company  SQL > select a.projectname, b.fullname from projects a left join employee b on a.employeeid = b.employeeid;
+------------------------------------------------------+-------------------+
| projectname                                          | fullname          |
+------------------------------------------------------+-------------------+
| Develop Ecommerse Website from scratch               | James Brown       |
| WordPress Website for our company                    | Mary Smith        |
| Manage our Company Servers                           | Priyanla Dewangan |
| Hosting account is not working                       | Pranaya Kumar     |
| MySQL database from my desktop application           | Hina Sharma       |
| Develop new WordPress plugin for my business website | NULL              |
| Migrate web application and database to new server   | NULL              |
| Android Application development                      | Mike Walker       |
| Hosting account is not working                       | John Doe          |
| MySQL database from my desktop application           | Sambit Mohanty    |
| Develop new WordPress plugin for my business website | NULL              |
+------------------------------------------------------+-------------------+
11 rows in set (0.0009 sec)
 MySQL  localhost:3306 ssl  company  SQL > select a.projectname, b.fullname from projects a left join employee b on b.fullname is not null;
+------------------------------------------------------+-------------------+
| projectname                                          | fullname          |
+------------------------------------------------------+-------------------+
| Develop Ecommerse Website from scratch               | Hina Sharma       |
| Develop Ecommerse Website from scratch               | Pranaya Kumar     |
| Develop Ecommerse Website from scratch               | Sambit Mohanty    |
| Develop Ecommerse Website from scratch               | Priyanla Dewangan |
| Develop Ecommerse Website from scratch               | Anurag Mohanty    |
| Develop Ecommerse Website from scratch               | Linda Jones       |
| Develop Ecommerse Website from scratch               | Mike Walker       |
| Develop Ecommerse Website from scratch               | James Brown       |
| Develop Ecommerse Website from scratch               | Mary Smith        |
| Develop Ecommerse Website from scratch               | John Doe          |
| WordPress Website for our company                    | Hina Sharma       |
| WordPress Website for our company                    | Pranaya Kumar     |
| WordPress Website for our company                    | Sambit Mohanty    |
| WordPress Website for our company                    | Priyanla Dewangan |
| WordPress Website for our company                    | Anurag Mohanty    |
| WordPress Website for our company                    | Linda Jones       |
| WordPress Website for our company                    | Mike Walker       |
| WordPress Website for our company                    | James Brown       |
| WordPress Website for our company                    | Mary Smith        |
| WordPress Website for our company                    | John Doe          |
| Manage our Company Servers                           | Hina Sharma       |
| Manage our Company Servers                           | Pranaya Kumar     |
| Manage our Company Servers                           | Sambit Mohanty    |
| Manage our Company Servers                           | Priyanla Dewangan |
| Manage our Company Servers                           | Anurag Mohanty    |
| Manage our Company Servers                           | Linda Jones       |
| Manage our Company Servers                           | Mike Walker       |
| Manage our Company Servers                           | James Brown       |
| Manage our Company Servers                           | Mary Smith        |
| Manage our Company Servers                           | John Doe          |
| Hosting account is not working                       | Hina Sharma       |
| Hosting account is not working                       | Pranaya Kumar     |
| Hosting account is not working                       | Sambit Mohanty    |
| Hosting account is not working                       | Priyanla Dewangan |
| Hosting account is not working                       | Anurag Mohanty    |
| Hosting account is not working                       | Linda Jones       |
| Hosting account is not working                       | Mike Walker       |
| Hosting account is not working                       | James Brown       |
| Hosting account is not working                       | Mary Smith        |
| Hosting account is not working                       | John Doe          |
| MySQL database from my desktop application           | Hina Sharma       |
| MySQL database from my desktop application           | Pranaya Kumar     |
| MySQL database from my desktop application           | Sambit Mohanty    |
| MySQL database from my desktop application           | Priyanla Dewangan |
| MySQL database from my desktop application           | Anurag Mohanty    |
| MySQL database from my desktop application           | Linda Jones       |
| MySQL database from my desktop application           | Mike Walker       |
| MySQL database from my desktop application           | James Brown       |
| MySQL database from my desktop application           | Mary Smith        |
| MySQL database from my desktop application           | John Doe          |
| Develop new WordPress plugin for my business website | Hina Sharma       |
| Develop new WordPress plugin for my business website | Pranaya Kumar     |
| Develop new WordPress plugin for my business website | Sambit Mohanty    |
| Develop new WordPress plugin for my business website | Priyanla Dewangan |
| Develop new WordPress plugin for my business website | Anurag Mohanty    |
| Develop new WordPress plugin for my business website | Linda Jones       |
| Develop new WordPress plugin for my business website | Mike Walker       |
| Develop new WordPress plugin for my business website | James Brown       |
| Develop new WordPress plugin for my business website | Mary Smith        |
| Develop new WordPress plugin for my business website | John Doe          |
| Migrate web application and database to new server   | Hina Sharma       |
| Migrate web application and database to new server   | Pranaya Kumar     |
| Migrate web application and database to new server   | Sambit Mohanty    |
| Migrate web application and database to new server   | Priyanla Dewangan |
| Migrate web application and database to new server   | Anurag Mohanty    |
| Migrate web application and database to new server   | Linda Jones       |
| Migrate web application and database to new server   | Mike Walker       |
| Migrate web application and database to new server   | James Brown       |
| Migrate web application and database to new server   | Mary Smith        |
| Migrate web application and database to new server   | John Doe          |
| Android Application development                      | Hina Sharma       |
| Android Application development                      | Pranaya Kumar     |
| Android Application development                      | Sambit Mohanty    |
| Android Application development                      | Priyanla Dewangan |
| Android Application development                      | Anurag Mohanty    |
| Android Application development                      | Linda Jones       |
| Android Application development                      | Mike Walker       |
| Android Application development                      | James Brown       |
| Android Application development                      | Mary Smith        |
| Android Application development                      | John Doe          |
| Hosting account is not working                       | Hina Sharma       |
| Hosting account is not working                       | Pranaya Kumar     |
| Hosting account is not working                       | Sambit Mohanty    |
| Hosting account is not working                       | Priyanla Dewangan |
| Hosting account is not working                       | Anurag Mohanty    |
| Hosting account is not working                       | Linda Jones       |
| Hosting account is not working                       | Mike Walker       |
| Hosting account is not working                       | James Brown       |
| Hosting account is not working                       | Mary Smith        |
| Hosting account is not working                       | John Doe          |
| MySQL database from my desktop application           | Hina Sharma       |
| MySQL database from my desktop application           | Pranaya Kumar     |
| MySQL database from my desktop application           | Sambit Mohanty    |
| MySQL database from my desktop application           | Priyanla Dewangan |
| MySQL database from my desktop application           | Anurag Mohanty    |
| MySQL database from my desktop application           | Linda Jones       |
| MySQL database from my desktop application           | Mike Walker       |
| MySQL database from my desktop application           | James Brown       |
| MySQL database from my desktop application           | Mary Smith        |
| MySQL database from my desktop application           | John Doe          |
| Develop new WordPress plugin for my business website | Hina Sharma       |
| Develop new WordPress plugin for my business website | Pranaya Kumar     |
| Develop new WordPress plugin for my business website | Sambit Mohanty    |
| Develop new WordPress plugin for my business website | Priyanla Dewangan |
| Develop new WordPress plugin for my business website | Anurag Mohanty    |
| Develop new WordPress plugin for my business website | Linda Jones       |
| Develop new WordPress plugin for my business website | Mike Walker       |
| Develop new WordPress plugin for my business website | James Brown       |
| Develop new WordPress plugin for my business website | Mary Smith        |
| Develop new WordPress plugin for my business website | John Doe          |
+------------------------------------------------------+-------------------+
110 rows in set (0.0016 sec)
 MySQL  localhost:3306 ssl  company  SQL > select a.projectname, b.fullname from projects a
                                        -> right join employee b ^C
 MySQL  localhost:3306 ssl  company  SQL > CREATE DATABASE Comp2;
Query OK, 1 row affected (0.0167 sec)
 MySQL  localhost:3306 ssl  company  SQL > USE Comp2;
Default schema set to `Comp2`.
Fetching global names, object names from `comp2` for auto-completion... Press ^C to stop.
 MySQL  localhost:3306 ssl  comp2  SQL > DROP TABLE IF EXISTS countries;
Query OK, 0 rows affected, 1 warning (0.0092 sec)
Note (code 1051): Unknown table 'comp2.countries'
 MySQL  localhost:3306 ssl  comp2  SQL > CREATE TABLE countries (
                                      ->   COUNTRY_ID varchar(2) NOT NULL,
                                      ->   COUNTRY_NAME varchar(40) DEFAULT NULL,
                                      ->   REGION_ID decimal(10,0) DEFAULT NULL,
                                      ->   PRIMARY KEY (COUNTRY_ID),
                                      ->   KEY COUNTR_REG_FK (REGION_ID)
                                      -> );
Query OK, 0 rows affected (0.0418 sec)
 MySQL  localhost:3306 ssl  comp2  SQL > INSERT INTO countries
                                      -> VALUES ('AR','Argentina',2),
                                      -> ('AU','Australia',3),
                                      -> ('BE','Belgium',1),
                                      -> ('BR','Brazil',2),
                                      -> ('CA','Canada',2),
                                      -> ('CH','Switzerland',1),
                                      -> ('CN','China',3),
                                      -> ('DE','Germany',1),
                                      -> ('DK','Denmark',1),
                                      -> ('EG','Egypt',4),
                                      -> ('FR','France',1),
                                      -> ('HK','HongKong',3),
                                      -> ('IL','Israel',4),
                                      -> ('IN','India',3),
                                      -> ('IT','Italy',1),
                                      -> ('JP','Japan',3),
                                      -> ('KW','Kuwait',4),
                                      -> ('MX','Mexico',2),
                                      -> ('NG','Nigeria',4),
                                      -> ('NL','Netherlands',1),
                                      -> ('SG','Singapore',3),
                                      -> ('UK','United Kingdom',1),
                                      -> ('US','United States of America',2),
                                      -> ('ZM','Zambia',4),
                                      -> ('ZW','Zimbabwe',4);
Query OK, 25 rows affected (0.0215 sec)

Records: 25  Duplicates: 0  Warnings: 0
 MySQL  localhost:3306 ssl  comp2  SQL > DROP TABLE IF EXISTS departments;
Query OK, 0 rows affected, 1 warning (0.0039 sec)
Note (code 1051): Unknown table 'comp2.departments'
 MySQL  localhost:3306 ssl  comp2  SQL > CREATE TABLE departments (
                                      ->   DEPARTMENT_ID decimal(4,0) NOT NULL DEFAULT '0',
                                      ->   DEPARTMENT_NAME varchar(30) NOT NULL,
                                      ->   MANAGER_ID decimal(6,0) DEFAULT NULL,
                                      ->   LOCATION_ID decimal(4,0) DEFAULT NULL,
                                      ->   PRIMARY KEY (DEPARTMENT_ID),
                                      ->   KEY DEPT_MGR_FK (MANAGER_ID),
                                      ->   KEY DEPT_LOCATION_IX (LOCATION_ID)
                                      -> );
Query OK, 0 rows affected (0.0358 sec)
 MySQL  localhost:3306 ssl  comp2  SQL > INSERT INTO departments
                                      -> VALUES (10,'Administration',200,1700),
                                      -> (20,'Marketing',201,1800),
                                      -> (30,'Purchasing',114,1700),
                                      -> (40,'Human Resources',203,2400),
                                      -> (50,'Shipping',121,1500),
                                      -> (60,'IT',103,1400),
                                      -> (70,'Public Relations',204,2700),
                                      -> (80,'Sales',145,2500),
                                      -> (90,'Executive',100,1700),
                                      -> (100,'Finance',108,1700),
                                      -> (110,'Accounting',205,1700),
                                      -> (120,'Treasury',0,1700),
                                      -> (130,'Corporate Tax',0,1700),
                                      -> (140,'Control And Credit',0,1700),
                                      -> (150,'Shareholder Services',0,1700),
                                      -> (160,'Benefits',0,1700),
                                      -> (170,'Manufacturing',0,1700),
                                      -> (180,'Construction',0,1700),
                                      -> (190,'Contracting',0,1700),
                                      -> (200,'Operations',0,1700),
                                      -> (210,'IT Support',0,1700),
                                      -> (220,'NOC',0,1700),
                                      -> (230,'IT Helpdesk',0,1700),
                                      -> (240,'Government Sales',0,1700),
                                      -> (250,'Retail Sales',0,1700),
                                      -> (260,'Recruiting',0,1700),
                                      -> (270,'Payroll',0,1700);
Query OK, 27 rows affected (0.0155 sec)

Records: 27  Duplicates: 0  Warnings: 0
 MySQL  localhost:3306 ssl  comp2  SQL > DROP TABLE IF EXISTS employees;
Query OK, 0 rows affected, 1 warning (0.0041 sec)
Note (code 1051): Unknown table 'comp2.employees'
 MySQL  localhost:3306 ssl  comp2  SQL > CREATE TABLE employees (
                                      ->   EMPLOYEE_ID decimal(6,0) NOT NULL DEFAULT '0',
                                      ->   FIRST_NAME varchar(20) DEFAULT NULL,
                                      ->   LAST_NAME varchar(25) NOT NULL,
                                      ->   EMAIL varchar(25) NOT NULL,
                                      ->   PHONE_NUMBER varchar(20) DEFAULT NULL,
                                      ->   HIRE_DATE date NOT NULL,
                                      ->   JOB_ID varchar(10) NOT NULL,
                                      ->   SALARY decimal(8,2) DEFAULT NULL,
                                      ->   COMMISSION_PCT decimal(2,2) DEFAULT NULL,
                                      ->   MANAGER_ID decimal(6,0) DEFAULT NULL,
                                      ->   DEPARTMENT_ID decimal(4,0) DEFAULT NULL,
                                      ->   PRIMARY KEY (EMPLOYEE_ID),
                                      ->   UNIQUE KEY EMP_EMAIL_UK (EMAIL),
                                      ->   KEY EMP_DEPARTMENT_IX (DEPARTMENT_ID),
                                      ->   KEY EMP_JOB_IX (JOB_ID),
                                      ->   KEY EMP_MANAGER_IX (MANAGER_ID),
                                      ->   KEY EMP_NAME_IX (LAST_NAME,FIRST_NAME)
                                      -> );
Query OK, 0 rows affected (0.0326 sec)
 MySQL  localhost:3306 ssl  comp2  SQL > INSERT INTO employees
                                      -> VALUES (100,'Steven','King','SKING','515.123.4567','1987-06-17','AD_PRES',24000.00,0.00,0,90),
                                      -> (101,'Neena','Kochhar','NKOCHHAR','515.123.4568','1987-06-18','AD_VP',17000.00,0.00,100,90),

                                      -> (102,'Lex','De Haan','LDEHAAN','515.123.4569','1987-06-19','AD_VP',17000.00,0.00,100,90),
                                      -> (103,'Alexander','Hunold','AHUNOLD','590.423.4567','1987-06-20','IT_PROG',9000.00,0.00,102,60),
                                      -> (104,'Bruce','Ernst','BERNST','590.423.4568','1987-06-21','IT_PROG',6000.00,0.00,103,60),
                                      -> (105,'David','Austin','DAUSTIN','590.423.4569','1987-06-22','IT_PROG',4800.00,0.00,103,60),
                                      -> (106,'Valli','Pataballa','VPATABAL','590.423.4560','1987-06-23','IT_PROG',4800.00,0.00,103,60),
                                      -> (107,'Diana','Lorentz','DLORENTZ','590.423.5567','1987-06-24','IT_PROG',4200.00,0.00,103,60),
                                      -> (108,'Nancy','Greenberg','NGREENBE','515.124.4569','1987-06-25','FI_MGR',12000.00,0.00,101,100),
                                      -> (109,'Daniel','Faviet','DFAVIET','515.124.4169','1987-06-26','FI_ACCOUNT',9000.00,0.00,108,100),
                                      -> (110,'John','Chen','JCHEN','515.124.4269','1987-06-27','FI_ACCOUNT',8200.00,0.00,108,100),
                                      -> (111,'Ismael','Sciarra','ISCIARRA','515.124.4369','1987-06-28','FI_ACCOUNT',7700.00,0.00,108,100),
                                      -> (112,'Jose Manuel','Urman','JMURMAN','515.124.4469','1987-06-29','FI_ACCOUNT',7800.00,0.00,108,100),
                                      -> (113,'Luis','Popp','LPOPP','515.124.4567','1987-06-30','FI_ACCOUNT',6900.00,0.00,108,100),
                                      -> (114,'Den','Raphaely','DRAPHEAL','515.127.4561','1987-07-01','PU_MAN',11000.00,0.00,100,30),

                                      -> (115,'Alexander','Khoo','AKHOO','515.127.4562','1987-07-02','PU_CLERK',3100.00,0.00,114,30),

                                      -> (116,'Shelli','Baida','SBAIDA','515.127.4563','1987-07-03','PU_CLERK',2900.00,0.00,114,30),
                                      -> (117,'Sigal','Tobias','STOBIAS','515.127.4564','1987-07-04','PU_CLERK',2800.00,0.00,114,30),

                                      -> (118,'Guy','Himuro','GHIMURO','515.127.4565','1987-07-05','PU_CLERK',2600.00,0.00,114,30),
                                      -> (119,'Karen','Colmenares','KCOLMENA','515.127.4566','1987-07-06','PU_CLERK',2500.00,0.00,114,30),
                                      -> (120,'Matthew','Weiss','MWEISS','650.123.1234','1987-07-07','ST_MAN',8000.00,0.00,100,50),
                                      -> (121,'Adam','Fripp','AFRIPP','650.123.2234','1987-07-08','ST_MAN',8200.00,0.00,100,50),
                                      -> (122,'Payam','Kaufling','PKAUFLIN','650.123.3234','1987-07-09','ST_MAN',7900.00,0.00,100,50),
                                      -> (123,'Shanta','Vollman','SVOLLMAN','650.123.4234','1987-07-10','ST_MAN',6500.00,0.00,100,50),
                                      -> (124,'Kevin','Mourgos','KMOURGOS','650.123.5234','1987-07-11','ST_MAN',5800.00,0.00,100,50),

                                      -> (125,'Julia','Nayer','JNAYER','650.124.1214','1987-07-12','ST_CLERK',3200.00,0.00,120,50),
                                      -> (126,'Irene','Mikkilineni','IMIKKILI','650.124.1224','1987-07-13','ST_CLERK',2700.00,0.00,120,50),
                                      -> (127,'James','Landry','JLANDRY','650.124.1334','1987-07-14','ST_CLERK',2400.00,0.00,120,50),

                                      -> (128,'Steven','Markle','SMARKLE','650.124.1434','1987-07-15','ST_CLERK',2200.00,0.00,120,50),
                                      -> (129,'Laura','Bissot','LBISSOT','650.124.5234','1987-07-16','ST_CLERK',3300.00,0.00,121,50),

                                      -> (130,'Mozhe','Atkinson','MATKINSO','650.124.6234','1987-07-17','ST_CLERK',2800.00,0.00,121,50),
                                      -> (131,'James','Marlow','JAMRLOW','650.124.7234','1987-07-18','ST_CLERK',2500.00,0.00,121,50),

                                      -> (132,'TJ','Olson','TJOLSON','650.124.8234','1987-07-19','ST_CLERK',2100.00,0.00,121,50),
                                      -> (133,'Jason','Mallin','JMALLIN','650.127.1934','1987-07-20','ST_CLERK',3300.00,0.00,122,50),

                                      -> (134,'Michael','Rogers','MROGERS','650.127.1834','1987-07-21','ST_CLERK',2900.00,0.00,122,50),
                                      -> (135,'Ki','Gee','KGEE','650.127.1734','1987-07-22','ST_CLERK',2400.00,0.00,122,50),
                                      -> (136,'Hazel','Philtanker','HPHILTAN','650.127.1634','1987-07-23','ST_CLERK',2200.00,0.00,122,50),
                                      -> (137,'Renske','Ladwig','RLADWIG','650.121.1234','1987-07-24','ST_CLERK',3600.00,0.00,123,50),
                                      -> (138,'Stephen','Stiles','SSTILES','650.121.2034','1987-07-25','ST_CLERK',3200.00,0.00,123,50),
                                      -> (139,'John','Seo','JSEO','650.121.2019','1987-07-26','ST_CLERK',2700.00,0.00,123,50),
                                      -> (140,'Joshua','Patel','JPATEL','650.121.1834','1987-07-27','ST_CLERK',2500.00,0.00,123,50),
                                      -> (141,'Trenna','Rajs','TRAJS','650.121.8009','1987-07-28','ST_CLERK',3500.00,0.00,124,50),
                                      -> (142,'Curtis','Davies','CDAVIES','650.121.2994','1987-07-29','ST_CLERK',3100.00,0.00,124,50),
                                      -> (143,'Randall','Matos','RMATOS','650.121.2874','1987-07-30','ST_CLERK',2600.00,0.00,124,50),

                                      -> (144,'Peter','Vargas','PVARGAS','650.121.2004','1987-07-31','ST_CLERK',2500.00,0.00,124,50),

                                      -> (145,'John','Russell','JRUSSEL','011.44.1344.429268','1987-08-01','SA_MAN',14000.00,0.40,100,80),
                                      -> (146,'Karen','Partners','KPARTNER','011.44.1344.467268','1987-08-02','SA_MAN',13500.00,0.30,100,80),
                                      -> (147,'Alberto','Errazuriz','AERRAZUR','011.44.1344.429278','1987-08-03','SA_MAN',12000.00,0.30,100,80),
                                      -> (148,'Gerald','Cambrault','GCAMBRAU','011.44.1344.619268','1987-08-04','SA_MAN',11000.00,0.30,100,80),
                                      -> (149,'Eleni','Zlotkey','EZLOTKEY','011.44.1344.429018','1987-08-05','SA_MAN',10500.00,0.20,100,80),
                                      -> (150,'Peter','Tucker','PTUCKER','011.44.1344.129268','1987-08-06','SA_REP',10000.00,0.30,145,80),
                                      -> (151,'David','Bernstein','DBERNSTE','011.44.1344.345268','1987-08-07','SA_REP',9500.00,0.25,145,80),
                                      -> (152,'Peter','Hall','PHALL','011.44.1344.478968','1987-08-08','SA_REP',9000.00,0.25,145,80),

                                      -> (153,'Christopher','Olsen','COLSEN','011.44.1344.498718','1987-08-09','SA_REP',8000.00,0.20,145,80),
                                      -> (154,'Nanette','Cambrault','NCAMBRAU','011.44.1344.987668','1987-08-10','SA_REP',7500.00,0.20,145,80),
                                      -> (155,'Oliver','Tuvault','OTUVAULT','011.44.1344.486508','1987-08-11','SA_REP',7000.00,0.15,145,80),
                                      -> (156,'Janette','King','JKING','011.44.1345.429268','1987-08-12','SA_REP',10000.00,0.35,146,80),
                                      -> (157,'Patrick','Sully','PSULLY','011.44.1345.929268','1987-08-13','SA_REP',9500.00,0.35,146,80),
                                      -> (158,'Allan','McEwen','AMCEWEN','011.44.1345.829268','1987-08-14','SA_REP',9000.00,0.35,146,80),
                                      -> (159,'Lindsey','Smith','LSMITH','011.44.1345.729268','1987-08-15','SA_REP',8000.00,0.30,146,80),
                                      -> (160,'Louise','Doran','LDORAN','011.44.1345.629268','1987-08-16','SA_REP',7500.00,0.30,146,80),
                                      -> (161,'Sarath','Sewall','SSEWALL','011.44.1345.529268','1987-08-17','SA_REP',7000.00,0.25,146,80),
                                      -> (162,'Clara','Vishney','CVISHNEY','011.44.1346.129268','1987-08-18','SA_REP',10500.00,0.25,147,80),
                                      -> (163,'Danielle','Greene','DGREENE','011.44.1346.229268','1987-08-19','SA_REP',9500.00,0.15,147,80),
                                      -> (164,'Mattea','Marvins','MMARVINS','011.44.1346.329268','1987-08-20','SA_REP',7200.00,0.10,147,80),
                                      -> (165,'David','Lee','DLEE','011.44.1346.529268','1987-08-21','SA_REP',6800.00,0.10,147,80),
                                      -> (166,'Sundar','Ande','SANDE','011.44.1346.629268','1987-08-22','SA_REP',6400.00,0.10,147,80),
                                      -> (167,'Amit','Banda','ABANDA','011.44.1346.729268','1987-08-23','SA_REP',6200.00,0.10,147,80),
                                      -> (168,'Lisa','Ozer','LOZER','011.44.1343.929268','1987-08-24','SA_REP',11500.00,0.25,148,80),

                                      -> (169,'Harrison','Bloom','HBLOOM','011.44.1343.829268','1987-08-25','SA_REP',10000.00,0.20,148,80),
                                      -> (170,'Tayler','Fox','TFOX','011.44.1343.729268','1987-08-26','SA_REP',9600.00,0.20,148,80),
                                      -> (171,'William','Smith','WSMITH','011.44.1343.629268','1987-08-27','SA_REP',7400.00,0.15,148,80),
                                      -> (172,'Elizabeth','Bates','EBATES','011.44.1343.529268','1987-08-28','SA_REP',7300.00,0.15,148,80),
                                      -> (173,'Sundita','Kumar','SKUMAR','011.44.1343.329268','1987-08-29','SA_REP',6100.00,0.10,148,80),
                                      -> (174,'Ellen','Abel','EABEL','011.44.1644.429267','1987-08-30','SA_REP',11000.00,0.30,149,80),
                                      -> (175,'Alyssa','Hutton','AHUTTON','011.44.1644.429266','1987-08-31','SA_REP',8800.00,0.25,149,80),
                                      -> (176,'Jonathon','Taylor','JTAYLOR','011.44.1644.429265','1987-09-01','SA_REP',8600.00,0.20,149,80),
                                      -> (177,'Jack','Livingston','JLIVINGS','011.44.1644.429264','1987-09-02','SA_REP',8400.00,0.20,149,80),
                                      -> (178,'Kimberely','Grant','KGRANT','011.44.1644.429263','1987-09-03','SA_REP',7000.00,0.15,149,0),
                                      -> (179,'Charles','Johnson','CJOHNSON','011.44.1644.429262','1987-09-04','SA_REP',6200.00,0.10,149,80),
                                      -> (180,'Winston','Taylor','WTAYLOR','650.507.9876','1987-09-05','SH_CLERK',3200.00,0.00,120,50),
                                      -> (181,'Jean','Fleaur','JFLEAUR','650.507.9877','1987-09-06','SH_CLERK',3100.00,0.00,120,50),
                                      -> (182,'Martha','Sullivan','MSULLIVA','650.507.9878','1987-09-07','SH_CLERK',2500.00,0.00,120,50),
                                      -> (183,'Girard','Geoni','GGEONI','650.507.9879','1987-09-08','SH_CLERK',2800.00,0.00,120,50),
                                      -> (184,'Nandita','Sarchand','NSARCHAN','650.509.1876','1987-09-09','SH_CLERK',4200.00,0.00,121,50),
                                      -> (185,'Alexis','Bull','ABULL','650.509.2876','1987-09-10','SH_CLERK',4100.00,0.00,121,50),
                                      -> (186,'Julia','Dellinger','JDELLING','650.509.3876','1987-09-11','SH_CLERK',3400.00,0.00,121,50),
                                      -> (187,'Anthony','Cabrio','ACABRIO','650.509.4876','1987-09-12','SH_CLERK',3000.00,0.00,121,50),
                                      -> (188,'Kelly','Chung','KCHUNG','650.505.1876','1987-09-13','SH_CLERK',3800.00,0.00,122,50),
                                      -> (189,'Jennifer','Dilly','JDILLY','650.505.2876','1987-09-14','SH_CLERK',3600.00,0.00,122,50),
                                      -> (190,'Timothy','Gates','TGATES','650.505.3876','1987-09-15','SH_CLERK',2900.00,0.00,122,50),

                                      -> (191,'Randall','Perkins','RPERKINS','650.505.4876','1987-09-16','SH_CLERK',2500.00,0.00,122,50),
                                      -> (192,'Sarah','Bell','SBELL','650.501.1876','1987-09-17','SH_CLERK',4000.00,0.00,123,50),
                                      -> (193,'Britney','Everett','BEVERETT','650.501.2876','1987-09-18','SH_CLERK',3900.00,0.00,123,50),
                                      -> (194,'Samuel','McCain','SMCCAIN','650.501.3876','1987-09-19','SH_CLERK',3200.00,0.00,123,50),
                                      -> (195,'Vance','Jones','VJONES','650.501.4876','1987-09-20','SH_CLERK',2800.00,0.00,123,50),
                                      -> (196,'Alana','Walsh','AWALSH','650.507.9811','1987-09-21','SH_CLERK',3100.00,0.00,124,50),
                                      -> (197,'Kevin','Feeney','KFEENEY','650.507.9822','1987-09-22','SH_CLERK',3000.00,0.00,124,50),

                                      -> (198,'Donald','OConnell','DOCONNEL','650.507.9833','1987-09-23','SH_CLERK',2600.00,0.00,124,50),
                                      -> (199,'Douglas','Grant','DGRANT','650.507.9844','1987-09-24','SH_CLERK',2600.00,0.00,124,50),

                                      -> (200,'Jennifer','Whalen','JWHALEN','515.123.4444','1987-09-25','AD_ASST',4400.00,0.00,101,10),
                                      -> (201,'Michael','Hartstein','MHARTSTE','515.123.5555','1987-09-26','MK_MAN',13000.00,0.00,100,20),
                                      -> (202,'Pat','Fay','PFAY','603.123.6666','1987-09-27','MK_REP',6000.00,0.00,201,20),
                                      -> (203,'Susan','Mavris','SMAVRIS','515.123.7777','1987-09-28','HR_REP',6500.00,0.00,101,40),
                                      -> (204,'Hermann','Baer','HBAER','515.123.8888','1987-09-29','PR_REP',10000.00,0.00,101,70),
                                      -> (205,'Shelley','Higgins','SHIGGINS','515.123.8080','1987-09-30','AC_MGR',12000.00,0.00,101,110),
                                      -> (206,'William','Gietz','WGIETZ','515.123.8181','1987-10-01','AC_ACCOUNT',8300.00,0.00,205,110);
Query OK, 107 rows affected (0.0272 sec)

Records: 107  Duplicates: 0  Warnings: 0
 MySQL  localhost:3306 ssl  comp2  SQL > DROP TABLE IF EXISTS job_history;
Query OK, 0 rows affected, 1 warning (0.0035 sec)
Note (code 1051): Unknown table 'comp2.job_history'
 MySQL  localhost:3306 ssl  comp2  SQL > CREATE TABLE job_history (
                                      ->   EMPLOYEE_ID decimal(6,0) NOT NULL,
                                      ->   START_DATE date NOT NULL,
                                      ->   END_DATE date NOT NULL,
                                      ->   JOB_ID varchar(10) NOT NULL,
                                      ->   DEPARTMENT_ID decimal(4,0) DEFAULT NULL,
                                      ->   PRIMARY KEY (EMPLOYEE_ID,START_DATE),
                                      ->   KEY JHIST_DEPARTMENT_IX (DEPARTMENT_ID),
                                      ->   KEY JHIST_EMPLOYEE_IX (EMPLOYEE_ID),
                                      ->   KEY JHIST_JOB_IX (JOB_ID)
                                      -> );
Query OK, 0 rows affected (0.0289 sec)
 MySQL  localhost:3306 ssl  comp2  SQL > INSERT INTO job_history
                                      -> VALUES (102,'1993-01-13','1998-07-24','IT_PROG',60),
                                      -> (101,'1989-09-21','1993-10-27','AC_ACCOUNT',110),
                                      -> (101,'1993-10-28','1997-03-15','AC_MGR',110),
                                      -> (201,'1996-02-17','1999-12-19','MK_REP',20),
                                      -> (114,'1998-03-24','1999-12-31','ST_CLERK',50),
                                      -> (122,'1999-01-01','1999-12-31','ST_CLERK',50),
                                      -> (200,'1987-09-17','1993-06-17','AD_ASST',90),
                                      -> (176,'1998-03-24','1998-12-31','SA_REP',80),
                                      -> (176,'1999-01-01','1999-12-31','SA_MAN',80),
                                      -> (200,'1994-07-01','1998-12-31','AC_ACCOUNT',90);
Query OK, 10 rows affected (0.0148 sec)

Records: 10  Duplicates: 0  Warnings: 0
 MySQL  localhost:3306 ssl  comp2  SQL > DROP TABLE IF EXISTS jobs;
Query OK, 0 rows affected, 1 warning (0.0030 sec)
Note (code 1051): Unknown table 'comp2.jobs'
 MySQL  localhost:3306 ssl  comp2  SQL > CREATE TABLE jobs (
                                      ->   JOB_ID varchar(10) NOT NULL DEFAULT '',
                                      ->   JOB_TITLE varchar(35) NOT NULL,
                                      ->   MIN_SALARY decimal(6,0) DEFAULT NULL,
                                      ->   MAX_SALARY decimal(6,0) DEFAULT NULL,
                                      ->   PRIMARY KEY (JOB_ID)
                                      -> );
Query OK, 0 rows affected (0.0220 sec)
 MySQL  localhost:3306 ssl  comp2  SQL > INSERT INTO jobs VALUES ('AD_PRES','President',20000,40000),
                                      -> ('AD_VP','Administration Vice President',15000,30000),
                                      -> ('AD_ASST','Administration Assistant',3000,6000),
                                      -> ('FI_MGR','Finance Manager',8200,16000),
                                      -> ('FI_ACCOUNT','Accountant',4200,9000),
                                      -> ('AC_MGR','Accounting Manager',8200,16000),
                                      -> ('AC_ACCOUNT','Public Accountant',4200,9000),
                                      -> ('SA_MAN','Sales Manager',10000,20000),
                                      -> ('SA_REP','Sales Representative',6000,12000),
                                      -> ('PU_MAN','Purchasing Manager',8000,15000),
                                      -> ('PU_CLERK','Purchasing Clerk',2500,5500),
                                      -> ('ST_MAN','Stock Manager',5500,8500),
                                      -> ('ST_CLERK','Stock Clerk',2000,5000),
                                      -> ('SH_CLERK','Shipping Clerk',2500,5500),
                                      -> ('IT_PROG','Programmer',4000,10000),
                                      -> ('MK_MAN','Marketing Manager',9000,15000),
                                      -> ('MK_REP','Marketing Representative',4000,9000),
                                      -> ('HR_REP','Human Resources Representative',4000,9000),
                                      -> ('PR_REP','Public Relations Representative',4500,10500);
Query OK, 19 rows affected (0.0170 sec)

Records: 19  Duplicates: 0  Warnings: 0
 MySQL  localhost:3306 ssl  comp2  SQL > DROP TABLE IF EXISTS locations;
Query OK, 0 rows affected, 1 warning (0.0040 sec)
Note (code 1051): Unknown table 'comp2.locations'
 MySQL  localhost:3306 ssl  comp2  SQL > CREATE TABLE locations (
                                      ->   LOCATION_ID decimal(4,0) NOT NULL DEFAULT '0',
                                      ->   STREET_ADDRESS varchar(40) DEFAULT NULL,
                                      ->   POSTAL_CODE varchar(12) DEFAULT NULL,
                                      ->   CITY varchar(30) NOT NULL,
                                      ->   STATE_PROVINCE varchar(25) DEFAULT NULL,
                                      ->   COUNTRY_ID varchar(2) DEFAULT NULL,
                                      ->   PRIMARY KEY (LOCATION_ID),
                                      ->   KEY LOC_CITY_IX (CITY),
                                      ->   KEY LOC_COUNTRY_IX (COUNTRY_ID),
                                      ->   KEY LOC_STATE_PROVINCE_IX (STATE_PROVINCE)
                                      -> );
Query OK, 0 rows affected (0.0460 sec)
 MySQL  localhost:3306 ssl  comp2  SQL > INSERT INTO locations
                                      -> VALUES (1000,'1297 Via Cola di Rie','989','Roma','','IT'),
                                      -> (1100,'93091 Calle della Testa','10934','Venice','','IT'),
                                      -> (1200,'2017 Shinjuku-ku','1689','Tokyo','Tokyo Prefecture','JP'),
                                      -> (1300,'9450 Kamiya-cho','6823','Hiroshima','','JP'),
                                      -> (1400,'2014 Jabberwocky Rd','26192','Southlake','Texas','US'),
                                      -> (1500,'2011 Interiors Blvd','99236','South San Francisco','California','US'),
                                      -> (1600,'2007 Zagora St','50090','South Brunswick','New Jersey','US'),
                                      -> (1700,'2004 Charade Rd','98199','Seattle','Washington','US'),
                                      -> (1800,'147 Spadina Ave','M5V 2L7','Toronto','Ontario','CA'),
                                      -> (1900,'6092 Boxwood St','YSW 9T2','Whitehorse','Yukon','CA'),
                                      -> (2000,'40-5-12 Laogianggen','190518','Beijing','','CN'),
                                      -> (2100,'1298 Vileparle (E)','490231','Bombay','Maharashtra','IN'),
                                      -> (2200,'12-98 Victoria Street','2901','Sydney','New South Wales','AU'),
                                      -> (2300,'198 Clementi North','540198','Singapore','','SG'),
                                      -> (2400,'8204 Arthur St','','London','','UK'),
                                      -> (2500,'\"Magdalen Centre',' The Oxford ','OX9 9ZB','Oxford','Ox'),
                                      -> (2600,'9702 Chester Road','9629850293','Stretford','Manchester','UK'),
                                      -> (2700,'Schwanthalerstr. 7031','80925','Munich','Bavaria','DE'),
                                      -> (2800,'Rua Frei Caneca 1360','01307-002','Sao Paulo','Sao Paulo','BR'),
                                      -> (2900,'20 Rue des Corps-Saints','1730','Geneva','Geneve','CH'),
                                      -> (3000,'Murtenstrasse 921','3095','Bern','BE','CH'),
                                      -> (3100,'Pieter Breughelstraat 837','3029SK','Utrecht','Utrecht','NL'),
                                      -> (3200,'Mariano Escobedo 9991','11932','Mexico City','\"Distrito Federal','\"');
Query OK, 23 rows affected (0.0165 sec)

Records: 23  Duplicates: 0  Warnings: 0
 MySQL  localhost:3306 ssl  comp2  SQL > DROP TABLE IF EXISTS regions;
Query OK, 0 rows affected, 1 warning (0.0035 sec)
Note (code 1051): Unknown table 'comp2.regions'
 MySQL  localhost:3306 ssl  comp2  SQL > CREATE TABLE regions (
                                      ->   REGION_ID decimal(5,0) NOT NULL,
                                      ->   REGION_NAME varchar(25) DEFAULT NULL,
                                      ->   PRIMARY KEY (REGION_ID),
                                      ->   UNIQUE KEY sss (REGION_NAME)
                                      -> );
Query OK, 0 rows affected (0.0156 sec)
 MySQL  localhost:3306 ssl  comp2  SQL > INSERT INTO regions
                                      -> VALUES (1,'Europe'),(2,'Americas'),(3,'Asia'),(4,'Middle East and Africa');
Query OK, 4 rows affected (0.0043 sec)

Records: 4  Duplicates: 0  Warnings: 0
 MySQL  localhost:3306 ssl  comp2  SQL > \use comp2
Default schema set to `comp2`.
Fetching global names, object names from `comp2` for auto-completion... Press ^C to stop.
 MySQL  localhost:3306 ssl  comp2  SQL > show tables;
+-----------------+
| Tables_in_comp2 |
+-----------------+
| countries       |
| departments     |
| employees       |
| job_history     |
| jobs            |
| locations       |
| regions         |
+-----------------+
7 rows in set (0.0022 sec)
 MySQL  localhost:3306 ssl  comp2  SQL > desc employee;
ERROR: 1146 (42S02): Table 'comp2.employee' doesn't exist
 MySQL  localhost:3306 ssl  comp2  SQL > desc employees;
+----------------+--------------+------+-----+---------+-------+
| Field          | Type         | Null | Key | Default | Extra |
+----------------+--------------+------+-----+---------+-------+
| EMPLOYEE_ID    | decimal(6,0) | NO   | PRI | 0       |       |
| FIRST_NAME     | varchar(20)  | YES  |     | NULL    |       |
| LAST_NAME      | varchar(25)  | NO   | MUL | NULL    |       |
| EMAIL          | varchar(25)  | NO   | UNI | NULL    |       |
| PHONE_NUMBER   | varchar(20)  | YES  |     | NULL    |       |
| HIRE_DATE      | date         | NO   |     | NULL    |       |
| JOB_ID         | varchar(10)  | NO   | MUL | NULL    |       |
| SALARY         | decimal(8,2) | YES  |     | NULL    |       |
| COMMISSION_PCT | decimal(2,2) | YES  |     | NULL    |       |
| MANAGER_ID     | decimal(6,0) | YES  | MUL | NULL    |       |
| DEPARTMENT_ID  | decimal(4,0) | YES  | MUL | NULL    |       |
+----------------+--------------+------+-----+---------+-------+
11 rows in set (0.0024 sec)
 MySQL  localhost:3306 ssl  comp2  SQL > desc department;
ERROR: 1146 (42S02): Table 'comp2.department' doesn't exist
 MySQL  localhost:3306 ssl  comp2  SQL > desc departments;
+-----------------+--------------+------+-----+---------+-------+
| Field           | Type         | Null | Key | Default | Extra |
+-----------------+--------------+------+-----+---------+-------+
| DEPARTMENT_ID   | decimal(4,0) | NO   | PRI | 0       |       |
| DEPARTMENT_NAME | varchar(30)  | NO   |     | NULL    |       |
| MANAGER_ID      | decimal(6,0) | YES  | MUL | NULL    |       |
| LOCATION_ID     | decimal(4,0) | YES  | MUL | NULL    |       |
+-----------------+--------------+------+-----+---------+-------+
4 rows in set (0.0023 sec)
 MySQL  localhost:3306 ssl  comp2  SQL > select a.department_name, b.first_name, b.last_name from departments
                                      -> inner join employees a on;
ERROR: 1064 (42000): You have an error in your SQL syntax; check the manual that corresponds to your MySQL server version for the right syntax to use near '' at line 2
 MySQL  localhost:3306 ssl  comp2  SQL > select a.department_name, b.first_name, b.last_name from departments a inner join employees b on department id is not null;
ERROR: 1064 (42000): You have an error in your SQL syntax; check the manual that corresponds to your MySQL server version for the right syntax to use near 'id is not null' at line 1
 MySQL  localhost:3306 ssl  comp2  SQL > select a.department_name, b.first_name, b.last_name from departments a inner join employees b on department_id is not null;
ERROR: 1052 (23000): Column 'department_id' in on clause is ambiguous
 MySQL  localhost:3306 ssl  comp2  SQL > select a.department_name, b.first_name, b.last_name from departments a inner join employees b on b.department_id is not null;
+----------------------+-------------+-------------+
| department_name      | first_name  | last_name   |
+----------------------+-------------+-------------+
| Payroll              | Steven      | King        |
| Recruiting           | Steven      | King        |
| Retail Sales         | Steven      | King        |
| Government Sales     | Steven      | King        |
| IT Helpdesk          | Steven      | King        |
| NOC                  | Steven      | King        |
| IT Support           | Steven      | King        |
| Operations           | Steven      | King        |
| Contracting          | Steven      | King        |
| Construction         | Steven      | King        |
| Manufacturing        | Steven      | King        |
| Benefits             | Steven      | King        |
| Shareholder Services | Steven      | King        |
| Control And Credit   | Steven      | King        |
| Corporate Tax        | Steven      | King        |
| Treasury             | Steven      | King        |
| Accounting           | Steven      | King        |
| Finance              | Steven      | King        |
| Executive            | Steven      | King        |
| Sales                | Steven      | King        |
| Public Relations     | Steven      | King        |
| IT                   | Steven      | King        |
| Shipping             | Steven      | King        |
| Human Resources      | Steven      | King        |
| Purchasing           | Steven      | King        |
| Marketing            | Steven      | King        |
| Administration       | Steven      | King        |
| Payroll              | Neena       | Kochhar     |
| Recruiting           | Neena       | Kochhar     |
| Retail Sales         | Neena       | Kochhar     |
| Government Sales     | Neena       | Kochhar     |
| IT Helpdesk          | Neena       | Kochhar     |
| NOC                  | Neena       | Kochhar     |
| IT Support           | Neena       | Kochhar     |
| Operations           | Neena       | Kochhar     |
| Contracting          | Neena       | Kochhar     |
| Construction         | Neena       | Kochhar     |
| Manufacturing        | Neena       | Kochhar     |
| Benefits             | Neena       | Kochhar     |
| Shareholder Services | Neena       | Kochhar     |
| Control And Credit   | Neena       | Kochhar     |
| Corporate Tax        | Neena       | Kochhar     |
| Treasury             | Neena       | Kochhar     |
| Accounting           | Neena       | Kochhar     |
| Finance              | Neena       | Kochhar     |
| Executive            | Neena       | Kochhar     |
| Sales                | Neena       | Kochhar     |
| Public Relations     | Neena       | Kochhar     |
| IT                   | Neena       | Kochhar     |
| Shipping             | Neena       | Kochhar     |
| Human Resources      | Neena       | Kochhar     |
| Purchasing           | Neena       | Kochhar     |
| Marketing            | Neena       | Kochhar     |
| Administration       | Neena       | Kochhar     |
| Payroll              | Lex         | De Haan     |
| Recruiting           | Lex         | De Haan     |
| Retail Sales         | Lex         | De Haan     |
| Government Sales     | Lex         | De Haan     |
| IT Helpdesk          | Lex         | De Haan     |
| NOC                  | Lex         | De Haan     |
| IT Support           | Lex         | De Haan     |
| Operations           | Lex         | De Haan     |
| Contracting          | Lex         | De Haan     |
| Construction         | Lex         | De Haan     |
| Manufacturing        | Lex         | De Haan     |
| Benefits             | Lex         | De Haan     |
| Shareholder Services | Lex         | De Haan     |
| Control And Credit   | Lex         | De Haan     |
| Corporate Tax        | Lex         | De Haan     |
| Treasury             | Lex         | De Haan     |
| Accounting           | Lex         | De Haan     |
| Finance              | Lex         | De Haan     |
| Executive            | Lex         | De Haan     |
| Sales                | Lex         | De Haan     |
| Public Relations     | Lex         | De Haan     |
| IT                   | Lex         | De Haan     |
| Shipping             | Lex         | De Haan     |
| Human Resources      | Lex         | De Haan     |
| Purchasing           | Lex         | De Haan     |
| Marketing            | Lex         | De Haan     |
| Administration       | Lex         | De Haan     |
| Payroll              | Alexander   | Hunold      |
| Recruiting           | Alexander   | Hunold      |
| Retail Sales         | Alexander   | Hunold      |
| Government Sales     | Alexander   | Hunold      |
| IT Helpdesk          | Alexander   | Hunold      |
| NOC                  | Alexander   | Hunold      |
| IT Support           | Alexander   | Hunold      |
| Operations           | Alexander   | Hunold      |
| Contracting          | Alexander   | Hunold      |
| Construction         | Alexander   | Hunold      |
| Manufacturing        | Alexander   | Hunold      |
| Benefits             | Alexander   | Hunold      |
| Shareholder Services | Alexander   | Hunold      |
| Control And Credit   | Alexander   | Hunold      |
| Corporate Tax        | Alexander   | Hunold      |
| Treasury             | Alexander   | Hunold      |
| Accounting           | Alexander   | Hunold      |
| Finance              | Alexander   | Hunold      |
| Executive            | Alexander   | Hunold      |
| Sales                | Alexander   | Hunold      |
| Public Relations     | Alexander   | Hunold      |
| IT                   | Alexander   | Hunold      |
| Shipping             | Alexander   | Hunold      |
| Human Resources      | Alexander   | Hunold      |
| Purchasing           | Alexander   | Hunold      |
| Marketing            | Alexander   | Hunold      |
| Administration       | Alexander   | Hunold      |
| Payroll              | Bruce       | Ernst       |
| Recruiting           | Bruce       | Ernst       |
| Retail Sales         | Bruce       | Ernst       |
| Government Sales     | Bruce       | Ernst       |
| IT Helpdesk          | Bruce       | Ernst       |
| NOC                  | Bruce       | Ernst       |
| IT Support           | Bruce       | Ernst       |
| Operations           | Bruce       | Ernst       |
| Contracting          | Bruce       | Ernst       |
| Construction         | Bruce       | Ernst       |
| Manufacturing        | Bruce       | Ernst       |
| Benefits             | Bruce       | Ernst       |
| Shareholder Services | Bruce       | Ernst       |
| Control And Credit   | Bruce       | Ernst       |
| Corporate Tax        | Bruce       | Ernst       |
| Treasury             | Bruce       | Ernst       |
| Accounting           | Bruce       | Ernst       |
| Finance              | Bruce       | Ernst       |
| Executive            | Bruce       | Ernst       |
| Sales                | Bruce       | Ernst       |
| Public Relations     | Bruce       | Ernst       |
| IT                   | Bruce       | Ernst       |
| Shipping             | Bruce       | Ernst       |
| Human Resources      | Bruce       | Ernst       |
| Purchasing           | Bruce       | Ernst       |
| Marketing            | Bruce       | Ernst       |
| Administration       | Bruce       | Ernst       |
| Payroll              | David       | Austin      |
| Recruiting           | David       | Austin      |
| Retail Sales         | David       | Austin      |
| Government Sales     | David       | Austin      |
| IT Helpdesk          | David       | Austin      |
| NOC                  | David       | Austin      |
| IT Support           | David       | Austin      |
| Operations           | David       | Austin      |
| Contracting          | David       | Austin      |
| Construction         | David       | Austin      |
| Manufacturing        | David       | Austin      |
| Benefits             | David       | Austin      |
| Shareholder Services | David       | Austin      |
| Control And Credit   | David       | Austin      |
| Corporate Tax        | David       | Austin      |
| Treasury             | David       | Austin      |
| Accounting           | David       | Austin      |
| Finance              | David       | Austin      |
| Executive            | David       | Austin      |
| Sales                | David       | Austin      |
| Public Relations     | David       | Austin      |
| IT                   | David       | Austin      |
| Shipping             | David       | Austin      |
| Human Resources      | David       | Austin      |
| Purchasing           | David       | Austin      |
| Marketing            | David       | Austin      |
| Administration       | David       | Austin      |
| Payroll              | Valli       | Pataballa   |
| Recruiting           | Valli       | Pataballa   |
| Retail Sales         | Valli       | Pataballa   |
| Government Sales     | Valli       | Pataballa   |
| IT Helpdesk          | Valli       | Pataballa   |
| NOC                  | Valli       | Pataballa   |
| IT Support           | Valli       | Pataballa   |
| Operations           | Valli       | Pataballa   |
| Contracting          | Valli       | Pataballa   |
| Construction         | Valli       | Pataballa   |
| Manufacturing        | Valli       | Pataballa   |
| Benefits             | Valli       | Pataballa   |
| Shareholder Services | Valli       | Pataballa   |
| Control And Credit   | Valli       | Pataballa   |
| Corporate Tax        | Valli       | Pataballa   |
| Treasury             | Valli       | Pataballa   |
| Accounting           | Valli       | Pataballa   |
| Finance              | Valli       | Pataballa   |
| Executive            | Valli       | Pataballa   |
| Sales                | Valli       | Pataballa   |
| Public Relations     | Valli       | Pataballa   |
| IT                   | Valli       | Pataballa   |
| Shipping             | Valli       | Pataballa   |
| Human Resources      | Valli       | Pataballa   |
| Purchasing           | Valli       | Pataballa   |
| Marketing            | Valli       | Pataballa   |
| Administration       | Valli       | Pataballa   |
| Payroll              | Diana       | Lorentz     |
| Recruiting           | Diana       | Lorentz     |
| Retail Sales         | Diana       | Lorentz     |
| Government Sales     | Diana       | Lorentz     |
| IT Helpdesk          | Diana       | Lorentz     |
| NOC                  | Diana       | Lorentz     |
| IT Support           | Diana       | Lorentz     |
| Operations           | Diana       | Lorentz     |
| Contracting          | Diana       | Lorentz     |
| Construction         | Diana       | Lorentz     |
| Manufacturing        | Diana       | Lorentz     |
| Benefits             | Diana       | Lorentz     |
| Shareholder Services | Diana       | Lorentz     |
| Control And Credit   | Diana       | Lorentz     |
| Corporate Tax        | Diana       | Lorentz     |
| Treasury             | Diana       | Lorentz     |
| Accounting           | Diana       | Lorentz     |
| Finance              | Diana       | Lorentz     |
| Executive            | Diana       | Lorentz     |
| Sales                | Diana       | Lorentz     |
| Public Relations     | Diana       | Lorentz     |
| IT                   | Diana       | Lorentz     |
| Shipping             | Diana       | Lorentz     |
| Human Resources      | Diana       | Lorentz     |
| Purchasing           | Diana       | Lorentz     |
| Marketing            | Diana       | Lorentz     |
| Administration       | Diana       | Lorentz     |
| Payroll              | Nancy       | Greenberg   |
| Recruiting           | Nancy       | Greenberg   |
| Retail Sales         | Nancy       | Greenberg   |
| Government Sales     | Nancy       | Greenberg   |
| IT Helpdesk          | Nancy       | Greenberg   |
| NOC                  | Nancy       | Greenberg   |
| IT Support           | Nancy       | Greenberg   |
| Operations           | Nancy       | Greenberg   |
| Contracting          | Nancy       | Greenberg   |
| Construction         | Nancy       | Greenberg   |
| Manufacturing        | Nancy       | Greenberg   |
| Benefits             | Nancy       | Greenberg   |
| Shareholder Services | Nancy       | Greenberg   |
| Control And Credit   | Nancy       | Greenberg   |
| Corporate Tax        | Nancy       | Greenberg   |
| Treasury             | Nancy       | Greenberg   |
| Accounting           | Nancy       | Greenberg   |
| Finance              | Nancy       | Greenberg   |
| Executive            | Nancy       | Greenberg   |
| Sales                | Nancy       | Greenberg   |
| Public Relations     | Nancy       | Greenberg   |
| IT                   | Nancy       | Greenberg   |
| Shipping             | Nancy       | Greenberg   |
| Human Resources      | Nancy       | Greenberg   |
| Purchasing           | Nancy       | Greenberg   |
| Marketing            | Nancy       | Greenberg   |
| Administration       | Nancy       | Greenberg   |
| Payroll              | Daniel      | Faviet      |
| Recruiting           | Daniel      | Faviet      |
| Retail Sales         | Daniel      | Faviet      |
| Government Sales     | Daniel      | Faviet      |
| IT Helpdesk          | Daniel      | Faviet      |
| NOC                  | Daniel      | Faviet      |
| IT Support           | Daniel      | Faviet      |
| Operations           | Daniel      | Faviet      |
| Contracting          | Daniel      | Faviet      |
| Construction         | Daniel      | Faviet      |
| Manufacturing        | Daniel      | Faviet      |
| Benefits             | Daniel      | Faviet      |
| Shareholder Services | Daniel      | Faviet      |
| Control And Credit   | Daniel      | Faviet      |
| Corporate Tax        | Daniel      | Faviet      |
| Treasury             | Daniel      | Faviet      |
| Accounting           | Daniel      | Faviet      |
| Finance              | Daniel      | Faviet      |
| Executive            | Daniel      | Faviet      |
| Sales                | Daniel      | Faviet      |
| Public Relations     | Daniel      | Faviet      |
| IT                   | Daniel      | Faviet      |
| Shipping             | Daniel      | Faviet      |
| Human Resources      | Daniel      | Faviet      |
| Purchasing           | Daniel      | Faviet      |
| Marketing            | Daniel      | Faviet      |
| Administration       | Daniel      | Faviet      |
| Payroll              | John        | Chen        |
| Recruiting           | John        | Chen        |
| Retail Sales         | John        | Chen        |
| Government Sales     | John        | Chen        |
| IT Helpdesk          | John        | Chen        |
| NOC                  | John        | Chen        |
| IT Support           | John        | Chen        |
| Operations           | John        | Chen        |
| Contracting          | John        | Chen        |
| Construction         | John        | Chen        |
| Manufacturing        | John        | Chen        |
| Benefits             | John        | Chen        |
| Shareholder Services | John        | Chen        |
| Control And Credit   | John        | Chen        |
| Corporate Tax        | John        | Chen        |
| Treasury             | John        | Chen        |
| Accounting           | John        | Chen        |
| Finance              | John        | Chen        |
| Executive            | John        | Chen        |
| Sales                | John        | Chen        |
| Public Relations     | John        | Chen        |
| IT                   | John        | Chen        |
| Shipping             | John        | Chen        |
| Human Resources      | John        | Chen        |
| Purchasing           | John        | Chen        |
| Marketing            | John        | Chen        |
| Administration       | John        | Chen        |
| Payroll              | Ismael      | Sciarra     |
| Recruiting           | Ismael      | Sciarra     |
| Retail Sales         | Ismael      | Sciarra     |
| Government Sales     | Ismael      | Sciarra     |
| IT Helpdesk          | Ismael      | Sciarra     |
| NOC                  | Ismael      | Sciarra     |
| IT Support           | Ismael      | Sciarra     |
| Operations           | Ismael      | Sciarra     |
| Contracting          | Ismael      | Sciarra     |
| Construction         | Ismael      | Sciarra     |
| Manufacturing        | Ismael      | Sciarra     |
| Benefits             | Ismael      | Sciarra     |
| Shareholder Services | Ismael      | Sciarra     |
| Control And Credit   | Ismael      | Sciarra     |
| Corporate Tax        | Ismael      | Sciarra     |
| Treasury             | Ismael      | Sciarra     |
| Accounting           | Ismael      | Sciarra     |
| Finance              | Ismael      | Sciarra     |
| Executive            | Ismael      | Sciarra     |
| Sales                | Ismael      | Sciarra     |
| Public Relations     | Ismael      | Sciarra     |
| IT                   | Ismael      | Sciarra     |
| Shipping             | Ismael      | Sciarra     |
| Human Resources      | Ismael      | Sciarra     |
| Purchasing           | Ismael      | Sciarra     |
| Marketing            | Ismael      | Sciarra     |
| Administration       | Ismael      | Sciarra     |
| Payroll              | Jose Manuel | Urman       |
| Recruiting           | Jose Manuel | Urman       |
| Retail Sales         | Jose Manuel | Urman       |
| Government Sales     | Jose Manuel | Urman       |
| IT Helpdesk          | Jose Manuel | Urman       |
| NOC                  | Jose Manuel | Urman       |
| IT Support           | Jose Manuel | Urman       |
| Operations           | Jose Manuel | Urman       |
| Contracting          | Jose Manuel | Urman       |
| Construction         | Jose Manuel | Urman       |
| Manufacturing        | Jose Manuel | Urman       |
| Benefits             | Jose Manuel | Urman       |
| Shareholder Services | Jose Manuel | Urman       |
| Control And Credit   | Jose Manuel | Urman       |
| Corporate Tax        | Jose Manuel | Urman       |
| Treasury             | Jose Manuel | Urman       |
| Accounting           | Jose Manuel | Urman       |
| Finance              | Jose Manuel | Urman       |
| Executive            | Jose Manuel | Urman       |
| Sales                | Jose Manuel | Urman       |
| Public Relations     | Jose Manuel | Urman       |
| IT                   | Jose Manuel | Urman       |
| Shipping             | Jose Manuel | Urman       |
| Human Resources      | Jose Manuel | Urman       |
| Purchasing           | Jose Manuel | Urman       |
| Marketing            | Jose Manuel | Urman       |
| Administration       | Jose Manuel | Urman       |
| Payroll              | Luis        | Popp        |
| Recruiting           | Luis        | Popp        |
| Retail Sales         | Luis        | Popp        |
| Government Sales     | Luis        | Popp        |
| IT Helpdesk          | Luis        | Popp        |
| NOC                  | Luis        | Popp        |
| IT Support           | Luis        | Popp        |
| Operations           | Luis        | Popp        |
| Contracting          | Luis        | Popp        |
| Construction         | Luis        | Popp        |
| Manufacturing        | Luis        | Popp        |
| Benefits             | Luis        | Popp        |
| Shareholder Services | Luis        | Popp        |
| Control And Credit   | Luis        | Popp        |
| Corporate Tax        | Luis        | Popp        |
| Treasury             | Luis        | Popp        |
| Accounting           | Luis        | Popp        |
| Finance              | Luis        | Popp        |
| Executive            | Luis        | Popp        |
| Sales                | Luis        | Popp        |
| Public Relations     | Luis        | Popp        |
| IT                   | Luis        | Popp        |
| Shipping             | Luis        | Popp        |
| Human Resources      | Luis        | Popp        |
| Purchasing           | Luis        | Popp        |
| Marketing            | Luis        | Popp        |
| Administration       | Luis        | Popp        |
| Payroll              | Den         | Raphaely    |
| Recruiting           | Den         | Raphaely    |
| Retail Sales         | Den         | Raphaely    |
| Government Sales     | Den         | Raphaely    |
| IT Helpdesk          | Den         | Raphaely    |
| NOC                  | Den         | Raphaely    |
| IT Support           | Den         | Raphaely    |
| Operations           | Den         | Raphaely    |
| Contracting          | Den         | Raphaely    |
| Construction         | Den         | Raphaely    |
| Manufacturing        | Den         | Raphaely    |
| Benefits             | Den         | Raphaely    |
| Shareholder Services | Den         | Raphaely    |
| Control And Credit   | Den         | Raphaely    |
| Corporate Tax        | Den         | Raphaely    |
| Treasury             | Den         | Raphaely    |
| Accounting           | Den         | Raphaely    |
| Finance              | Den         | Raphaely    |
| Executive            | Den         | Raphaely    |
| Sales                | Den         | Raphaely    |
| Public Relations     | Den         | Raphaely    |
| IT                   | Den         | Raphaely    |
| Shipping             | Den         | Raphaely    |
| Human Resources      | Den         | Raphaely    |
| Purchasing           | Den         | Raphaely    |
| Marketing            | Den         | Raphaely    |
| Administration       | Den         | Raphaely    |
| Payroll              | Alexander   | Khoo        |
| Recruiting           | Alexander   | Khoo        |
| Retail Sales         | Alexander   | Khoo        |
| Government Sales     | Alexander   | Khoo        |
| IT Helpdesk          | Alexander   | Khoo        |
| NOC                  | Alexander   | Khoo        |
| IT Support           | Alexander   | Khoo        |
| Operations           | Alexander   | Khoo        |
| Contracting          | Alexander   | Khoo        |
| Construction         | Alexander   | Khoo        |
| Manufacturing        | Alexander   | Khoo        |
| Benefits             | Alexander   | Khoo        |
| Shareholder Services | Alexander   | Khoo        |
| Control And Credit   | Alexander   | Khoo        |
| Corporate Tax        | Alexander   | Khoo        |
| Treasury             | Alexander   | Khoo        |
| Accounting           | Alexander   | Khoo        |
| Finance              | Alexander   | Khoo        |
| Executive            | Alexander   | Khoo        |
| Sales                | Alexander   | Khoo        |
| Public Relations     | Alexander   | Khoo        |
| IT                   | Alexander   | Khoo        |
| Shipping             | Alexander   | Khoo        |
| Human Resources      | Alexander   | Khoo        |
| Purchasing           | Alexander   | Khoo        |
| Marketing            | Alexander   | Khoo        |
| Administration       | Alexander   | Khoo        |
| Payroll              | Shelli      | Baida       |
| Recruiting           | Shelli      | Baida       |
| Retail Sales         | Shelli      | Baida       |
| Government Sales     | Shelli      | Baida       |
| IT Helpdesk          | Shelli      | Baida       |
| NOC                  | Shelli      | Baida       |
| IT Support           | Shelli      | Baida       |
| Operations           | Shelli      | Baida       |
| Contracting          | Shelli      | Baida       |
| Construction         | Shelli      | Baida       |
| Manufacturing        | Shelli      | Baida       |
| Benefits             | Shelli      | Baida       |
| Shareholder Services | Shelli      | Baida       |
| Control And Credit   | Shelli      | Baida       |
| Corporate Tax        | Shelli      | Baida       |
| Treasury             | Shelli      | Baida       |
| Accounting           | Shelli      | Baida       |
| Finance              | Shelli      | Baida       |
| Executive            | Shelli      | Baida       |
| Sales                | Shelli      | Baida       |
| Public Relations     | Shelli      | Baida       |
| IT                   | Shelli      | Baida       |
| Shipping             | Shelli      | Baida       |
| Human Resources      | Shelli      | Baida       |
| Purchasing           | Shelli      | Baida       |
| Marketing            | Shelli      | Baida       |
| Administration       | Shelli      | Baida       |
| Payroll              | Sigal       | Tobias      |
| Recruiting           | Sigal       | Tobias      |
| Retail Sales         | Sigal       | Tobias      |
| Government Sales     | Sigal       | Tobias      |
| IT Helpdesk          | Sigal       | Tobias      |
| NOC                  | Sigal       | Tobias      |
| IT Support           | Sigal       | Tobias      |
| Operations           | Sigal       | Tobias      |
| Contracting          | Sigal       | Tobias      |
| Construction         | Sigal       | Tobias      |
| Manufacturing        | Sigal       | Tobias      |
| Benefits             | Sigal       | Tobias      |
| Shareholder Services | Sigal       | Tobias      |
| Control And Credit   | Sigal       | Tobias      |
| Corporate Tax        | Sigal       | Tobias      |
| Treasury             | Sigal       | Tobias      |
| Accounting           | Sigal       | Tobias      |
| Finance              | Sigal       | Tobias      |
| Executive            | Sigal       | Tobias      |
| Sales                | Sigal       | Tobias      |
| Public Relations     | Sigal       | Tobias      |
| IT                   | Sigal       | Tobias      |
| Shipping             | Sigal       | Tobias      |
| Human Resources      | Sigal       | Tobias      |
| Purchasing           | Sigal       | Tobias      |
| Marketing            | Sigal       | Tobias      |
| Administration       | Sigal       | Tobias      |
| Payroll              | Guy         | Himuro      |
| Recruiting           | Guy         | Himuro      |
| Retail Sales         | Guy         | Himuro      |
| Government Sales     | Guy         | Himuro      |
| IT Helpdesk          | Guy         | Himuro      |
| NOC                  | Guy         | Himuro      |
| IT Support           | Guy         | Himuro      |
| Operations           | Guy         | Himuro      |
| Contracting          | Guy         | Himuro      |
| Construction         | Guy         | Himuro      |
| Manufacturing        | Guy         | Himuro      |
| Benefits             | Guy         | Himuro      |
| Shareholder Services | Guy         | Himuro      |
| Control And Credit   | Guy         | Himuro      |
| Corporate Tax        | Guy         | Himuro      |
| Treasury             | Guy         | Himuro      |
| Accounting           | Guy         | Himuro      |
| Finance              | Guy         | Himuro      |
| Executive            | Guy         | Himuro      |
| Sales                | Guy         | Himuro      |
| Public Relations     | Guy         | Himuro      |
| IT                   | Guy         | Himuro      |
| Shipping             | Guy         | Himuro      |
| Human Resources      | Guy         | Himuro      |
| Purchasing           | Guy         | Himuro      |
| Marketing            | Guy         | Himuro      |
| Administration       | Guy         | Himuro      |
| Payroll              | Karen       | Colmenares  |
| Recruiting           | Karen       | Colmenares  |
| Retail Sales         | Karen       | Colmenares  |
| Government Sales     | Karen       | Colmenares  |
| IT Helpdesk          | Karen       | Colmenares  |
| NOC                  | Karen       | Colmenares  |
| IT Support           | Karen       | Colmenares  |
| Operations           | Karen       | Colmenares  |
| Contracting          | Karen       | Colmenares  |
| Construction         | Karen       | Colmenares  |
| Manufacturing        | Karen       | Colmenares  |
| Benefits             | Karen       | Colmenares  |
| Shareholder Services | Karen       | Colmenares  |
| Control And Credit   | Karen       | Colmenares  |
| Corporate Tax        | Karen       | Colmenares  |
| Treasury             | Karen       | Colmenares  |
| Accounting           | Karen       | Colmenares  |
| Finance              | Karen       | Colmenares  |
| Executive            | Karen       | Colmenares  |
| Sales                | Karen       | Colmenares  |
| Public Relations     | Karen       | Colmenares  |
| IT                   | Karen       | Colmenares  |
| Shipping             | Karen       | Colmenares  |
| Human Resources      | Karen       | Colmenares  |
| Purchasing           | Karen       | Colmenares  |
| Marketing            | Karen       | Colmenares  |
| Administration       | Karen       | Colmenares  |
| Payroll              | Matthew     | Weiss       |
| Recruiting           | Matthew     | Weiss       |
| Retail Sales         | Matthew     | Weiss       |
| Government Sales     | Matthew     | Weiss       |
| IT Helpdesk          | Matthew     | Weiss       |
| NOC                  | Matthew     | Weiss       |
| IT Support           | Matthew     | Weiss       |
| Operations           | Matthew     | Weiss       |
| Contracting          | Matthew     | Weiss       |
| Construction         | Matthew     | Weiss       |
| Manufacturing        | Matthew     | Weiss       |
| Benefits             | Matthew     | Weiss       |
| Shareholder Services | Matthew     | Weiss       |
| Control And Credit   | Matthew     | Weiss       |
| Corporate Tax        | Matthew     | Weiss       |
| Treasury             | Matthew     | Weiss       |
| Accounting           | Matthew     | Weiss       |
| Finance              | Matthew     | Weiss       |
| Executive            | Matthew     | Weiss       |
| Sales                | Matthew     | Weiss       |
| Public Relations     | Matthew     | Weiss       |
| IT                   | Matthew     | Weiss       |
| Shipping             | Matthew     | Weiss       |
| Human Resources      | Matthew     | Weiss       |
| Purchasing           | Matthew     | Weiss       |
| Marketing            | Matthew     | Weiss       |
| Administration       | Matthew     | Weiss       |
| Payroll              | Adam        | Fripp       |
| Recruiting           | Adam        | Fripp       |
| Retail Sales         | Adam        | Fripp       |
| Government Sales     | Adam        | Fripp       |
| IT Helpdesk          | Adam        | Fripp       |
| NOC                  | Adam        | Fripp       |
| IT Support           | Adam        | Fripp       |
| Operations           | Adam        | Fripp       |
| Contracting          | Adam        | Fripp       |
| Construction         | Adam        | Fripp       |
| Manufacturing        | Adam        | Fripp       |
| Benefits             | Adam        | Fripp       |
| Shareholder Services | Adam        | Fripp       |
| Control And Credit   | Adam        | Fripp       |
| Corporate Tax        | Adam        | Fripp       |
| Treasury             | Adam        | Fripp       |
| Accounting           | Adam        | Fripp       |
| Finance              | Adam        | Fripp       |
| Executive            | Adam        | Fripp       |
| Sales                | Adam        | Fripp       |
| Public Relations     | Adam        | Fripp       |
| IT                   | Adam        | Fripp       |
| Shipping             | Adam        | Fripp       |
| Human Resources      | Adam        | Fripp       |
| Purchasing           | Adam        | Fripp       |
| Marketing            | Adam        | Fripp       |
| Administration       | Adam        | Fripp       |
| Payroll              | Payam       | Kaufling    |
| Recruiting           | Payam       | Kaufling    |
| Retail Sales         | Payam       | Kaufling    |
| Government Sales     | Payam       | Kaufling    |
| IT Helpdesk          | Payam       | Kaufling    |
| NOC                  | Payam       | Kaufling    |
| IT Support           | Payam       | Kaufling    |
| Operations           | Payam       | Kaufling    |
| Contracting          | Payam       | Kaufling    |
| Construction         | Payam       | Kaufling    |
| Manufacturing        | Payam       | Kaufling    |
| Benefits             | Payam       | Kaufling    |
| Shareholder Services | Payam       | Kaufling    |
| Control And Credit   | Payam       | Kaufling    |
| Corporate Tax        | Payam       | Kaufling    |
| Treasury             | Payam       | Kaufling    |
| Accounting           | Payam       | Kaufling    |
| Finance              | Payam       | Kaufling    |
| Executive            | Payam       | Kaufling    |
| Sales                | Payam       | Kaufling    |
| Public Relations     | Payam       | Kaufling    |
| IT                   | Payam       | Kaufling    |
| Shipping             | Payam       | Kaufling    |
| Human Resources      | Payam       | Kaufling    |
| Purchasing           | Payam       | Kaufling    |
| Marketing            | Payam       | Kaufling    |
| Administration       | Payam       | Kaufling    |
| Payroll              | Shanta      | Vollman     |
| Recruiting           | Shanta      | Vollman     |
| Retail Sales         | Shanta      | Vollman     |
| Government Sales     | Shanta      | Vollman     |
| IT Helpdesk          | Shanta      | Vollman     |
| NOC                  | Shanta      | Vollman     |
| IT Support           | Shanta      | Vollman     |
| Operations           | Shanta      | Vollman     |
| Contracting          | Shanta      | Vollman     |
| Construction         | Shanta      | Vollman     |
| Manufacturing        | Shanta      | Vollman     |
| Benefits             | Shanta      | Vollman     |
| Shareholder Services | Shanta      | Vollman     |
| Control And Credit   | Shanta      | Vollman     |
| Corporate Tax        | Shanta      | Vollman     |
| Treasury             | Shanta      | Vollman     |
| Accounting           | Shanta      | Vollman     |
| Finance              | Shanta      | Vollman     |
| Executive            | Shanta      | Vollman     |
| Sales                | Shanta      | Vollman     |
| Public Relations     | Shanta      | Vollman     |
| IT                   | Shanta      | Vollman     |
| Shipping             | Shanta      | Vollman     |
| Human Resources      | Shanta      | Vollman     |
| Purchasing           | Shanta      | Vollman     |
| Marketing            | Shanta      | Vollman     |
| Administration       | Shanta      | Vollman     |
| Payroll              | Kevin       | Mourgos     |
| Recruiting           | Kevin       | Mourgos     |
| Retail Sales         | Kevin       | Mourgos     |
| Government Sales     | Kevin       | Mourgos     |
| IT Helpdesk          | Kevin       | Mourgos     |
| NOC                  | Kevin       | Mourgos     |
| IT Support           | Kevin       | Mourgos     |
| Operations           | Kevin       | Mourgos     |
| Contracting          | Kevin       | Mourgos     |
| Construction         | Kevin       | Mourgos     |
| Manufacturing        | Kevin       | Mourgos     |
| Benefits             | Kevin       | Mourgos     |
| Shareholder Services | Kevin       | Mourgos     |
| Control And Credit   | Kevin       | Mourgos     |
| Corporate Tax        | Kevin       | Mourgos     |
| Treasury             | Kevin       | Mourgos     |
| Accounting           | Kevin       | Mourgos     |
| Finance              | Kevin       | Mourgos     |
| Executive            | Kevin       | Mourgos     |
| Sales                | Kevin       | Mourgos     |
| Public Relations     | Kevin       | Mourgos     |
| IT                   | Kevin       | Mourgos     |
| Shipping             | Kevin       | Mourgos     |
| Human Resources      | Kevin       | Mourgos     |
| Purchasing           | Kevin       | Mourgos     |
| Marketing            | Kevin       | Mourgos     |
| Administration       | Kevin       | Mourgos     |
| Payroll              | Julia       | Nayer       |
| Recruiting           | Julia       | Nayer       |
| Retail Sales         | Julia       | Nayer       |
| Government Sales     | Julia       | Nayer       |
| IT Helpdesk          | Julia       | Nayer       |
| NOC                  | Julia       | Nayer       |
| IT Support           | Julia       | Nayer       |
| Operations           | Julia       | Nayer       |
| Contracting          | Julia       | Nayer       |
| Construction         | Julia       | Nayer       |
| Manufacturing        | Julia       | Nayer       |
| Benefits             | Julia       | Nayer       |
| Shareholder Services | Julia       | Nayer       |
| Control And Credit   | Julia       | Nayer       |
| Corporate Tax        | Julia       | Nayer       |
| Treasury             | Julia       | Nayer       |
| Accounting           | Julia       | Nayer       |
| Finance              | Julia       | Nayer       |
| Executive            | Julia       | Nayer       |
| Sales                | Julia       | Nayer       |
| Public Relations     | Julia       | Nayer       |
| IT                   | Julia       | Nayer       |
| Shipping             | Julia       | Nayer       |
| Human Resources      | Julia       | Nayer       |
| Purchasing           | Julia       | Nayer       |
| Marketing            | Julia       | Nayer       |
| Administration       | Julia       | Nayer       |
| Payroll              | Irene       | Mikkilineni |
| Recruiting           | Irene       | Mikkilineni |
| Retail Sales         | Irene       | Mikkilineni |
| Government Sales     | Irene       | Mikkilineni |
| IT Helpdesk          | Irene       | Mikkilineni |
| NOC                  | Irene       | Mikkilineni |
| IT Support           | Irene       | Mikkilineni |
| Operations           | Irene       | Mikkilineni |
| Contracting          | Irene       | Mikkilineni |
| Construction         | Irene       | Mikkilineni |
| Manufacturing        | Irene       | Mikkilineni |
| Benefits             | Irene       | Mikkilineni |
| Shareholder Services | Irene       | Mikkilineni |
| Control And Credit   | Irene       | Mikkilineni |
| Corporate Tax        | Irene       | Mikkilineni |
| Treasury             | Irene       | Mikkilineni |
| Accounting           | Irene       | Mikkilineni |
| Finance              | Irene       | Mikkilineni |
| Executive            | Irene       | Mikkilineni |
| Sales                | Irene       | Mikkilineni |
| Public Relations     | Irene       | Mikkilineni |
| IT                   | Irene       | Mikkilineni |
| Shipping             | Irene       | Mikkilineni |
| Human Resources      | Irene       | Mikkilineni |
| Purchasing           | Irene       | Mikkilineni |
| Marketing            | Irene       | Mikkilineni |
| Administration       | Irene       | Mikkilineni |
| Payroll              | James       | Landry      |
| Recruiting           | James       | Landry      |
| Retail Sales         | James       | Landry      |
| Government Sales     | James       | Landry      |
| IT Helpdesk          | James       | Landry      |
| NOC                  | James       | Landry      |
| IT Support           | James       | Landry      |
| Operations           | James       | Landry      |
| Contracting          | James       | Landry      |
| Construction         | James       | Landry      |
| Manufacturing        | James       | Landry      |
| Benefits             | James       | Landry      |
| Shareholder Services | James       | Landry      |
| Control And Credit   | James       | Landry      |
| Corporate Tax        | James       | Landry      |
| Treasury             | James       | Landry      |
| Accounting           | James       | Landry      |
| Finance              | James       | Landry      |
| Executive            | James       | Landry      |
| Sales                | James       | Landry      |
| Public Relations     | James       | Landry      |
| IT                   | James       | Landry      |
| Shipping             | James       | Landry      |
| Human Resources      | James       | Landry      |
| Purchasing           | James       | Landry      |
| Marketing            | James       | Landry      |
| Administration       | James       | Landry      |
| Payroll              | Steven      | Markle      |
| Recruiting           | Steven      | Markle      |
| Retail Sales         | Steven      | Markle      |
| Government Sales     | Steven      | Markle      |
| IT Helpdesk          | Steven      | Markle      |
| NOC                  | Steven      | Markle      |
| IT Support           | Steven      | Markle      |
| Operations           | Steven      | Markle      |
| Contracting          | Steven      | Markle      |
| Construction         | Steven      | Markle      |
| Manufacturing        | Steven      | Markle      |
| Benefits             | Steven      | Markle      |
| Shareholder Services | Steven      | Markle      |
| Control And Credit   | Steven      | Markle      |
| Corporate Tax        | Steven      | Markle      |
| Treasury             | Steven      | Markle      |
| Accounting           | Steven      | Markle      |
| Finance              | Steven      | Markle      |
| Executive            | Steven      | Markle      |
| Sales                | Steven      | Markle      |
| Public Relations     | Steven      | Markle      |
| IT                   | Steven      | Markle      |
| Shipping             | Steven      | Markle      |
| Human Resources      | Steven      | Markle      |
| Purchasing           | Steven      | Markle      |
| Marketing            | Steven      | Markle      |
| Administration       | Steven      | Markle      |
| Payroll              | Laura       | Bissot      |
| Recruiting           | Laura       | Bissot      |
| Retail Sales         | Laura       | Bissot      |
| Government Sales     | Laura       | Bissot      |
| IT Helpdesk          | Laura       | Bissot      |
| NOC                  | Laura       | Bissot      |
| IT Support           | Laura       | Bissot      |
| Operations           | Laura       | Bissot      |
| Contracting          | Laura       | Bissot      |
| Construction         | Laura       | Bissot      |
| Manufacturing        | Laura       | Bissot      |
| Benefits             | Laura       | Bissot      |
| Shareholder Services | Laura       | Bissot      |
| Control And Credit   | Laura       | Bissot      |
| Corporate Tax        | Laura       | Bissot      |
| Treasury             | Laura       | Bissot      |
| Accounting           | Laura       | Bissot      |
| Finance              | Laura       | Bissot      |
| Executive            | Laura       | Bissot      |
| Sales                | Laura       | Bissot      |
| Public Relations     | Laura       | Bissot      |
| IT                   | Laura       | Bissot      |
| Shipping             | Laura       | Bissot      |
| Human Resources      | Laura       | Bissot      |
| Purchasing           | Laura       | Bissot      |
| Marketing            | Laura       | Bissot      |
| Administration       | Laura       | Bissot      |
| Payroll              | Mozhe       | Atkinson    |
| Recruiting           | Mozhe       | Atkinson    |
| Retail Sales         | Mozhe       | Atkinson    |
| Government Sales     | Mozhe       | Atkinson    |
| IT Helpdesk          | Mozhe       | Atkinson    |
| NOC                  | Mozhe       | Atkinson    |
| IT Support           | Mozhe       | Atkinson    |
| Operations           | Mozhe       | Atkinson    |
| Contracting          | Mozhe       | Atkinson    |
| Construction         | Mozhe       | Atkinson    |
| Manufacturing        | Mozhe       | Atkinson    |
| Benefits             | Mozhe       | Atkinson    |
| Shareholder Services | Mozhe       | Atkinson    |
| Control And Credit   | Mozhe       | Atkinson    |
| Corporate Tax        | Mozhe       | Atkinson    |
| Treasury             | Mozhe       | Atkinson    |
| Accounting           | Mozhe       | Atkinson    |
| Finance              | Mozhe       | Atkinson    |
| Executive            | Mozhe       | Atkinson    |
| Sales                | Mozhe       | Atkinson    |
| Public Relations     | Mozhe       | Atkinson    |
| IT                   | Mozhe       | Atkinson    |
| Shipping             | Mozhe       | Atkinson    |
| Human Resources      | Mozhe       | Atkinson    |
| Purchasing           | Mozhe       | Atkinson    |
| Marketing            | Mozhe       | Atkinson    |
| Administration       | Mozhe       | Atkinson    |
| Payroll              | James       | Marlow      |
| Recruiting           | James       | Marlow      |
| Retail Sales         | James       | Marlow      |
| Government Sales     | James       | Marlow      |
| IT Helpdesk          | James       | Marlow      |
| NOC                  | James       | Marlow      |
| IT Support           | James       | Marlow      |
| Operations           | James       | Marlow      |
| Contracting          | James       | Marlow      |
| Construction         | James       | Marlow      |
| Manufacturing        | James       | Marlow      |
| Benefits             | James       | Marlow      |
| Shareholder Services | James       | Marlow      |
| Control And Credit   | James       | Marlow      |
| Corporate Tax        | James       | Marlow      |
| Treasury             | James       | Marlow      |
| Accounting           | James       | Marlow      |
| Finance              | James       | Marlow      |
| Executive            | James       | Marlow      |
| Sales                | James       | Marlow      |
| Public Relations     | James       | Marlow      |
| IT                   | James       | Marlow      |
| Shipping             | James       | Marlow      |
| Human Resources      | James       | Marlow      |
| Purchasing           | James       | Marlow      |
| Marketing            | James       | Marlow      |
| Administration       | James       | Marlow      |
| Payroll              | TJ          | Olson       |
| Recruiting           | TJ          | Olson       |
| Retail Sales         | TJ          | Olson       |
| Government Sales     | TJ          | Olson       |
| IT Helpdesk          | TJ          | Olson       |
| NOC                  | TJ          | Olson       |
| IT Support           | TJ          | Olson       |
| Operations           | TJ          | Olson       |
| Contracting          | TJ          | Olson       |
| Construction         | TJ          | Olson       |
| Manufacturing        | TJ          | Olson       |
| Benefits             | TJ          | Olson       |
| Shareholder Services | TJ          | Olson       |
| Control And Credit   | TJ          | Olson       |
| Corporate Tax        | TJ          | Olson       |
| Treasury             | TJ          | Olson       |
| Accounting           | TJ          | Olson       |
| Finance              | TJ          | Olson       |
| Executive            | TJ          | Olson       |
| Sales                | TJ          | Olson       |
| Public Relations     | TJ          | Olson       |
| IT                   | TJ          | Olson       |
| Shipping             | TJ          | Olson       |
| Human Resources      | TJ          | Olson       |
| Purchasing           | TJ          | Olson       |
| Marketing            | TJ          | Olson       |
| Administration       | TJ          | Olson       |
| Payroll              | Jason       | Mallin      |
| Recruiting           | Jason       | Mallin      |
| Retail Sales         | Jason       | Mallin      |
| Government Sales     | Jason       | Mallin      |
| IT Helpdesk          | Jason       | Mallin      |
| NOC                  | Jason       | Mallin      |
| IT Support           | Jason       | Mallin      |
| Operations           | Jason       | Mallin      |
| Contracting          | Jason       | Mallin      |
| Construction         | Jason       | Mallin      |
| Manufacturing        | Jason       | Mallin      |
| Benefits             | Jason       | Mallin      |
| Shareholder Services | Jason       | Mallin      |
| Control And Credit   | Jason       | Mallin      |
| Corporate Tax        | Jason       | Mallin      |
| Treasury             | Jason       | Mallin      |
| Accounting           | Jason       | Mallin      |
| Finance              | Jason       | Mallin      |
| Executive            | Jason       | Mallin      |
| Sales                | Jason       | Mallin      |
| Public Relations     | Jason       | Mallin      |
| IT                   | Jason       | Mallin      |
| Shipping             | Jason       | Mallin      |
| Human Resources      | Jason       | Mallin      |
| Purchasing           | Jason       | Mallin      |
| Marketing            | Jason       | Mallin      |
| Administration       | Jason       | Mallin      |
| Payroll              | Michael     | Rogers      |
| Recruiting           | Michael     | Rogers      |
| Retail Sales         | Michael     | Rogers      |
| Government Sales     | Michael     | Rogers      |
| IT Helpdesk          | Michael     | Rogers      |
| NOC                  | Michael     | Rogers      |
| IT Support           | Michael     | Rogers      |
| Operations           | Michael     | Rogers      |
| Contracting          | Michael     | Rogers      |
| Construction         | Michael     | Rogers      |
| Manufacturing        | Michael     | Rogers      |
| Benefits             | Michael     | Rogers      |
| Shareholder Services | Michael     | Rogers      |
| Control And Credit   | Michael     | Rogers      |
| Corporate Tax        | Michael     | Rogers      |
| Treasury             | Michael     | Rogers      |
| Accounting           | Michael     | Rogers      |
| Finance              | Michael     | Rogers      |
| Executive            | Michael     | Rogers      |
| Sales                | Michael     | Rogers      |
| Public Relations     | Michael     | Rogers      |
| IT                   | Michael     | Rogers      |
| Shipping             | Michael     | Rogers      |
| Human Resources      | Michael     | Rogers      |
| Purchasing           | Michael     | Rogers      |
| Marketing            | Michael     | Rogers      |
| Administration       | Michael     | Rogers      |
| Payroll              | Ki          | Gee         |
| Recruiting           | Ki          | Gee         |
| Retail Sales         | Ki          | Gee         |
| Government Sales     | Ki          | Gee         |
| IT Helpdesk          | Ki          | Gee         |
| NOC                  | Ki          | Gee         |
| IT Support           | Ki          | Gee         |
| Operations           | Ki          | Gee         |
| Contracting          | Ki          | Gee         |
| Construction         | Ki          | Gee         |
| Manufacturing        | Ki          | Gee         |
| Benefits             | Ki          | Gee         |
| Shareholder Services | Ki          | Gee         |
| Control And Credit   | Ki          | Gee         |
| Corporate Tax        | Ki          | Gee         |
| Treasury             | Ki          | Gee         |
| Accounting           | Ki          | Gee         |
| Finance              | Ki          | Gee         |
| Executive            | Ki          | Gee         |
| Sales                | Ki          | Gee         |
| Public Relations     | Ki          | Gee         |
| IT                   | Ki          | Gee         |
| Shipping             | Ki          | Gee         |
| Human Resources      | Ki          | Gee         |
| Purchasing           | Ki          | Gee         |
| Marketing            | Ki          | Gee         |
| Administration       | Ki          | Gee         |
| Payroll              | Hazel       | Philtanker  |
| Recruiting           | Hazel       | Philtanker  |
| Retail Sales         | Hazel       | Philtanker  |
| Government Sales     | Hazel       | Philtanker  |
| IT Helpdesk          | Hazel       | Philtanker  |
| NOC                  | Hazel       | Philtanker  |
| IT Support           | Hazel       | Philtanker  |
| Operations           | Hazel       | Philtanker  |
| Contracting          | Hazel       | Philtanker  |
| Construction         | Hazel       | Philtanker  |
| Manufacturing        | Hazel       | Philtanker  |
| Benefits             | Hazel       | Philtanker  |
| Shareholder Services | Hazel       | Philtanker  |
| Control And Credit   | Hazel       | Philtanker  |
| Corporate Tax        | Hazel       | Philtanker  |
| Treasury             | Hazel       | Philtanker  |
| Accounting           | Hazel       | Philtanker  |
| Finance              | Hazel       | Philtanker  |
| Executive            | Hazel       | Philtanker  |
| Sales                | Hazel       | Philtanker  |
| Public Relations     | Hazel       | Philtanker  |
| IT                   | Hazel       | Philtanker  |
| Shipping             | Hazel       | Philtanker  |
| Human Resources      | Hazel       | Philtanker  |
| Purchasing           | Hazel       | Philtanker  |
| Marketing            | Hazel       | Philtanker  |
| Administration       | Hazel       | Philtanker  |
| Payroll              | Renske      | Ladwig      |
| Recruiting           | Renske      | Ladwig      |
| Retail Sales         | Renske      | Ladwig      |
| Government Sales     | Renske      | Ladwig      |
| IT Helpdesk          | Renske      | Ladwig      |
| NOC                  | Renske      | Ladwig      |
| IT Support           | Renske      | Ladwig      |
| Operations           | Renske      | Ladwig      |
| Contracting          | Renske      | Ladwig      |
| Construction         | Renske      | Ladwig      |
| Manufacturing        | Renske      | Ladwig      |
| Benefits             | Renske      | Ladwig      |
| Shareholder Services | Renske      | Ladwig      |
| Control And Credit   | Renske      | Ladwig      |
| Corporate Tax        | Renske      | Ladwig      |
| Treasury             | Renske      | Ladwig      |
| Accounting           | Renske      | Ladwig      |
| Finance              | Renske      | Ladwig      |
| Executive            | Renske      | Ladwig      |
| Sales                | Renske      | Ladwig      |
| Public Relations     | Renske      | Ladwig      |
| IT                   | Renske      | Ladwig      |
| Shipping             | Renske      | Ladwig      |
| Human Resources      | Renske      | Ladwig      |
| Purchasing           | Renske      | Ladwig      |
| Marketing            | Renske      | Ladwig      |
| Administration       | Renske      | Ladwig      |
| Payroll              | Stephen     | Stiles      |
| Recruiting           | Stephen     | Stiles      |
| Retail Sales         | Stephen     | Stiles      |
| Government Sales     | Stephen     | Stiles      |
| IT Helpdesk          | Stephen     | Stiles      |
| NOC                  | Stephen     | Stiles      |
| IT Support           | Stephen     | Stiles      |
| Operations           | Stephen     | Stiles      |
| Contracting          | Stephen     | Stiles      |
| Construction         | Stephen     | Stiles      |
| Manufacturing        | Stephen     | Stiles      |
| Benefits             | Stephen     | Stiles      |
| Shareholder Services | Stephen     | Stiles      |
| Control And Credit   | Stephen     | Stiles      |
| Corporate Tax        | Stephen     | Stiles      |
| Treasury             | Stephen     | Stiles      |
| Accounting           | Stephen     | Stiles      |
| Finance              | Stephen     | Stiles      |
| Executive            | Stephen     | Stiles      |
| Sales                | Stephen     | Stiles      |
| Public Relations     | Stephen     | Stiles      |
| IT                   | Stephen     | Stiles      |
| Shipping             | Stephen     | Stiles      |
| Human Resources      | Stephen     | Stiles      |
| Purchasing           | Stephen     | Stiles      |
| Marketing            | Stephen     | Stiles      |
| Administration       | Stephen     | Stiles      |
| Payroll              | John        | Seo         |
| Recruiting           | John        | Seo         |
| Retail Sales         | John        | Seo         |
| Government Sales     | John        | Seo         |
| IT Helpdesk          | John        | Seo         |
| NOC                  | John        | Seo         |
| IT Support           | John        | Seo         |
| Operations           | John        | Seo         |
| Contracting          | John        | Seo         |
| Construction         | John        | Seo         |
| Manufacturing        | John        | Seo         |
| Benefits             | John        | Seo         |
| Shareholder Services | John        | Seo         |
| Control And Credit   | John        | Seo         |
| Corporate Tax        | John        | Seo         |
| Treasury             | John        | Seo         |
| Accounting           | John        | Seo         |
| Finance              | John        | Seo         |
| Executive            | John        | Seo         |
| Sales                | John        | Seo         |
| Public Relations     | John        | Seo         |
| IT                   | John        | Seo         |
| Shipping             | John        | Seo         |
| Human Resources      | John        | Seo         |
| Purchasing           | John        | Seo         |
| Marketing            | John        | Seo         |
| Administration       | John        | Seo         |
| Payroll              | Joshua      | Patel       |
| Recruiting           | Joshua      | Patel       |
| Retail Sales         | Joshua      | Patel       |
| Government Sales     | Joshua      | Patel       |
| IT Helpdesk          | Joshua      | Patel       |
| NOC                  | Joshua      | Patel       |
| IT Support           | Joshua      | Patel       |
| Operations           | Joshua      | Patel       |
| Contracting          | Joshua      | Patel       |
| Construction         | Joshua      | Patel       |
| Manufacturing        | Joshua      | Patel       |
| Benefits             | Joshua      | Patel       |
| Shareholder Services | Joshua      | Patel       |
| Control And Credit   | Joshua      | Patel       |
| Corporate Tax        | Joshua      | Patel       |
| Treasury             | Joshua      | Patel       |
| Accounting           | Joshua      | Patel       |
| Finance              | Joshua      | Patel       |
| Executive            | Joshua      | Patel       |
| Sales                | Joshua      | Patel       |
| Public Relations     | Joshua      | Patel       |
| IT                   | Joshua      | Patel       |
| Shipping             | Joshua      | Patel       |
| Human Resources      | Joshua      | Patel       |
| Purchasing           | Joshua      | Patel       |
| Marketing            | Joshua      | Patel       |
| Administration       | Joshua      | Patel       |
| Payroll              | Trenna      | Rajs        |
| Recruiting           | Trenna      | Rajs        |
| Retail Sales         | Trenna      | Rajs        |
| Government Sales     | Trenna      | Rajs        |
| IT Helpdesk          | Trenna      | Rajs        |
| NOC                  | Trenna      | Rajs        |
| IT Support           | Trenna      | Rajs        |
| Operations           | Trenna      | Rajs        |
| Contracting          | Trenna      | Rajs        |
| Construction         | Trenna      | Rajs        |
| Manufacturing        | Trenna      | Rajs        |
| Benefits             | Trenna      | Rajs        |
| Shareholder Services | Trenna      | Rajs        |
| Control And Credit   | Trenna      | Rajs        |
| Corporate Tax        | Trenna      | Rajs        |
| Treasury             | Trenna      | Rajs        |
| Accounting           | Trenna      | Rajs        |
| Finance              | Trenna      | Rajs        |
| Executive            | Trenna      | Rajs        |
| Sales                | Trenna      | Rajs        |
| Public Relations     | Trenna      | Rajs        |
| IT                   | Trenna      | Rajs        |
| Shipping             | Trenna      | Rajs        |
| Human Resources      | Trenna      | Rajs        |
| Purchasing           | Trenna      | Rajs        |
| Marketing            | Trenna      | Rajs        |
| Administration       | Trenna      | Rajs        |
| Payroll              | Curtis      | Davies      |
| Recruiting           | Curtis      | Davies      |
| Retail Sales         | Curtis      | Davies      |
| Government Sales     | Curtis      | Davies      |
| IT Helpdesk          | Curtis      | Davies      |
| NOC                  | Curtis      | Davies      |
| IT Support           | Curtis      | Davies      |
| Operations           | Curtis      | Davies      |
| Contracting          | Curtis      | Davies      |
| Construction         | Curtis      | Davies      |
| Manufacturing        | Curtis      | Davies      |
| Benefits             | Curtis      | Davies      |
| Shareholder Services | Curtis      | Davies      |
| Control And Credit   | Curtis      | Davies      |
| Corporate Tax        | Curtis      | Davies      |
| Treasury             | Curtis      | Davies      |
| Accounting           | Curtis      | Davies      |
| Finance              | Curtis      | Davies      |
| Executive            | Curtis      | Davies      |
| Sales                | Curtis      | Davies      |
| Public Relations     | Curtis      | Davies      |
| IT                   | Curtis      | Davies      |
| Shipping             | Curtis      | Davies      |
| Human Resources      | Curtis      | Davies      |
| Purchasing           | Curtis      | Davies      |
| Marketing            | Curtis      | Davies      |
| Administration       | Curtis      | Davies      |
| Payroll              | Randall     | Matos       |
| Recruiting           | Randall     | Matos       |
| Retail Sales         | Randall     | Matos       |
| Government Sales     | Randall     | Matos       |
| IT Helpdesk          | Randall     | Matos       |
| NOC                  | Randall     | Matos       |
| IT Support           | Randall     | Matos       |
| Operations           | Randall     | Matos       |
| Contracting          | Randall     | Matos       |
| Construction         | Randall     | Matos       |
| Manufacturing        | Randall     | Matos       |
| Benefits             | Randall     | Matos       |
| Shareholder Services | Randall     | Matos       |
| Control And Credit   | Randall     | Matos       |
| Corporate Tax        | Randall     | Matos       |
| Treasury             | Randall     | Matos       |
| Accounting           | Randall     | Matos       |
| Finance              | Randall     | Matos       |
| Executive            | Randall     | Matos       |
| Sales                | Randall     | Matos       |
| Public Relations     | Randall     | Matos       |
| IT                   | Randall     | Matos       |
| Shipping             | Randall     | Matos       |
| Human Resources      | Randall     | Matos       |
| Purchasing           | Randall     | Matos       |
| Marketing            | Randall     | Matos       |
| Administration       | Randall     | Matos       |
| Payroll              | Peter       | Vargas      |
| Recruiting           | Peter       | Vargas      |
| Retail Sales         | Peter       | Vargas      |
| Government Sales     | Peter       | Vargas      |
| IT Helpdesk          | Peter       | Vargas      |
| NOC                  | Peter       | Vargas      |
| IT Support           | Peter       | Vargas      |
| Operations           | Peter       | Vargas      |
| Contracting          | Peter       | Vargas      |
| Construction         | Peter       | Vargas      |
| Manufacturing        | Peter       | Vargas      |
| Benefits             | Peter       | Vargas      |
| Shareholder Services | Peter       | Vargas      |
| Control And Credit   | Peter       | Vargas      |
| Corporate Tax        | Peter       | Vargas      |
| Treasury             | Peter       | Vargas      |
| Accounting           | Peter       | Vargas      |
| Finance              | Peter       | Vargas      |
| Executive            | Peter       | Vargas      |
| Sales                | Peter       | Vargas      |
| Public Relations     | Peter       | Vargas      |
| IT                   | Peter       | Vargas      |
| Shipping             | Peter       | Vargas      |
| Human Resources      | Peter       | Vargas      |
| Purchasing           | Peter       | Vargas      |
| Marketing            | Peter       | Vargas      |
| Administration       | Peter       | Vargas      |
| Payroll              | John        | Russell     |
| Recruiting           | John        | Russell     |
| Retail Sales         | John        | Russell     |
| Government Sales     | John        | Russell     |
| IT Helpdesk          | John        | Russell     |
| NOC                  | John        | Russell     |
| IT Support           | John        | Russell     |
| Operations           | John        | Russell     |
| Contracting          | John        | Russell     |
| Construction         | John        | Russell     |
| Manufacturing        | John        | Russell     |
| Benefits             | John        | Russell     |
| Shareholder Services | John        | Russell     |
| Control And Credit   | John        | Russell     |
| Corporate Tax        | John        | Russell     |
| Treasury             | John        | Russell     |
| Accounting           | John        | Russell     |
| Finance              | John        | Russell     |
| Executive            | John        | Russell     |
| Sales                | John        | Russell     |
| Public Relations     | John        | Russell     |
| IT                   | John        | Russell     |
| Shipping             | John        | Russell     |
| Human Resources      | John        | Russell     |
| Purchasing           | John        | Russell     |
| Marketing            | John        | Russell     |
| Administration       | John        | Russell     |
| Payroll              | Karen       | Partners    |
| Recruiting           | Karen       | Partners    |
| Retail Sales         | Karen       | Partners    |
| Government Sales     | Karen       | Partners    |
| IT Helpdesk          | Karen       | Partners    |
| NOC                  | Karen       | Partners    |
| IT Support           | Karen       | Partners    |
| Operations           | Karen       | Partners    |
| Contracting          | Karen       | Partners    |
| Construction         | Karen       | Partners    |
| Manufacturing        | Karen       | Partners    |
| Benefits             | Karen       | Partners    |
| Shareholder Services | Karen       | Partners    |
| Control And Credit   | Karen       | Partners    |
| Corporate Tax        | Karen       | Partners    |
| Treasury             | Karen       | Partners    |
| Accounting           | Karen       | Partners    |
| Finance              | Karen       | Partners    |
| Executive            | Karen       | Partners    |
| Sales                | Karen       | Partners    |
| Public Relations     | Karen       | Partners    |
| IT                   | Karen       | Partners    |
| Shipping             | Karen       | Partners    |
| Human Resources      | Karen       | Partners    |
| Purchasing           | Karen       | Partners    |
| Marketing            | Karen       | Partners    |
| Administration       | Karen       | Partners    |
| Payroll              | Alberto     | Errazuriz   |
| Recruiting           | Alberto     | Errazuriz   |
| Retail Sales         | Alberto     | Errazuriz   |
| Government Sales     | Alberto     | Errazuriz   |
| IT Helpdesk          | Alberto     | Errazuriz   |
| NOC                  | Alberto     | Errazuriz   |
| IT Support           | Alberto     | Errazuriz   |
| Operations           | Alberto     | Errazuriz   |
| Contracting          | Alberto     | Errazuriz   |
| Construction         | Alberto     | Errazuriz   |
| Manufacturing        | Alberto     | Errazuriz   |
| Benefits             | Alberto     | Errazuriz   |
| Shareholder Services | Alberto     | Errazuriz   |
| Control And Credit   | Alberto     | Errazuriz   |
| Corporate Tax        | Alberto     | Errazuriz   |
| Treasury             | Alberto     | Errazuriz   |
| Accounting           | Alberto     | Errazuriz   |
| Finance              | Alberto     | Errazuriz   |
| Executive            | Alberto     | Errazuriz   |
| Sales                | Alberto     | Errazuriz   |
| Public Relations     | Alberto     | Errazuriz   |
| IT                   | Alberto     | Errazuriz   |
| Shipping             | Alberto     | Errazuriz   |
| Human Resources      | Alberto     | Errazuriz   |
| Purchasing           | Alberto     | Errazuriz   |
| Marketing            | Alberto     | Errazuriz   |
| Administration       | Alberto     | Errazuriz   |
| Payroll              | Gerald      | Cambrault   |
| Recruiting           | Gerald      | Cambrault   |
| Retail Sales         | Gerald      | Cambrault   |
| Government Sales     | Gerald      | Cambrault   |
| IT Helpdesk          | Gerald      | Cambrault   |
| NOC                  | Gerald      | Cambrault   |
| IT Support           | Gerald      | Cambrault   |
| Operations           | Gerald      | Cambrault   |
| Contracting          | Gerald      | Cambrault   |
| Construction         | Gerald      | Cambrault   |
| Manufacturing        | Gerald      | Cambrault   |
| Benefits             | Gerald      | Cambrault   |
| Shareholder Services | Gerald      | Cambrault   |
| Control And Credit   | Gerald      | Cambrault   |
| Corporate Tax        | Gerald      | Cambrault   |
| Treasury             | Gerald      | Cambrault   |
| Accounting           | Gerald      | Cambrault   |
| Finance              | Gerald      | Cambrault   |
| Executive            | Gerald      | Cambrault   |
| Sales                | Gerald      | Cambrault   |
| Public Relations     | Gerald      | Cambrault   |
| IT                   | Gerald      | Cambrault   |
| Shipping             | Gerald      | Cambrault   |
| Human Resources      | Gerald      | Cambrault   |
| Purchasing           | Gerald      | Cambrault   |
| Marketing            | Gerald      | Cambrault   |
| Administration       | Gerald      | Cambrault   |
| Payroll              | Eleni       | Zlotkey     |
| Recruiting           | Eleni       | Zlotkey     |
| Retail Sales         | Eleni       | Zlotkey     |
| Government Sales     | Eleni       | Zlotkey     |
| IT Helpdesk          | Eleni       | Zlotkey     |
| NOC                  | Eleni       | Zlotkey     |
| IT Support           | Eleni       | Zlotkey     |
| Operations           | Eleni       | Zlotkey     |
| Contracting          | Eleni       | Zlotkey     |
| Construction         | Eleni       | Zlotkey     |
| Manufacturing        | Eleni       | Zlotkey     |
| Benefits             | Eleni       | Zlotkey     |
| Shareholder Services | Eleni       | Zlotkey     |
| Control And Credit   | Eleni       | Zlotkey     |
| Corporate Tax        | Eleni       | Zlotkey     |
| Treasury             | Eleni       | Zlotkey     |
| Accounting           | Eleni       | Zlotkey     |
| Finance              | Eleni       | Zlotkey     |
| Executive            | Eleni       | Zlotkey     |
| Sales                | Eleni       | Zlotkey     |
| Public Relations     | Eleni       | Zlotkey     |
| IT                   | Eleni       | Zlotkey     |
| Shipping             | Eleni       | Zlotkey     |
| Human Resources      | Eleni       | Zlotkey     |
| Purchasing           | Eleni       | Zlotkey     |
| Marketing            | Eleni       | Zlotkey     |
| Administration       | Eleni       | Zlotkey     |
| Payroll              | Peter       | Tucker      |
| Recruiting           | Peter       | Tucker      |
| Retail Sales         | Peter       | Tucker      |
| Government Sales     | Peter       | Tucker      |
| IT Helpdesk          | Peter       | Tucker      |
| NOC                  | Peter       | Tucker      |
| IT Support           | Peter       | Tucker      |
| Operations           | Peter       | Tucker      |
| Contracting          | Peter       | Tucker      |
| Construction         | Peter       | Tucker      |
| Manufacturing        | Peter       | Tucker      |
| Benefits             | Peter       | Tucker      |
| Shareholder Services | Peter       | Tucker      |
| Control And Credit   | Peter       | Tucker      |
| Corporate Tax        | Peter       | Tucker      |
| Treasury             | Peter       | Tucker      |
| Accounting           | Peter       | Tucker      |
| Finance              | Peter       | Tucker      |
| Executive            | Peter       | Tucker      |
| Sales                | Peter       | Tucker      |
| Public Relations     | Peter       | Tucker      |
| IT                   | Peter       | Tucker      |
| Shipping             | Peter       | Tucker      |
| Human Resources      | Peter       | Tucker      |
| Purchasing           | Peter       | Tucker      |
| Marketing            | Peter       | Tucker      |
| Administration       | Peter       | Tucker      |
| Payroll              | David       | Bernstein   |
| Recruiting           | David       | Bernstein   |
| Retail Sales         | David       | Bernstein   |
| Government Sales     | David       | Bernstein   |
| IT Helpdesk          | David       | Bernstein   |
| NOC                  | David       | Bernstein   |
| IT Support           | David       | Bernstein   |
| Operations           | David       | Bernstein   |
| Contracting          | David       | Bernstein   |
| Construction         | David       | Bernstein   |
| Manufacturing        | David       | Bernstein   |
| Benefits             | David       | Bernstein   |
| Shareholder Services | David       | Bernstein   |
| Control And Credit   | David       | Bernstein   |
| Corporate Tax        | David       | Bernstein   |
| Treasury             | David       | Bernstein   |
| Accounting           | David       | Bernstein   |
| Finance              | David       | Bernstein   |
| Executive            | David       | Bernstein   |
| Sales                | David       | Bernstein   |
| Public Relations     | David       | Bernstein   |
| IT                   | David       | Bernstein   |
| Shipping             | David       | Bernstein   |
| Human Resources      | David       | Bernstein   |
| Purchasing           | David       | Bernstein   |
| Marketing            | David       | Bernstein   |
| Administration       | David       | Bernstein   |
| Payroll              | Peter       | Hall        |
| Recruiting           | Peter       | Hall        |
| Retail Sales         | Peter       | Hall        |
| Government Sales     | Peter       | Hall        |
| IT Helpdesk          | Peter       | Hall        |
| NOC                  | Peter       | Hall        |
| IT Support           | Peter       | Hall        |
| Operations           | Peter       | Hall        |
| Contracting          | Peter       | Hall        |
| Construction         | Peter       | Hall        |
| Manufacturing        | Peter       | Hall        |
| Benefits             | Peter       | Hall        |
| Shareholder Services | Peter       | Hall        |
| Control And Credit   | Peter       | Hall        |
| Corporate Tax        | Peter       | Hall        |
| Treasury             | Peter       | Hall        |
| Accounting           | Peter       | Hall        |
| Finance              | Peter       | Hall        |
| Executive            | Peter       | Hall        |
| Sales                | Peter       | Hall        |
| Public Relations     | Peter       | Hall        |
| IT                   | Peter       | Hall        |
| Shipping             | Peter       | Hall        |
| Human Resources      | Peter       | Hall        |
| Purchasing           | Peter       | Hall        |
| Marketing            | Peter       | Hall        |
| Administration       | Peter       | Hall        |
| Payroll              | Christopher | Olsen       |
| Recruiting           | Christopher | Olsen       |
| Retail Sales         | Christopher | Olsen       |
| Government Sales     | Christopher | Olsen       |
| IT Helpdesk          | Christopher | Olsen       |
| NOC                  | Christopher | Olsen       |
| IT Support           | Christopher | Olsen       |
| Operations           | Christopher | Olsen       |
| Contracting          | Christopher | Olsen       |
| Construction         | Christopher | Olsen       |
| Manufacturing        | Christopher | Olsen       |
| Benefits             | Christopher | Olsen       |
| Shareholder Services | Christopher | Olsen       |
| Control And Credit   | Christopher | Olsen       |
| Corporate Tax        | Christopher | Olsen       |
| Treasury             | Christopher | Olsen       |
| Accounting           | Christopher | Olsen       |
| Finance              | Christopher | Olsen       |
| Executive            | Christopher | Olsen       |
| Sales                | Christopher | Olsen       |
| Public Relations     | Christopher | Olsen       |
| IT                   | Christopher | Olsen       |
| Shipping             | Christopher | Olsen       |
| Human Resources      | Christopher | Olsen       |
| Purchasing           | Christopher | Olsen       |
| Marketing            | Christopher | Olsen       |
| Administration       | Christopher | Olsen       |
| Payroll              | Nanette     | Cambrault   |
| Recruiting           | Nanette     | Cambrault   |
| Retail Sales         | Nanette     | Cambrault   |
| Government Sales     | Nanette     | Cambrault   |
| IT Helpdesk          | Nanette     | Cambrault   |
| NOC                  | Nanette     | Cambrault   |
| IT Support           | Nanette     | Cambrault   |
| Operations           | Nanette     | Cambrault   |
| Contracting          | Nanette     | Cambrault   |
| Construction         | Nanette     | Cambrault   |
| Manufacturing        | Nanette     | Cambrault   |
| Benefits             | Nanette     | Cambrault   |
| Shareholder Services | Nanette     | Cambrault   |
| Control And Credit   | Nanette     | Cambrault   |
| Corporate Tax        | Nanette     | Cambrault   |
| Treasury             | Nanette     | Cambrault   |
| Accounting           | Nanette     | Cambrault   |
| Finance              | Nanette     | Cambrault   |
| Executive            | Nanette     | Cambrault   |
| Sales                | Nanette     | Cambrault   |
| Public Relations     | Nanette     | Cambrault   |
| IT                   | Nanette     | Cambrault   |
| Shipping             | Nanette     | Cambrault   |
| Human Resources      | Nanette     | Cambrault   |
| Purchasing           | Nanette     | Cambrault   |
| Marketing            | Nanette     | Cambrault   |
| Administration       | Nanette     | Cambrault   |
| Payroll              | Oliver      | Tuvault     |
| Recruiting           | Oliver      | Tuvault     |
| Retail Sales         | Oliver      | Tuvault     |
| Government Sales     | Oliver      | Tuvault     |
| IT Helpdesk          | Oliver      | Tuvault     |
| NOC                  | Oliver      | Tuvault     |
| IT Support           | Oliver      | Tuvault     |
| Operations           | Oliver      | Tuvault     |
| Contracting          | Oliver      | Tuvault     |
| Construction         | Oliver      | Tuvault     |
| Manufacturing        | Oliver      | Tuvault     |
| Benefits             | Oliver      | Tuvault     |
| Shareholder Services | Oliver      | Tuvault     |
| Control And Credit   | Oliver      | Tuvault     |
| Corporate Tax        | Oliver      | Tuvault     |
| Treasury             | Oliver      | Tuvault     |
| Accounting           | Oliver      | Tuvault     |
| Finance              | Oliver      | Tuvault     |
| Executive            | Oliver      | Tuvault     |
| Sales                | Oliver      | Tuvault     |
| Public Relations     | Oliver      | Tuvault     |
| IT                   | Oliver      | Tuvault     |
| Shipping             | Oliver      | Tuvault     |
| Human Resources      | Oliver      | Tuvault     |
| Purchasing           | Oliver      | Tuvault     |
| Marketing            | Oliver      | Tuvault     |
| Administration       | Oliver      | Tuvault     |
| Payroll              | Janette     | King        |
| Recruiting           | Janette     | King        |
| Retail Sales         | Janette     | King        |
| Government Sales     | Janette     | King        |
| IT Helpdesk          | Janette     | King        |
| NOC                  | Janette     | King        |
| IT Support           | Janette     | King        |
| Operations           | Janette     | King        |
| Contracting          | Janette     | King        |
| Construction         | Janette     | King        |
| Manufacturing        | Janette     | King        |
| Benefits             | Janette     | King        |
| Shareholder Services | Janette     | King        |
| Control And Credit   | Janette     | King        |
| Corporate Tax        | Janette     | King        |
| Treasury             | Janette     | King        |
| Accounting           | Janette     | King        |
| Finance              | Janette     | King        |
| Executive            | Janette     | King        |
| Sales                | Janette     | King        |
| Public Relations     | Janette     | King        |
| IT                   | Janette     | King        |
| Shipping             | Janette     | King        |
| Human Resources      | Janette     | King        |
| Purchasing           | Janette     | King        |
| Marketing            | Janette     | King        |
| Administration       | Janette     | King        |
| Payroll              | Patrick     | Sully       |
| Recruiting           | Patrick     | Sully       |
| Retail Sales         | Patrick     | Sully       |
| Government Sales     | Patrick     | Sully       |
| IT Helpdesk          | Patrick     | Sully       |
| NOC                  | Patrick     | Sully       |
| IT Support           | Patrick     | Sully       |
| Operations           | Patrick     | Sully       |
| Contracting          | Patrick     | Sully       |
| Construction         | Patrick     | Sully       |
| Manufacturing        | Patrick     | Sully       |
| Benefits             | Patrick     | Sully       |
| Shareholder Services | Patrick     | Sully       |
| Control And Credit   | Patrick     | Sully       |
| Corporate Tax        | Patrick     | Sully       |
| Treasury             | Patrick     | Sully       |
| Accounting           | Patrick     | Sully       |
| Finance              | Patrick     | Sully       |
| Executive            | Patrick     | Sully       |
| Sales                | Patrick     | Sully       |
| Public Relations     | Patrick     | Sully       |
| IT                   | Patrick     | Sully       |
| Shipping             | Patrick     | Sully       |
| Human Resources      | Patrick     | Sully       |
| Purchasing           | Patrick     | Sully       |
| Marketing            | Patrick     | Sully       |
| Administration       | Patrick     | Sully       |
| Payroll              | Allan       | McEwen      |
| Recruiting           | Allan       | McEwen      |
| Retail Sales         | Allan       | McEwen      |
| Government Sales     | Allan       | McEwen      |
| IT Helpdesk          | Allan       | McEwen      |
| NOC                  | Allan       | McEwen      |
| IT Support           | Allan       | McEwen      |
| Operations           | Allan       | McEwen      |
| Contracting          | Allan       | McEwen      |
| Construction         | Allan       | McEwen      |
| Manufacturing        | Allan       | McEwen      |
| Benefits             | Allan       | McEwen      |
| Shareholder Services | Allan       | McEwen      |
| Control And Credit   | Allan       | McEwen      |
| Corporate Tax        | Allan       | McEwen      |
| Treasury             | Allan       | McEwen      |
| Accounting           | Allan       | McEwen      |
| Finance              | Allan       | McEwen      |
| Executive            | Allan       | McEwen      |
| Sales                | Allan       | McEwen      |
| Public Relations     | Allan       | McEwen      |
| IT                   | Allan       | McEwen      |
| Shipping             | Allan       | McEwen      |
| Human Resources      | Allan       | McEwen      |
| Purchasing           | Allan       | McEwen      |
| Marketing            | Allan       | McEwen      |
| Administration       | Allan       | McEwen      |
| Payroll              | Lindsey     | Smith       |
| Recruiting           | Lindsey     | Smith       |
| Retail Sales         | Lindsey     | Smith       |
| Government Sales     | Lindsey     | Smith       |
| IT Helpdesk          | Lindsey     | Smith       |
| NOC                  | Lindsey     | Smith       |
| IT Support           | Lindsey     | Smith       |
| Operations           | Lindsey     | Smith       |
| Contracting          | Lindsey     | Smith       |
| Construction         | Lindsey     | Smith       |
| Manufacturing        | Lindsey     | Smith       |
| Benefits             | Lindsey     | Smith       |
| Shareholder Services | Lindsey     | Smith       |
| Control And Credit   | Lindsey     | Smith       |
| Corporate Tax        | Lindsey     | Smith       |
| Treasury             | Lindsey     | Smith       |
| Accounting           | Lindsey     | Smith       |
| Finance              | Lindsey     | Smith       |
| Executive            | Lindsey     | Smith       |
| Sales                | Lindsey     | Smith       |
| Public Relations     | Lindsey     | Smith       |
| IT                   | Lindsey     | Smith       |
| Shipping             | Lindsey     | Smith       |
| Human Resources      | Lindsey     | Smith       |
| Purchasing           | Lindsey     | Smith       |
| Marketing            | Lindsey     | Smith       |
| Administration       | Lindsey     | Smith       |
| Payroll              | Louise      | Doran       |
| Recruiting           | Louise      | Doran       |
| Retail Sales         | Louise      | Doran       |
| Government Sales     | Louise      | Doran       |
| IT Helpdesk          | Louise      | Doran       |
| NOC                  | Louise      | Doran       |
| IT Support           | Louise      | Doran       |
| Operations           | Louise      | Doran       |
| Contracting          | Louise      | Doran       |
| Construction         | Louise      | Doran       |
| Manufacturing        | Louise      | Doran       |
| Benefits             | Louise      | Doran       |
| Shareholder Services | Louise      | Doran       |
| Control And Credit   | Louise      | Doran       |
| Corporate Tax        | Louise      | Doran       |
| Treasury             | Louise      | Doran       |
| Accounting           | Louise      | Doran       |
| Finance              | Louise      | Doran       |
| Executive            | Louise      | Doran       |
| Sales                | Louise      | Doran       |
| Public Relations     | Louise      | Doran       |
| IT                   | Louise      | Doran       |
| Shipping             | Louise      | Doran       |
| Human Resources      | Louise      | Doran       |
| Purchasing           | Louise      | Doran       |
| Marketing            | Louise      | Doran       |
| Administration       | Louise      | Doran       |
| Payroll              | Sarath      | Sewall      |
| Recruiting           | Sarath      | Sewall      |
| Retail Sales         | Sarath      | Sewall      |
| Government Sales     | Sarath      | Sewall      |
| IT Helpdesk          | Sarath      | Sewall      |
| NOC                  | Sarath      | Sewall      |
| IT Support           | Sarath      | Sewall      |
| Operations           | Sarath      | Sewall      |
| Contracting          | Sarath      | Sewall      |
| Construction         | Sarath      | Sewall      |
| Manufacturing        | Sarath      | Sewall      |
| Benefits             | Sarath      | Sewall      |
| Shareholder Services | Sarath      | Sewall      |
| Control And Credit   | Sarath      | Sewall      |
| Corporate Tax        | Sarath      | Sewall      |
| Treasury             | Sarath      | Sewall      |
| Accounting           | Sarath      | Sewall      |
| Finance              | Sarath      | Sewall      |
| Executive            | Sarath      | Sewall      |
| Sales                | Sarath      | Sewall      |
| Public Relations     | Sarath      | Sewall      |
| IT                   | Sarath      | Sewall      |
| Shipping             | Sarath      | Sewall      |
| Human Resources      | Sarath      | Sewall      |
| Purchasing           | Sarath      | Sewall      |
| Marketing            | Sarath      | Sewall      |
| Administration       | Sarath      | Sewall      |
| Payroll              | Clara       | Vishney     |
| Recruiting           | Clara       | Vishney     |
| Retail Sales         | Clara       | Vishney     |
| Government Sales     | Clara       | Vishney     |
| IT Helpdesk          | Clara       | Vishney     |
| NOC                  | Clara       | Vishney     |
| IT Support           | Clara       | Vishney     |
| Operations           | Clara       | Vishney     |
| Contracting          | Clara       | Vishney     |
| Construction         | Clara       | Vishney     |
| Manufacturing        | Clara       | Vishney     |
| Benefits             | Clara       | Vishney     |
| Shareholder Services | Clara       | Vishney     |
| Control And Credit   | Clara       | Vishney     |
| Corporate Tax        | Clara       | Vishney     |
| Treasury             | Clara       | Vishney     |
| Accounting           | Clara       | Vishney     |
| Finance              | Clara       | Vishney     |
| Executive            | Clara       | Vishney     |
| Sales                | Clara       | Vishney     |
| Public Relations     | Clara       | Vishney     |
| IT                   | Clara       | Vishney     |
| Shipping             | Clara       | Vishney     |
| Human Resources      | Clara       | Vishney     |
| Purchasing           | Clara       | Vishney     |
| Marketing            | Clara       | Vishney     |
| Administration       | Clara       | Vishney     |
| Payroll              | Danielle    | Greene      |
| Recruiting           | Danielle    | Greene      |
| Retail Sales         | Danielle    | Greene      |
| Government Sales     | Danielle    | Greene      |
| IT Helpdesk          | Danielle    | Greene      |
| NOC                  | Danielle    | Greene      |
| IT Support           | Danielle    | Greene      |
| Operations           | Danielle    | Greene      |
| Contracting          | Danielle    | Greene      |
| Construction         | Danielle    | Greene      |
| Manufacturing        | Danielle    | Greene      |
| Benefits             | Danielle    | Greene      |
| Shareholder Services | Danielle    | Greene      |
| Control And Credit   | Danielle    | Greene      |
| Corporate Tax        | Danielle    | Greene      |
| Treasury             | Danielle    | Greene      |
| Accounting           | Danielle    | Greene      |
| Finance              | Danielle    | Greene      |
| Executive            | Danielle    | Greene      |
| Sales                | Danielle    | Greene      |
| Public Relations     | Danielle    | Greene      |
| IT                   | Danielle    | Greene      |
| Shipping             | Danielle    | Greene      |
| Human Resources      | Danielle    | Greene      |
| Purchasing           | Danielle    | Greene      |
| Marketing            | Danielle    | Greene      |
| Administration       | Danielle    | Greene      |
| Payroll              | Mattea      | Marvins     |
| Recruiting           | Mattea      | Marvins     |
| Retail Sales         | Mattea      | Marvins     |
| Government Sales     | Mattea      | Marvins     |
| IT Helpdesk          | Mattea      | Marvins     |
| NOC                  | Mattea      | Marvins     |
| IT Support           | Mattea      | Marvins     |
| Operations           | Mattea      | Marvins     |
| Contracting          | Mattea      | Marvins     |
| Construction         | Mattea      | Marvins     |
| Manufacturing        | Mattea      | Marvins     |
| Benefits             | Mattea      | Marvins     |
| Shareholder Services | Mattea      | Marvins     |
| Control And Credit   | Mattea      | Marvins     |
| Corporate Tax        | Mattea      | Marvins     |
| Treasury             | Mattea      | Marvins     |
| Accounting           | Mattea      | Marvins     |
| Finance              | Mattea      | Marvins     |
| Executive            | Mattea      | Marvins     |
| Sales                | Mattea      | Marvins     |
| Public Relations     | Mattea      | Marvins     |
| IT                   | Mattea      | Marvins     |
| Shipping             | Mattea      | Marvins     |
| Human Resources      | Mattea      | Marvins     |
| Purchasing           | Mattea      | Marvins     |
| Marketing            | Mattea      | Marvins     |
| Administration       | Mattea      | Marvins     |
| Payroll              | David       | Lee         |
| Recruiting           | David       | Lee         |
| Retail Sales         | David       | Lee         |
| Government Sales     | David       | Lee         |
| IT Helpdesk          | David       | Lee         |
| NOC                  | David       | Lee         |
| IT Support           | David       | Lee         |
| Operations           | David       | Lee         |
| Contracting          | David       | Lee         |
| Construction         | David       | Lee         |
| Manufacturing        | David       | Lee         |
| Benefits             | David       | Lee         |
| Shareholder Services | David       | Lee         |
| Control And Credit   | David       | Lee         |
| Corporate Tax        | David       | Lee         |
| Treasury             | David       | Lee         |
| Accounting           | David       | Lee         |
| Finance              | David       | Lee         |
| Executive            | David       | Lee         |
| Sales                | David       | Lee         |
| Public Relations     | David       | Lee         |
| IT                   | David       | Lee         |
| Shipping             | David       | Lee         |
| Human Resources      | David       | Lee         |
| Purchasing           | David       | Lee         |
| Marketing            | David       | Lee         |
| Administration       | David       | Lee         |
| Payroll              | Sundar      | Ande        |
| Recruiting           | Sundar      | Ande        |
| Retail Sales         | Sundar      | Ande        |
| Government Sales     | Sundar      | Ande        |
| IT Helpdesk          | Sundar      | Ande        |
| NOC                  | Sundar      | Ande        |
| IT Support           | Sundar      | Ande        |
| Operations           | Sundar      | Ande        |
| Contracting          | Sundar      | Ande        |
| Construction         | Sundar      | Ande        |
| Manufacturing        | Sundar      | Ande        |
| Benefits             | Sundar      | Ande        |
| Shareholder Services | Sundar      | Ande        |
| Control And Credit   | Sundar      | Ande        |
| Corporate Tax        | Sundar      | Ande        |
| Treasury             | Sundar      | Ande        |
| Accounting           | Sundar      | Ande        |
| Finance              | Sundar      | Ande        |
| Executive            | Sundar      | Ande        |
| Sales                | Sundar      | Ande        |
| Public Relations     | Sundar      | Ande        |
| IT                   | Sundar      | Ande        |
| Shipping             | Sundar      | Ande        |
| Human Resources      | Sundar      | Ande        |
| Purchasing           | Sundar      | Ande        |
| Marketing            | Sundar      | Ande        |
| Administration       | Sundar      | Ande        |
| Payroll              | Amit        | Banda       |
| Recruiting           | Amit        | Banda       |
| Retail Sales         | Amit        | Banda       |
| Government Sales     | Amit        | Banda       |
| IT Helpdesk          | Amit        | Banda       |
| NOC                  | Amit        | Banda       |
| IT Support           | Amit        | Banda       |
| Operations           | Amit        | Banda       |
| Contracting          | Amit        | Banda       |
| Construction         | Amit        | Banda       |
| Manufacturing        | Amit        | Banda       |
| Benefits             | Amit        | Banda       |
| Shareholder Services | Amit        | Banda       |
| Control And Credit   | Amit        | Banda       |
| Corporate Tax        | Amit        | Banda       |
| Treasury             | Amit        | Banda       |
| Accounting           | Amit        | Banda       |
| Finance              | Amit        | Banda       |
| Executive            | Amit        | Banda       |
| Sales                | Amit        | Banda       |
| Public Relations     | Amit        | Banda       |
| IT                   | Amit        | Banda       |
| Shipping             | Amit        | Banda       |
| Human Resources      | Amit        | Banda       |
| Purchasing           | Amit        | Banda       |
| Marketing            | Amit        | Banda       |
| Administration       | Amit        | Banda       |
| Payroll              | Lisa        | Ozer        |
| Recruiting           | Lisa        | Ozer        |
| Retail Sales         | Lisa        | Ozer        |
| Government Sales     | Lisa        | Ozer        |
| IT Helpdesk          | Lisa        | Ozer        |
| NOC                  | Lisa        | Ozer        |
| IT Support           | Lisa        | Ozer        |
| Operations           | Lisa        | Ozer        |
| Contracting          | Lisa        | Ozer        |
| Construction         | Lisa        | Ozer        |
| Manufacturing        | Lisa        | Ozer        |
| Benefits             | Lisa        | Ozer        |
| Shareholder Services | Lisa        | Ozer        |
| Control And Credit   | Lisa        | Ozer        |
| Corporate Tax        | Lisa        | Ozer        |
| Treasury             | Lisa        | Ozer        |
| Accounting           | Lisa        | Ozer        |
| Finance              | Lisa        | Ozer        |
| Executive            | Lisa        | Ozer        |
| Sales                | Lisa        | Ozer        |
| Public Relations     | Lisa        | Ozer        |
| IT                   | Lisa        | Ozer        |
| Shipping             | Lisa        | Ozer        |
| Human Resources      | Lisa        | Ozer        |
| Purchasing           | Lisa        | Ozer        |
| Marketing            | Lisa        | Ozer        |
| Administration       | Lisa        | Ozer        |
| Payroll              | Harrison    | Bloom       |
| Recruiting           | Harrison    | Bloom       |
| Retail Sales         | Harrison    | Bloom       |
| Government Sales     | Harrison    | Bloom       |
| IT Helpdesk          | Harrison    | Bloom       |
| NOC                  | Harrison    | Bloom       |
| IT Support           | Harrison    | Bloom       |
| Operations           | Harrison    | Bloom       |
| Contracting          | Harrison    | Bloom       |
| Construction         | Harrison    | Bloom       |
| Manufacturing        | Harrison    | Bloom       |
| Benefits             | Harrison    | Bloom       |
| Shareholder Services | Harrison    | Bloom       |
| Control And Credit   | Harrison    | Bloom       |
| Corporate Tax        | Harrison    | Bloom       |
| Treasury             | Harrison    | Bloom       |
| Accounting           | Harrison    | Bloom       |
| Finance              | Harrison    | Bloom       |
| Executive            | Harrison    | Bloom       |
| Sales                | Harrison    | Bloom       |
| Public Relations     | Harrison    | Bloom       |
| IT                   | Harrison    | Bloom       |
| Shipping             | Harrison    | Bloom       |
| Human Resources      | Harrison    | Bloom       |
| Purchasing           | Harrison    | Bloom       |
| Marketing            | Harrison    | Bloom       |
| Administration       | Harrison    | Bloom       |
| Payroll              | Tayler      | Fox         |
| Recruiting           | Tayler      | Fox         |
| Retail Sales         | Tayler      | Fox         |
| Government Sales     | Tayler      | Fox         |
| IT Helpdesk          | Tayler      | Fox         |
| NOC                  | Tayler      | Fox         |
| IT Support           | Tayler      | Fox         |
| Operations           | Tayler      | Fox         |
| Contracting          | Tayler      | Fox         |
| Construction         | Tayler      | Fox         |
| Manufacturing        | Tayler      | Fox         |
| Benefits             | Tayler      | Fox         |
| Shareholder Services | Tayler      | Fox         |
| Control And Credit   | Tayler      | Fox         |
| Corporate Tax        | Tayler      | Fox         |
| Treasury             | Tayler      | Fox         |
| Accounting           | Tayler      | Fox         |
| Finance              | Tayler      | Fox         |
| Executive            | Tayler      | Fox         |
| Sales                | Tayler      | Fox         |
| Public Relations     | Tayler      | Fox         |
| IT                   | Tayler      | Fox         |
| Shipping             | Tayler      | Fox         |
| Human Resources      | Tayler      | Fox         |
| Purchasing           | Tayler      | Fox         |
| Marketing            | Tayler      | Fox         |
| Administration       | Tayler      | Fox         |
| Payroll              | William     | Smith       |
| Recruiting           | William     | Smith       |
| Retail Sales         | William     | Smith       |
| Government Sales     | William     | Smith       |
| IT Helpdesk          | William     | Smith       |
| NOC                  | William     | Smith       |
| IT Support           | William     | Smith       |
| Operations           | William     | Smith       |
| Contracting          | William     | Smith       |
| Construction         | William     | Smith       |
| Manufacturing        | William     | Smith       |
| Benefits             | William     | Smith       |
| Shareholder Services | William     | Smith       |
| Control And Credit   | William     | Smith       |
| Corporate Tax        | William     | Smith       |
| Treasury             | William     | Smith       |
| Accounting           | William     | Smith       |
| Finance              | William     | Smith       |
| Executive            | William     | Smith       |
| Sales                | William     | Smith       |
| Public Relations     | William     | Smith       |
| IT                   | William     | Smith       |
| Shipping             | William     | Smith       |
| Human Resources      | William     | Smith       |
| Purchasing           | William     | Smith       |
| Marketing            | William     | Smith       |
| Administration       | William     | Smith       |
| Payroll              | Elizabeth   | Bates       |
| Recruiting           | Elizabeth   | Bates       |
| Retail Sales         | Elizabeth   | Bates       |
| Government Sales     | Elizabeth   | Bates       |
| IT Helpdesk          | Elizabeth   | Bates       |
| NOC                  | Elizabeth   | Bates       |
| IT Support           | Elizabeth   | Bates       |
| Operations           | Elizabeth   | Bates       |
| Contracting          | Elizabeth   | Bates       |
| Construction         | Elizabeth   | Bates       |
| Manufacturing        | Elizabeth   | Bates       |
| Benefits             | Elizabeth   | Bates       |
| Shareholder Services | Elizabeth   | Bates       |
| Control And Credit   | Elizabeth   | Bates       |
| Corporate Tax        | Elizabeth   | Bates       |
| Treasury             | Elizabeth   | Bates       |
| Accounting           | Elizabeth   | Bates       |
| Finance              | Elizabeth   | Bates       |
| Executive            | Elizabeth   | Bates       |
| Sales                | Elizabeth   | Bates       |
| Public Relations     | Elizabeth   | Bates       |
| IT                   | Elizabeth   | Bates       |
| Shipping             | Elizabeth   | Bates       |
| Human Resources      | Elizabeth   | Bates       |
| Purchasing           | Elizabeth   | Bates       |
| Marketing            | Elizabeth   | Bates       |
| Administration       | Elizabeth   | Bates       |
| Payroll              | Sundita     | Kumar       |
| Recruiting           | Sundita     | Kumar       |
| Retail Sales         | Sundita     | Kumar       |
| Government Sales     | Sundita     | Kumar       |
| IT Helpdesk          | Sundita     | Kumar       |
| NOC                  | Sundita     | Kumar       |
| IT Support           | Sundita     | Kumar       |
| Operations           | Sundita     | Kumar       |
| Contracting          | Sundita     | Kumar       |
| Construction         | Sundita     | Kumar       |
| Manufacturing        | Sundita     | Kumar       |
| Benefits             | Sundita     | Kumar       |
| Shareholder Services | Sundita     | Kumar       |
| Control And Credit   | Sundita     | Kumar       |
| Corporate Tax        | Sundita     | Kumar       |
| Treasury             | Sundita     | Kumar       |
| Accounting           | Sundita     | Kumar       |
| Finance              | Sundita     | Kumar       |
| Executive            | Sundita     | Kumar       |
| Sales                | Sundita     | Kumar       |
| Public Relations     | Sundita     | Kumar       |
| IT                   | Sundita     | Kumar       |
| Shipping             | Sundita     | Kumar       |
| Human Resources      | Sundita     | Kumar       |
| Purchasing           | Sundita     | Kumar       |
| Marketing            | Sundita     | Kumar       |
| Administration       | Sundita     | Kumar       |
| Payroll              | Ellen       | Abel        |
| Recruiting           | Ellen       | Abel        |
| Retail Sales         | Ellen       | Abel        |
| Government Sales     | Ellen       | Abel        |
| IT Helpdesk          | Ellen       | Abel        |
| NOC                  | Ellen       | Abel        |
| IT Support           | Ellen       | Abel        |
| Operations           | Ellen       | Abel        |
| Contracting          | Ellen       | Abel        |
| Construction         | Ellen       | Abel        |
| Manufacturing        | Ellen       | Abel        |
| Benefits             | Ellen       | Abel        |
| Shareholder Services | Ellen       | Abel        |
| Control And Credit   | Ellen       | Abel        |
| Corporate Tax        | Ellen       | Abel        |
| Treasury             | Ellen       | Abel        |
| Accounting           | Ellen       | Abel        |
| Finance              | Ellen       | Abel        |
| Executive            | Ellen       | Abel        |
| Sales                | Ellen       | Abel        |
| Public Relations     | Ellen       | Abel        |
| IT                   | Ellen       | Abel        |
| Shipping             | Ellen       | Abel        |
| Human Resources      | Ellen       | Abel        |
| Purchasing           | Ellen       | Abel        |
| Marketing            | Ellen       | Abel        |
| Administration       | Ellen       | Abel        |
| Payroll              | Alyssa      | Hutton      |
| Recruiting           | Alyssa      | Hutton      |
| Retail Sales         | Alyssa      | Hutton      |
| Government Sales     | Alyssa      | Hutton      |
| IT Helpdesk          | Alyssa      | Hutton      |
| NOC                  | Alyssa      | Hutton      |
| IT Support           | Alyssa      | Hutton      |
| Operations           | Alyssa      | Hutton      |
| Contracting          | Alyssa      | Hutton      |
| Construction         | Alyssa      | Hutton      |
| Manufacturing        | Alyssa      | Hutton      |
| Benefits             | Alyssa      | Hutton      |
| Shareholder Services | Alyssa      | Hutton      |
| Control And Credit   | Alyssa      | Hutton      |
| Corporate Tax        | Alyssa      | Hutton      |
| Treasury             | Alyssa      | Hutton      |
| Accounting           | Alyssa      | Hutton      |
| Finance              | Alyssa      | Hutton      |
| Executive            | Alyssa      | Hutton      |
| Sales                | Alyssa      | Hutton      |
| Public Relations     | Alyssa      | Hutton      |
| IT                   | Alyssa      | Hutton      |
| Shipping             | Alyssa      | Hutton      |
| Human Resources      | Alyssa      | Hutton      |
| Purchasing           | Alyssa      | Hutton      |
| Marketing            | Alyssa      | Hutton      |
| Administration       | Alyssa      | Hutton      |
| Payroll              | Jonathon    | Taylor      |
| Recruiting           | Jonathon    | Taylor      |
| Retail Sales         | Jonathon    | Taylor      |
| Government Sales     | Jonathon    | Taylor      |
| IT Helpdesk          | Jonathon    | Taylor      |
| NOC                  | Jonathon    | Taylor      |
| IT Support           | Jonathon    | Taylor      |
| Operations           | Jonathon    | Taylor      |
| Contracting          | Jonathon    | Taylor      |
| Construction         | Jonathon    | Taylor      |
| Manufacturing        | Jonathon    | Taylor      |
| Benefits             | Jonathon    | Taylor      |
| Shareholder Services | Jonathon    | Taylor      |
| Control And Credit   | Jonathon    | Taylor      |
| Corporate Tax        | Jonathon    | Taylor      |
| Treasury             | Jonathon    | Taylor      |
| Accounting           | Jonathon    | Taylor      |
| Finance              | Jonathon    | Taylor      |
| Executive            | Jonathon    | Taylor      |
| Sales                | Jonathon    | Taylor      |
| Public Relations     | Jonathon    | Taylor      |
| IT                   | Jonathon    | Taylor      |
| Shipping             | Jonathon    | Taylor      |
| Human Resources      | Jonathon    | Taylor      |
| Purchasing           | Jonathon    | Taylor      |
| Marketing            | Jonathon    | Taylor      |
| Administration       | Jonathon    | Taylor      |
| Payroll              | Jack        | Livingston  |
| Recruiting           | Jack        | Livingston  |
| Retail Sales         | Jack        | Livingston  |
| Government Sales     | Jack        | Livingston  |
| IT Helpdesk          | Jack        | Livingston  |
| NOC                  | Jack        | Livingston  |
| IT Support           | Jack        | Livingston  |
| Operations           | Jack        | Livingston  |
| Contracting          | Jack        | Livingston  |
| Construction         | Jack        | Livingston  |
| Manufacturing        | Jack        | Livingston  |
| Benefits             | Jack        | Livingston  |
| Shareholder Services | Jack        | Livingston  |
| Control And Credit   | Jack        | Livingston  |
| Corporate Tax        | Jack        | Livingston  |
| Treasury             | Jack        | Livingston  |
| Accounting           | Jack        | Livingston  |
| Finance              | Jack        | Livingston  |
| Executive            | Jack        | Livingston  |
| Sales                | Jack        | Livingston  |
| Public Relations     | Jack        | Livingston  |
| IT                   | Jack        | Livingston  |
| Shipping             | Jack        | Livingston  |
| Human Resources      | Jack        | Livingston  |
| Purchasing           | Jack        | Livingston  |
| Marketing            | Jack        | Livingston  |
| Administration       | Jack        | Livingston  |
| Payroll              | Kimberely   | Grant       |
| Recruiting           | Kimberely   | Grant       |
| Retail Sales         | Kimberely   | Grant       |
| Government Sales     | Kimberely   | Grant       |
| IT Helpdesk          | Kimberely   | Grant       |
| NOC                  | Kimberely   | Grant       |
| IT Support           | Kimberely   | Grant       |
| Operations           | Kimberely   | Grant       |
| Contracting          | Kimberely   | Grant       |
| Construction         | Kimberely   | Grant       |
| Manufacturing        | Kimberely   | Grant       |
| Benefits             | Kimberely   | Grant       |
| Shareholder Services | Kimberely   | Grant       |
| Control And Credit   | Kimberely   | Grant       |
| Corporate Tax        | Kimberely   | Grant       |
| Treasury             | Kimberely   | Grant       |
| Accounting           | Kimberely   | Grant       |
| Finance              | Kimberely   | Grant       |
| Executive            | Kimberely   | Grant       |
| Sales                | Kimberely   | Grant       |
| Public Relations     | Kimberely   | Grant       |
| IT                   | Kimberely   | Grant       |
| Shipping             | Kimberely   | Grant       |
| Human Resources      | Kimberely   | Grant       |
| Purchasing           | Kimberely   | Grant       |
| Marketing            | Kimberely   | Grant       |
| Administration       | Kimberely   | Grant       |
| Payroll              | Charles     | Johnson     |
| Recruiting           | Charles     | Johnson     |
| Retail Sales         | Charles     | Johnson     |
| Government Sales     | Charles     | Johnson     |
| IT Helpdesk          | Charles     | Johnson     |
| NOC                  | Charles     | Johnson     |
| IT Support           | Charles     | Johnson     |
| Operations           | Charles     | Johnson     |
| Contracting          | Charles     | Johnson     |
| Construction         | Charles     | Johnson     |
| Manufacturing        | Charles     | Johnson     |
| Benefits             | Charles     | Johnson     |
| Shareholder Services | Charles     | Johnson     |
| Control And Credit   | Charles     | Johnson     |
| Corporate Tax        | Charles     | Johnson     |
| Treasury             | Charles     | Johnson     |
| Accounting           | Charles     | Johnson     |
| Finance              | Charles     | Johnson     |
| Executive            | Charles     | Johnson     |
| Sales                | Charles     | Johnson     |
| Public Relations     | Charles     | Johnson     |
| IT                   | Charles     | Johnson     |
| Shipping             | Charles     | Johnson     |
| Human Resources      | Charles     | Johnson     |
| Purchasing           | Charles     | Johnson     |
| Marketing            | Charles     | Johnson     |
| Administration       | Charles     | Johnson     |
| Payroll              | Winston     | Taylor      |
| Recruiting           | Winston     | Taylor      |
| Retail Sales         | Winston     | Taylor      |
| Government Sales     | Winston     | Taylor      |
| IT Helpdesk          | Winston     | Taylor      |
| NOC                  | Winston     | Taylor      |
| IT Support           | Winston     | Taylor      |
| Operations           | Winston     | Taylor      |
| Contracting          | Winston     | Taylor      |
| Construction         | Winston     | Taylor      |
| Manufacturing        | Winston     | Taylor      |
| Benefits             | Winston     | Taylor      |
| Shareholder Services | Winston     | Taylor      |
| Control And Credit   | Winston     | Taylor      |
| Corporate Tax        | Winston     | Taylor      |
| Treasury             | Winston     | Taylor      |
| Accounting           | Winston     | Taylor      |
| Finance              | Winston     | Taylor      |
| Executive            | Winston     | Taylor      |
| Sales                | Winston     | Taylor      |
| Public Relations     | Winston     | Taylor      |
| IT                   | Winston     | Taylor      |
| Shipping             | Winston     | Taylor      |
| Human Resources      | Winston     | Taylor      |
| Purchasing           | Winston     | Taylor      |
| Marketing            | Winston     | Taylor      |
| Administration       | Winston     | Taylor      |
| Payroll              | Jean        | Fleaur      |
| Recruiting           | Jean        | Fleaur      |
| Retail Sales         | Jean        | Fleaur      |
| Government Sales     | Jean        | Fleaur      |
| IT Helpdesk          | Jean        | Fleaur      |
| NOC                  | Jean        | Fleaur      |
| IT Support           | Jean        | Fleaur      |
| Operations           | Jean        | Fleaur      |
| Contracting          | Jean        | Fleaur      |
| Construction         | Jean        | Fleaur      |
| Manufacturing        | Jean        | Fleaur      |
| Benefits             | Jean        | Fleaur      |
| Shareholder Services | Jean        | Fleaur      |
| Control And Credit   | Jean        | Fleaur      |
| Corporate Tax        | Jean        | Fleaur      |
| Treasury             | Jean        | Fleaur      |
| Accounting           | Jean        | Fleaur      |
| Finance              | Jean        | Fleaur      |
| Executive            | Jean        | Fleaur      |
| Sales                | Jean        | Fleaur      |
| Public Relations     | Jean        | Fleaur      |
| IT                   | Jean        | Fleaur      |
| Shipping             | Jean        | Fleaur      |
| Human Resources      | Jean        | Fleaur      |
| Purchasing           | Jean        | Fleaur      |
| Marketing            | Jean        | Fleaur      |
| Administration       | Jean        | Fleaur      |
| Payroll              | Martha      | Sullivan    |
| Recruiting           | Martha      | Sullivan    |
| Retail Sales         | Martha      | Sullivan    |
| Government Sales     | Martha      | Sullivan    |
| IT Helpdesk          | Martha      | Sullivan    |
| NOC                  | Martha      | Sullivan    |
| IT Support           | Martha      | Sullivan    |
| Operations           | Martha      | Sullivan    |
| Contracting          | Martha      | Sullivan    |
| Construction         | Martha      | Sullivan    |
| Manufacturing        | Martha      | Sullivan    |
| Benefits             | Martha      | Sullivan    |
| Shareholder Services | Martha      | Sullivan    |
| Control And Credit   | Martha      | Sullivan    |
| Corporate Tax        | Martha      | Sullivan    |
| Treasury             | Martha      | Sullivan    |
| Accounting           | Martha      | Sullivan    |
| Finance              | Martha      | Sullivan    |
| Executive            | Martha      | Sullivan    |
| Sales                | Martha      | Sullivan    |
| Public Relations     | Martha      | Sullivan    |
| IT                   | Martha      | Sullivan    |
| Shipping             | Martha      | Sullivan    |
| Human Resources      | Martha      | Sullivan    |
| Purchasing           | Martha      | Sullivan    |
| Marketing            | Martha      | Sullivan    |
| Administration       | Martha      | Sullivan    |
| Payroll              | Girard      | Geoni       |
| Recruiting           | Girard      | Geoni       |
| Retail Sales         | Girard      | Geoni       |
| Government Sales     | Girard      | Geoni       |
| IT Helpdesk          | Girard      | Geoni       |
| NOC                  | Girard      | Geoni       |
| IT Support           | Girard      | Geoni       |
| Operations           | Girard      | Geoni       |
| Contracting          | Girard      | Geoni       |
| Construction         | Girard      | Geoni       |
| Manufacturing        | Girard      | Geoni       |
| Benefits             | Girard      | Geoni       |
| Shareholder Services | Girard      | Geoni       |
| Control And Credit   | Girard      | Geoni       |
| Corporate Tax        | Girard      | Geoni       |
| Treasury             | Girard      | Geoni       |
| Accounting           | Girard      | Geoni       |
| Finance              | Girard      | Geoni       |
| Executive            | Girard      | Geoni       |
| Sales                | Girard      | Geoni       |
| Public Relations     | Girard      | Geoni       |
| IT                   | Girard      | Geoni       |
| Shipping             | Girard      | Geoni       |
| Human Resources      | Girard      | Geoni       |
| Purchasing           | Girard      | Geoni       |
| Marketing            | Girard      | Geoni       |
| Administration       | Girard      | Geoni       |
| Payroll              | Nandita     | Sarchand    |
| Recruiting           | Nandita     | Sarchand    |
| Retail Sales         | Nandita     | Sarchand    |
| Government Sales     | Nandita     | Sarchand    |
| IT Helpdesk          | Nandita     | Sarchand    |
| NOC                  | Nandita     | Sarchand    |
| IT Support           | Nandita     | Sarchand    |
| Operations           | Nandita     | Sarchand    |
| Contracting          | Nandita     | Sarchand    |
| Construction         | Nandita     | Sarchand    |
| Manufacturing        | Nandita     | Sarchand    |
| Benefits             | Nandita     | Sarchand    |
| Shareholder Services | Nandita     | Sarchand    |
| Control And Credit   | Nandita     | Sarchand    |
| Corporate Tax        | Nandita     | Sarchand    |
| Treasury             | Nandita     | Sarchand    |
| Accounting           | Nandita     | Sarchand    |
| Finance              | Nandita     | Sarchand    |
| Executive            | Nandita     | Sarchand    |
| Sales                | Nandita     | Sarchand    |
| Public Relations     | Nandita     | Sarchand    |
| IT                   | Nandita     | Sarchand    |
| Shipping             | Nandita     | Sarchand    |
| Human Resources      | Nandita     | Sarchand    |
| Purchasing           | Nandita     | Sarchand    |
| Marketing            | Nandita     | Sarchand    |
| Administration       | Nandita     | Sarchand    |
| Payroll              | Alexis      | Bull        |
| Recruiting           | Alexis      | Bull        |
| Retail Sales         | Alexis      | Bull        |
| Government Sales     | Alexis      | Bull        |
| IT Helpdesk          | Alexis      | Bull        |
| NOC                  | Alexis      | Bull        |
| IT Support           | Alexis      | Bull        |
| Operations           | Alexis      | Bull        |
| Contracting          | Alexis      | Bull        |
| Construction         | Alexis      | Bull        |
| Manufacturing        | Alexis      | Bull        |
| Benefits             | Alexis      | Bull        |
| Shareholder Services | Alexis      | Bull        |
| Control And Credit   | Alexis      | Bull        |
| Corporate Tax        | Alexis      | Bull        |
| Treasury             | Alexis      | Bull        |
| Accounting           | Alexis      | Bull        |
| Finance              | Alexis      | Bull        |
| Executive            | Alexis      | Bull        |
| Sales                | Alexis      | Bull        |
| Public Relations     | Alexis      | Bull        |
| IT                   | Alexis      | Bull        |
| Shipping             | Alexis      | Bull        |
| Human Resources      | Alexis      | Bull        |
| Purchasing           | Alexis      | Bull        |
| Marketing            | Alexis      | Bull        |
| Administration       | Alexis      | Bull        |
| Payroll              | Julia       | Dellinger   |
| Recruiting           | Julia       | Dellinger   |
| Retail Sales         | Julia       | Dellinger   |
| Government Sales     | Julia       | Dellinger   |
| IT Helpdesk          | Julia       | Dellinger   |
| NOC                  | Julia       | Dellinger   |
| IT Support           | Julia       | Dellinger   |
| Operations           | Julia       | Dellinger   |
| Contracting          | Julia       | Dellinger   |
| Construction         | Julia       | Dellinger   |
| Manufacturing        | Julia       | Dellinger   |
| Benefits             | Julia       | Dellinger   |
| Shareholder Services | Julia       | Dellinger   |
| Control And Credit   | Julia       | Dellinger   |
| Corporate Tax        | Julia       | Dellinger   |
| Treasury             | Julia       | Dellinger   |
| Accounting           | Julia       | Dellinger   |
| Finance              | Julia       | Dellinger   |
| Executive            | Julia       | Dellinger   |
| Sales                | Julia       | Dellinger   |
| Public Relations     | Julia       | Dellinger   |
| IT                   | Julia       | Dellinger   |
| Shipping             | Julia       | Dellinger   |
| Human Resources      | Julia       | Dellinger   |
| Purchasing           | Julia       | Dellinger   |
| Marketing            | Julia       | Dellinger   |
| Administration       | Julia       | Dellinger   |
| Payroll              | Anthony     | Cabrio      |
| Recruiting           | Anthony     | Cabrio      |
| Retail Sales         | Anthony     | Cabrio      |
| Government Sales     | Anthony     | Cabrio      |
| IT Helpdesk          | Anthony     | Cabrio      |
| NOC                  | Anthony     | Cabrio      |
| IT Support           | Anthony     | Cabrio      |
| Operations           | Anthony     | Cabrio      |
| Contracting          | Anthony     | Cabrio      |
| Construction         | Anthony     | Cabrio      |
| Manufacturing        | Anthony     | Cabrio      |
| Benefits             | Anthony     | Cabrio      |
| Shareholder Services | Anthony     | Cabrio      |
| Control And Credit   | Anthony     | Cabrio      |
| Corporate Tax        | Anthony     | Cabrio      |
| Treasury             | Anthony     | Cabrio      |
| Accounting           | Anthony     | Cabrio      |
| Finance              | Anthony     | Cabrio      |
| Executive            | Anthony     | Cabrio      |
| Sales                | Anthony     | Cabrio      |
| Public Relations     | Anthony     | Cabrio      |
| IT                   | Anthony     | Cabrio      |
| Shipping             | Anthony     | Cabrio      |
| Human Resources      | Anthony     | Cabrio      |
| Purchasing           | Anthony     | Cabrio      |
| Marketing            | Anthony     | Cabrio      |
| Administration       | Anthony     | Cabrio      |
| Payroll              | Kelly       | Chung       |
| Recruiting           | Kelly       | Chung       |
| Retail Sales         | Kelly       | Chung       |
| Government Sales     | Kelly       | Chung       |
| IT Helpdesk          | Kelly       | Chung       |
| NOC                  | Kelly       | Chung       |
| IT Support           | Kelly       | Chung       |
| Operations           | Kelly       | Chung       |
| Contracting          | Kelly       | Chung       |
| Construction         | Kelly       | Chung       |
| Manufacturing        | Kelly       | Chung       |
| Benefits             | Kelly       | Chung       |
| Shareholder Services | Kelly       | Chung       |
| Control And Credit   | Kelly       | Chung       |
| Corporate Tax        | Kelly       | Chung       |
| Treasury             | Kelly       | Chung       |
| Accounting           | Kelly       | Chung       |
| Finance              | Kelly       | Chung       |
| Executive            | Kelly       | Chung       |
| Sales                | Kelly       | Chung       |
| Public Relations     | Kelly       | Chung       |
| IT                   | Kelly       | Chung       |
| Shipping             | Kelly       | Chung       |
| Human Resources      | Kelly       | Chung       |
| Purchasing           | Kelly       | Chung       |
| Marketing            | Kelly       | Chung       |
| Administration       | Kelly       | Chung       |
| Payroll              | Jennifer    | Dilly       |
| Recruiting           | Jennifer    | Dilly       |
| Retail Sales         | Jennifer    | Dilly       |
| Government Sales     | Jennifer    | Dilly       |
| IT Helpdesk          | Jennifer    | Dilly       |
| NOC                  | Jennifer    | Dilly       |
| IT Support           | Jennifer    | Dilly       |
| Operations           | Jennifer    | Dilly       |
| Contracting          | Jennifer    | Dilly       |
| Construction         | Jennifer    | Dilly       |
| Manufacturing        | Jennifer    | Dilly       |
| Benefits             | Jennifer    | Dilly       |
| Shareholder Services | Jennifer    | Dilly       |
| Control And Credit   | Jennifer    | Dilly       |
| Corporate Tax        | Jennifer    | Dilly       |
| Treasury             | Jennifer    | Dilly       |
| Accounting           | Jennifer    | Dilly       |
| Finance              | Jennifer    | Dilly       |
| Executive            | Jennifer    | Dilly       |
| Sales                | Jennifer    | Dilly       |
| Public Relations     | Jennifer    | Dilly       |
| IT                   | Jennifer    | Dilly       |
| Shipping             | Jennifer    | Dilly       |
| Human Resources      | Jennifer    | Dilly       |
| Purchasing           | Jennifer    | Dilly       |
| Marketing            | Jennifer    | Dilly       |
| Administration       | Jennifer    | Dilly       |
| Payroll              | Timothy     | Gates       |
| Recruiting           | Timothy     | Gates       |
| Retail Sales         | Timothy     | Gates       |
| Government Sales     | Timothy     | Gates       |
| IT Helpdesk          | Timothy     | Gates       |
| NOC                  | Timothy     | Gates       |
| IT Support           | Timothy     | Gates       |
| Operations           | Timothy     | Gates       |
| Contracting          | Timothy     | Gates       |
| Construction         | Timothy     | Gates       |
| Manufacturing        | Timothy     | Gates       |
| Benefits             | Timothy     | Gates       |
| Shareholder Services | Timothy     | Gates       |
| Control And Credit   | Timothy     | Gates       |
| Corporate Tax        | Timothy     | Gates       |
| Treasury             | Timothy     | Gates       |
| Accounting           | Timothy     | Gates       |
| Finance              | Timothy     | Gates       |
| Executive            | Timothy     | Gates       |
| Sales                | Timothy     | Gates       |
| Public Relations     | Timothy     | Gates       |
| IT                   | Timothy     | Gates       |
| Shipping             | Timothy     | Gates       |
| Human Resources      | Timothy     | Gates       |
| Purchasing           | Timothy     | Gates       |
| Marketing            | Timothy     | Gates       |
| Administration       | Timothy     | Gates       |
| Payroll              | Randall     | Perkins     |
| Recruiting           | Randall     | Perkins     |
| Retail Sales         | Randall     | Perkins     |
| Government Sales     | Randall     | Perkins     |
| IT Helpdesk          | Randall     | Perkins     |
| NOC                  | Randall     | Perkins     |
| IT Support           | Randall     | Perkins     |
| Operations           | Randall     | Perkins     |
| Contracting          | Randall     | Perkins     |
| Construction         | Randall     | Perkins     |
| Manufacturing        | Randall     | Perkins     |
| Benefits             | Randall     | Perkins     |
| Shareholder Services | Randall     | Perkins     |
| Control And Credit   | Randall     | Perkins     |
| Corporate Tax        | Randall     | Perkins     |
| Treasury             | Randall     | Perkins     |
| Accounting           | Randall     | Perkins     |
| Finance              | Randall     | Perkins     |
| Executive            | Randall     | Perkins     |
| Sales                | Randall     | Perkins     |
| Public Relations     | Randall     | Perkins     |
| IT                   | Randall     | Perkins     |
| Shipping             | Randall     | Perkins     |
| Human Resources      | Randall     | Perkins     |
| Purchasing           | Randall     | Perkins     |
| Marketing            | Randall     | Perkins     |
| Administration       | Randall     | Perkins     |
| Payroll              | Sarah       | Bell        |
| Recruiting           | Sarah       | Bell        |
| Retail Sales         | Sarah       | Bell        |
| Government Sales     | Sarah       | Bell        |
| IT Helpdesk          | Sarah       | Bell        |
| NOC                  | Sarah       | Bell        |
| IT Support           | Sarah       | Bell        |
| Operations           | Sarah       | Bell        |
| Contracting          | Sarah       | Bell        |
| Construction         | Sarah       | Bell        |
| Manufacturing        | Sarah       | Bell        |
| Benefits             | Sarah       | Bell        |
| Shareholder Services | Sarah       | Bell        |
| Control And Credit   | Sarah       | Bell        |
| Corporate Tax        | Sarah       | Bell        |
| Treasury             | Sarah       | Bell        |
| Accounting           | Sarah       | Bell        |
| Finance              | Sarah       | Bell        |
| Executive            | Sarah       | Bell        |
| Sales                | Sarah       | Bell        |
| Public Relations     | Sarah       | Bell        |
| IT                   | Sarah       | Bell        |
| Shipping             | Sarah       | Bell        |
| Human Resources      | Sarah       | Bell        |
| Purchasing           | Sarah       | Bell        |
| Marketing            | Sarah       | Bell        |
| Administration       | Sarah       | Bell        |
| Payroll              | Britney     | Everett     |
| Recruiting           | Britney     | Everett     |
| Retail Sales         | Britney     | Everett     |
| Government Sales     | Britney     | Everett     |
| IT Helpdesk          | Britney     | Everett     |
| NOC                  | Britney     | Everett     |
| IT Support           | Britney     | Everett     |
| Operations           | Britney     | Everett     |
| Contracting          | Britney     | Everett     |
| Construction         | Britney     | Everett     |
| Manufacturing        | Britney     | Everett     |
| Benefits             | Britney     | Everett     |
| Shareholder Services | Britney     | Everett     |
| Control And Credit   | Britney     | Everett     |
| Corporate Tax        | Britney     | Everett     |
| Treasury             | Britney     | Everett     |
| Accounting           | Britney     | Everett     |
| Finance              | Britney     | Everett     |
| Executive            | Britney     | Everett     |
| Sales                | Britney     | Everett     |
| Public Relations     | Britney     | Everett     |
| IT                   | Britney     | Everett     |
| Shipping             | Britney     | Everett     |
| Human Resources      | Britney     | Everett     |
| Purchasing           | Britney     | Everett     |
| Marketing            | Britney     | Everett     |
| Administration       | Britney     | Everett     |
| Payroll              | Samuel      | McCain      |
| Recruiting           | Samuel      | McCain      |
| Retail Sales         | Samuel      | McCain      |
| Government Sales     | Samuel      | McCain      |
| IT Helpdesk          | Samuel      | McCain      |
| NOC                  | Samuel      | McCain      |
| IT Support           | Samuel      | McCain      |
| Operations           | Samuel      | McCain      |
| Contracting          | Samuel      | McCain      |
| Construction         | Samuel      | McCain      |
| Manufacturing        | Samuel      | McCain      |
| Benefits             | Samuel      | McCain      |
| Shareholder Services | Samuel      | McCain      |
| Control And Credit   | Samuel      | McCain      |
| Corporate Tax        | Samuel      | McCain      |
| Treasury             | Samuel      | McCain      |
| Accounting           | Samuel      | McCain      |
| Finance              | Samuel      | McCain      |
| Executive            | Samuel      | McCain      |
| Sales                | Samuel      | McCain      |
| Public Relations     | Samuel      | McCain      |
| IT                   | Samuel      | McCain      |
| Shipping             | Samuel      | McCain      |
| Human Resources      | Samuel      | McCain      |
| Purchasing           | Samuel      | McCain      |
| Marketing            | Samuel      | McCain      |
| Administration       | Samuel      | McCain      |
| Payroll              | Vance       | Jones       |
| Recruiting           | Vance       | Jones       |
| Retail Sales         | Vance       | Jones       |
| Government Sales     | Vance       | Jones       |
| IT Helpdesk          | Vance       | Jones       |
| NOC                  | Vance       | Jones       |
| IT Support           | Vance       | Jones       |
| Operations           | Vance       | Jones       |
| Contracting          | Vance       | Jones       |
| Construction         | Vance       | Jones       |
| Manufacturing        | Vance       | Jones       |
| Benefits             | Vance       | Jones       |
| Shareholder Services | Vance       | Jones       |
| Control And Credit   | Vance       | Jones       |
| Corporate Tax        | Vance       | Jones       |
| Treasury             | Vance       | Jones       |
| Accounting           | Vance       | Jones       |
| Finance              | Vance       | Jones       |
| Executive            | Vance       | Jones       |
| Sales                | Vance       | Jones       |
| Public Relations     | Vance       | Jones       |
| IT                   | Vance       | Jones       |
| Shipping             | Vance       | Jones       |
| Human Resources      | Vance       | Jones       |
| Purchasing           | Vance       | Jones       |
| Marketing            | Vance       | Jones       |
| Administration       | Vance       | Jones       |
| Payroll              | Alana       | Walsh       |
| Recruiting           | Alana       | Walsh       |
| Retail Sales         | Alana       | Walsh       |
| Government Sales     | Alana       | Walsh       |
| IT Helpdesk          | Alana       | Walsh       |
| NOC                  | Alana       | Walsh       |
| IT Support           | Alana       | Walsh       |
| Operations           | Alana       | Walsh       |
| Contracting          | Alana       | Walsh       |
| Construction         | Alana       | Walsh       |
| Manufacturing        | Alana       | Walsh       |
| Benefits             | Alana       | Walsh       |
| Shareholder Services | Alana       | Walsh       |
| Control And Credit   | Alana       | Walsh       |
| Corporate Tax        | Alana       | Walsh       |
| Treasury             | Alana       | Walsh       |
| Accounting           | Alana       | Walsh       |
| Finance              | Alana       | Walsh       |
| Executive            | Alana       | Walsh       |
| Sales                | Alana       | Walsh       |
| Public Relations     | Alana       | Walsh       |
| IT                   | Alana       | Walsh       |
| Shipping             | Alana       | Walsh       |
| Human Resources      | Alana       | Walsh       |
| Purchasing           | Alana       | Walsh       |
| Marketing            | Alana       | Walsh       |
| Administration       | Alana       | Walsh       |
| Payroll              | Kevin       | Feeney      |
| Recruiting           | Kevin       | Feeney      |
| Retail Sales         | Kevin       | Feeney      |
| Government Sales     | Kevin       | Feeney      |
| IT Helpdesk          | Kevin       | Feeney      |
| NOC                  | Kevin       | Feeney      |
| IT Support           | Kevin       | Feeney      |
| Operations           | Kevin       | Feeney      |
| Contracting          | Kevin       | Feeney      |
| Construction         | Kevin       | Feeney      |
| Manufacturing        | Kevin       | Feeney      |
| Benefits             | Kevin       | Feeney      |
| Shareholder Services | Kevin       | Feeney      |
| Control And Credit   | Kevin       | Feeney      |
| Corporate Tax        | Kevin       | Feeney      |
| Treasury             | Kevin       | Feeney      |
| Accounting           | Kevin       | Feeney      |
| Finance              | Kevin       | Feeney      |
| Executive            | Kevin       | Feeney      |
| Sales                | Kevin       | Feeney      |
| Public Relations     | Kevin       | Feeney      |
| IT                   | Kevin       | Feeney      |
| Shipping             | Kevin       | Feeney      |
| Human Resources      | Kevin       | Feeney      |
| Purchasing           | Kevin       | Feeney      |
| Marketing            | Kevin       | Feeney      |
| Administration       | Kevin       | Feeney      |
| Payroll              | Donald      | OConnell    |
| Recruiting           | Donald      | OConnell    |
| Retail Sales         | Donald      | OConnell    |
| Government Sales     | Donald      | OConnell    |
| IT Helpdesk          | Donald      | OConnell    |
| NOC                  | Donald      | OConnell    |
| IT Support           | Donald      | OConnell    |
| Operations           | Donald      | OConnell    |
| Contracting          | Donald      | OConnell    |
| Construction         | Donald      | OConnell    |
| Manufacturing        | Donald      | OConnell    |
| Benefits             | Donald      | OConnell    |
| Shareholder Services | Donald      | OConnell    |
| Control And Credit   | Donald      | OConnell    |
| Corporate Tax        | Donald      | OConnell    |
| Treasury             | Donald      | OConnell    |
| Accounting           | Donald      | OConnell    |
| Finance              | Donald      | OConnell    |
| Executive            | Donald      | OConnell    |
| Sales                | Donald      | OConnell    |
| Public Relations     | Donald      | OConnell    |
| IT                   | Donald      | OConnell    |
| Shipping             | Donald      | OConnell    |
| Human Resources      | Donald      | OConnell    |
| Purchasing           | Donald      | OConnell    |
| Marketing            | Donald      | OConnell    |
| Administration       | Donald      | OConnell    |
| Payroll              | Douglas     | Grant       |
| Recruiting           | Douglas     | Grant       |
| Retail Sales         | Douglas     | Grant       |
| Government Sales     | Douglas     | Grant       |
| IT Helpdesk          | Douglas     | Grant       |
| NOC                  | Douglas     | Grant       |
| IT Support           | Douglas     | Grant       |
| Operations           | Douglas     | Grant       |
| Contracting          | Douglas     | Grant       |
| Construction         | Douglas     | Grant       |
| Manufacturing        | Douglas     | Grant       |
| Benefits             | Douglas     | Grant       |
| Shareholder Services | Douglas     | Grant       |
| Control And Credit   | Douglas     | Grant       |
| Corporate Tax        | Douglas     | Grant       |
| Treasury             | Douglas     | Grant       |
| Accounting           | Douglas     | Grant       |
| Finance              | Douglas     | Grant       |
| Executive            | Douglas     | Grant       |
| Sales                | Douglas     | Grant       |
| Public Relations     | Douglas     | Grant       |
| IT                   | Douglas     | Grant       |
| Shipping             | Douglas     | Grant       |
| Human Resources      | Douglas     | Grant       |
| Purchasing           | Douglas     | Grant       |
| Marketing            | Douglas     | Grant       |
| Administration       | Douglas     | Grant       |
| Payroll              | Jennifer    | Whalen      |
| Recruiting           | Jennifer    | Whalen      |
| Retail Sales         | Jennifer    | Whalen      |
| Government Sales     | Jennifer    | Whalen      |
| IT Helpdesk          | Jennifer    | Whalen      |
| NOC                  | Jennifer    | Whalen      |
| IT Support           | Jennifer    | Whalen      |
| Operations           | Jennifer    | Whalen      |
| Contracting          | Jennifer    | Whalen      |
| Construction         | Jennifer    | Whalen      |
| Manufacturing        | Jennifer    | Whalen      |
| Benefits             | Jennifer    | Whalen      |
| Shareholder Services | Jennifer    | Whalen      |
| Control And Credit   | Jennifer    | Whalen      |
| Corporate Tax        | Jennifer    | Whalen      |
| Treasury             | Jennifer    | Whalen      |
| Accounting           | Jennifer    | Whalen      |
| Finance              | Jennifer    | Whalen      |
| Executive            | Jennifer    | Whalen      |
| Sales                | Jennifer    | Whalen      |
| Public Relations     | Jennifer    | Whalen      |
| IT                   | Jennifer    | Whalen      |
| Shipping             | Jennifer    | Whalen      |
| Human Resources      | Jennifer    | Whalen      |
| Purchasing           | Jennifer    | Whalen      |
| Marketing            | Jennifer    | Whalen      |
| Administration       | Jennifer    | Whalen      |
| Payroll              | Michael     | Hartstein   |
| Recruiting           | Michael     | Hartstein   |
| Retail Sales         | Michael     | Hartstein   |
| Government Sales     | Michael     | Hartstein   |
| IT Helpdesk          | Michael     | Hartstein   |
| NOC                  | Michael     | Hartstein   |
| IT Support           | Michael     | Hartstein   |
| Operations           | Michael     | Hartstein   |
| Contracting          | Michael     | Hartstein   |
| Construction         | Michael     | Hartstein   |
| Manufacturing        | Michael     | Hartstein   |
| Benefits             | Michael     | Hartstein   |
| Shareholder Services | Michael     | Hartstein   |
| Control And Credit   | Michael     | Hartstein   |
| Corporate Tax        | Michael     | Hartstein   |
| Treasury             | Michael     | Hartstein   |
| Accounting           | Michael     | Hartstein   |
| Finance              | Michael     | Hartstein   |
| Executive            | Michael     | Hartstein   |
| Sales                | Michael     | Hartstein   |
| Public Relations     | Michael     | Hartstein   |
| IT                   | Michael     | Hartstein   |
| Shipping             | Michael     | Hartstein   |
| Human Resources      | Michael     | Hartstein   |
| Purchasing           | Michael     | Hartstein   |
| Marketing            | Michael     | Hartstein   |
| Administration       | Michael     | Hartstein   |
| Payroll              | Pat         | Fay         |
| Recruiting           | Pat         | Fay         |
| Retail Sales         | Pat         | Fay         |
| Government Sales     | Pat         | Fay         |
| IT Helpdesk          | Pat         | Fay         |
| NOC                  | Pat         | Fay         |
| IT Support           | Pat         | Fay         |
| Operations           | Pat         | Fay         |
| Contracting          | Pat         | Fay         |
| Construction         | Pat         | Fay         |
| Manufacturing        | Pat         | Fay         |
| Benefits             | Pat         | Fay         |
| Shareholder Services | Pat         | Fay         |
| Control And Credit   | Pat         | Fay         |
| Corporate Tax        | Pat         | Fay         |
| Treasury             | Pat         | Fay         |
| Accounting           | Pat         | Fay         |
| Finance              | Pat         | Fay         |
| Executive            | Pat         | Fay         |
| Sales                | Pat         | Fay         |
| Public Relations     | Pat         | Fay         |
| IT                   | Pat         | Fay         |
| Shipping             | Pat         | Fay         |
| Human Resources      | Pat         | Fay         |
| Purchasing           | Pat         | Fay         |
| Marketing            | Pat         | Fay         |
| Administration       | Pat         | Fay         |
| Payroll              | Susan       | Mavris      |
| Recruiting           | Susan       | Mavris      |
| Retail Sales         | Susan       | Mavris      |
| Government Sales     | Susan       | Mavris      |
| IT Helpdesk          | Susan       | Mavris      |
| NOC                  | Susan       | Mavris      |
| IT Support           | Susan       | Mavris      |
| Operations           | Susan       | Mavris      |
| Contracting          | Susan       | Mavris      |
| Construction         | Susan       | Mavris      |
| Manufacturing        | Susan       | Mavris      |
| Benefits             | Susan       | Mavris      |
| Shareholder Services | Susan       | Mavris      |
| Control And Credit   | Susan       | Mavris      |
| Corporate Tax        | Susan       | Mavris      |
| Treasury             | Susan       | Mavris      |
| Accounting           | Susan       | Mavris      |
| Finance              | Susan       | Mavris      |
| Executive            | Susan       | Mavris      |
| Sales                | Susan       | Mavris      |
| Public Relations     | Susan       | Mavris      |
| IT                   | Susan       | Mavris      |
| Shipping             | Susan       | Mavris      |
| Human Resources      | Susan       | Mavris      |
| Purchasing           | Susan       | Mavris      |
| Marketing            | Susan       | Mavris      |
| Administration       | Susan       | Mavris      |
| Payroll              | Hermann     | Baer        |
| Recruiting           | Hermann     | Baer        |
| Retail Sales         | Hermann     | Baer        |
| Government Sales     | Hermann     | Baer        |
| IT Helpdesk          | Hermann     | Baer        |
| NOC                  | Hermann     | Baer        |
| IT Support           | Hermann     | Baer        |
| Operations           | Hermann     | Baer        |
| Contracting          | Hermann     | Baer        |
| Construction         | Hermann     | Baer        |
| Manufacturing        | Hermann     | Baer        |
| Benefits             | Hermann     | Baer        |
| Shareholder Services | Hermann     | Baer        |
| Control And Credit   | Hermann     | Baer        |
| Corporate Tax        | Hermann     | Baer        |
| Treasury             | Hermann     | Baer        |
| Accounting           | Hermann     | Baer        |
| Finance              | Hermann     | Baer        |
| Executive            | Hermann     | Baer        |
| Sales                | Hermann     | Baer        |
| Public Relations     | Hermann     | Baer        |
| IT                   | Hermann     | Baer        |
| Shipping             | Hermann     | Baer        |
| Human Resources      | Hermann     | Baer        |
| Purchasing           | Hermann     | Baer        |
| Marketing            | Hermann     | Baer        |
| Administration       | Hermann     | Baer        |
| Payroll              | Shelley     | Higgins     |
| Recruiting           | Shelley     | Higgins     |
| Retail Sales         | Shelley     | Higgins     |
| Government Sales     | Shelley     | Higgins     |
| IT Helpdesk          | Shelley     | Higgins     |
| NOC                  | Shelley     | Higgins     |
| IT Support           | Shelley     | Higgins     |
| Operations           | Shelley     | Higgins     |
| Contracting          | Shelley     | Higgins     |
| Construction         | Shelley     | Higgins     |
| Manufacturing        | Shelley     | Higgins     |
| Benefits             | Shelley     | Higgins     |
| Shareholder Services | Shelley     | Higgins     |
| Control And Credit   | Shelley     | Higgins     |
| Corporate Tax        | Shelley     | Higgins     |
| Treasury             | Shelley     | Higgins     |
| Accounting           | Shelley     | Higgins     |
| Finance              | Shelley     | Higgins     |
| Executive            | Shelley     | Higgins     |
| Sales                | Shelley     | Higgins     |
| Public Relations     | Shelley     | Higgins     |
| IT                   | Shelley     | Higgins     |
| Shipping             | Shelley     | Higgins     |
| Human Resources      | Shelley     | Higgins     |
| Purchasing           | Shelley     | Higgins     |
| Marketing            | Shelley     | Higgins     |
| Administration       | Shelley     | Higgins     |
| Payroll              | William     | Gietz       |
| Recruiting           | William     | Gietz       |
| Retail Sales         | William     | Gietz       |
| Government Sales     | William     | Gietz       |
| IT Helpdesk          | William     | Gietz       |
| NOC                  | William     | Gietz       |
| IT Support           | William     | Gietz       |
| Operations           | William     | Gietz       |
| Contracting          | William     | Gietz       |
| Construction         | William     | Gietz       |
| Manufacturing        | William     | Gietz       |
| Benefits             | William     | Gietz       |
| Shareholder Services | William     | Gietz       |
| Control And Credit   | William     | Gietz       |
| Corporate Tax        | William     | Gietz       |
| Treasury             | William     | Gietz       |
| Accounting           | William     | Gietz       |
| Finance              | William     | Gietz       |
| Executive            | William     | Gietz       |
| Sales                | William     | Gietz       |
| Public Relations     | William     | Gietz       |
| IT                   | William     | Gietz       |
| Shipping             | William     | Gietz       |
| Human Resources      | William     | Gietz       |
| Purchasing           | William     | Gietz       |
| Marketing            | William     | Gietz       |
| Administration       | William     | Gietz       |
+----------------------+-------------+-------------+
2889 rows in set (0.0020 sec)
 MySQL  localhost:3306 ssl  comp2  SQL > select a.department_name, b.first_name, b.last_name from departments a inner join employees b on b.department_id = a.department_id;
+------------------+-------------+-------------+
| department_name  | first_name  | last_name   |
+------------------+-------------+-------------+
| Administration   | Jennifer    | Whalen      |
| Marketing        | Michael     | Hartstein   |
| Marketing        | Pat         | Fay         |
| Purchasing       | Den         | Raphaely    |
| Purchasing       | Alexander   | Khoo        |
| Purchasing       | Shelli      | Baida       |
| Purchasing       | Sigal       | Tobias      |
| Purchasing       | Guy         | Himuro      |
| Purchasing       | Karen       | Colmenares  |
| Human Resources  | Susan       | Mavris      |
| Shipping         | Matthew     | Weiss       |
| Shipping         | Adam        | Fripp       |
| Shipping         | Payam       | Kaufling    |
| Shipping         | Shanta      | Vollman     |
| Shipping         | Kevin       | Mourgos     |
| Shipping         | Julia       | Nayer       |
| Shipping         | Irene       | Mikkilineni |
| Shipping         | James       | Landry      |
| Shipping         | Steven      | Markle      |
| Shipping         | Laura       | Bissot      |
| Shipping         | Mozhe       | Atkinson    |
| Shipping         | James       | Marlow      |
| Shipping         | TJ          | Olson       |
| Shipping         | Jason       | Mallin      |
| Shipping         | Michael     | Rogers      |
| Shipping         | Ki          | Gee         |
| Shipping         | Hazel       | Philtanker  |
| Shipping         | Renske      | Ladwig      |
| Shipping         | Stephen     | Stiles      |
| Shipping         | John        | Seo         |
| Shipping         | Joshua      | Patel       |
| Shipping         | Trenna      | Rajs        |
| Shipping         | Curtis      | Davies      |
| Shipping         | Randall     | Matos       |
| Shipping         | Peter       | Vargas      |
| Shipping         | Winston     | Taylor      |
| Shipping         | Jean        | Fleaur      |
| Shipping         | Martha      | Sullivan    |
| Shipping         | Girard      | Geoni       |
| Shipping         | Nandita     | Sarchand    |
| Shipping         | Alexis      | Bull        |
| Shipping         | Julia       | Dellinger   |
| Shipping         | Anthony     | Cabrio      |
| Shipping         | Kelly       | Chung       |
| Shipping         | Jennifer    | Dilly       |
| Shipping         | Timothy     | Gates       |
| Shipping         | Randall     | Perkins     |
| Shipping         | Sarah       | Bell        |
| Shipping         | Britney     | Everett     |
| Shipping         | Samuel      | McCain      |
| Shipping         | Vance       | Jones       |
| Shipping         | Alana       | Walsh       |
| Shipping         | Kevin       | Feeney      |
| Shipping         | Donald      | OConnell    |
| Shipping         | Douglas     | Grant       |
| IT               | Alexander   | Hunold      |
| IT               | Bruce       | Ernst       |
| IT               | David       | Austin      |
| IT               | Valli       | Pataballa   |
| IT               | Diana       | Lorentz     |
| Public Relations | Hermann     | Baer        |
| Sales            | John        | Russell     |
| Sales            | Karen       | Partners    |
| Sales            | Alberto     | Errazuriz   |
| Sales            | Gerald      | Cambrault   |
| Sales            | Eleni       | Zlotkey     |
| Sales            | Peter       | Tucker      |
| Sales            | David       | Bernstein   |
| Sales            | Peter       | Hall        |
| Sales            | Christopher | Olsen       |
| Sales            | Nanette     | Cambrault   |
| Sales            | Oliver      | Tuvault     |
| Sales            | Janette     | King        |
| Sales            | Patrick     | Sully       |
| Sales            | Allan       | McEwen      |
| Sales            | Lindsey     | Smith       |
| Sales            | Louise      | Doran       |
| Sales            | Sarath      | Sewall      |
| Sales            | Clara       | Vishney     |
| Sales            | Danielle    | Greene      |
| Sales            | Mattea      | Marvins     |
| Sales            | David       | Lee         |
| Sales            | Sundar      | Ande        |
| Sales            | Amit        | Banda       |
| Sales            | Lisa        | Ozer        |
| Sales            | Harrison    | Bloom       |
| Sales            | Tayler      | Fox         |
| Sales            | William     | Smith       |
| Sales            | Elizabeth   | Bates       |
| Sales            | Sundita     | Kumar       |
| Sales            | Ellen       | Abel        |
| Sales            | Alyssa      | Hutton      |
| Sales            | Jonathon    | Taylor      |
| Sales            | Jack        | Livingston  |
| Sales            | Charles     | Johnson     |
| Executive        | Steven      | King        |
| Executive        | Neena       | Kochhar     |
| Executive        | Lex         | De Haan     |
| Finance          | Nancy       | Greenberg   |
| Finance          | Daniel      | Faviet      |
| Finance          | John        | Chen        |
| Finance          | Ismael      | Sciarra     |
| Finance          | Jose Manuel | Urman       |
| Finance          | Luis        | Popp        |
| Accounting       | Shelley     | Higgins     |
| Accounting       | William     | Gietz       |
+------------------+-------------+-------------+
106 rows in set (0.0015 sec)
 MySQL  localhost:3306 ssl  comp2  SQL > select a.department_name, b.first_name, b.last_name from departments a right join employees b on b.department_id = a.department_id;
+------------------+-------------+-------------+
| department_name  | first_name  | last_name   |
+------------------+-------------+-------------+
| Executive        | Steven      | King        |
| Executive        | Neena       | Kochhar     |
| Executive        | Lex         | De Haan     |
| IT               | Alexander   | Hunold      |
| IT               | Bruce       | Ernst       |
| IT               | David       | Austin      |
| IT               | Valli       | Pataballa   |
| IT               | Diana       | Lorentz     |
| Finance          | Nancy       | Greenberg   |
| Finance          | Daniel      | Faviet      |
| Finance          | John        | Chen        |
| Finance          | Ismael      | Sciarra     |
| Finance          | Jose Manuel | Urman       |
| Finance          | Luis        | Popp        |
| Purchasing       | Den         | Raphaely    |
| Purchasing       | Alexander   | Khoo        |
| Purchasing       | Shelli      | Baida       |
| Purchasing       | Sigal       | Tobias      |
| Purchasing       | Guy         | Himuro      |
| Purchasing       | Karen       | Colmenares  |
| Shipping         | Matthew     | Weiss       |
| Shipping         | Adam        | Fripp       |
| Shipping         | Payam       | Kaufling    |
| Shipping         | Shanta      | Vollman     |
| Shipping         | Kevin       | Mourgos     |
| Shipping         | Julia       | Nayer       |
| Shipping         | Irene       | Mikkilineni |
| Shipping         | James       | Landry      |
| Shipping         | Steven      | Markle      |
| Shipping         | Laura       | Bissot      |
| Shipping         | Mozhe       | Atkinson    |
| Shipping         | James       | Marlow      |
| Shipping         | TJ          | Olson       |
| Shipping         | Jason       | Mallin      |
| Shipping         | Michael     | Rogers      |
| Shipping         | Ki          | Gee         |
| Shipping         | Hazel       | Philtanker  |
| Shipping         | Renske      | Ladwig      |
| Shipping         | Stephen     | Stiles      |
| Shipping         | John        | Seo         |
| Shipping         | Joshua      | Patel       |
| Shipping         | Trenna      | Rajs        |
| Shipping         | Curtis      | Davies      |
| Shipping         | Randall     | Matos       |
| Shipping         | Peter       | Vargas      |
| Sales            | John        | Russell     |
| Sales            | Karen       | Partners    |
| Sales            | Alberto     | Errazuriz   |
| Sales            | Gerald      | Cambrault   |
| Sales            | Eleni       | Zlotkey     |
| Sales            | Peter       | Tucker      |
| Sales            | David       | Bernstein   |
| Sales            | Peter       | Hall        |
| Sales            | Christopher | Olsen       |
| Sales            | Nanette     | Cambrault   |
| Sales            | Oliver      | Tuvault     |
| Sales            | Janette     | King        |
| Sales            | Patrick     | Sully       |
| Sales            | Allan       | McEwen      |
| Sales            | Lindsey     | Smith       |
| Sales            | Louise      | Doran       |
| Sales            | Sarath      | Sewall      |
| Sales            | Clara       | Vishney     |
| Sales            | Danielle    | Greene      |
| Sales            | Mattea      | Marvins     |
| Sales            | David       | Lee         |
| Sales            | Sundar      | Ande        |
| Sales            | Amit        | Banda       |
| Sales            | Lisa        | Ozer        |
| Sales            | Harrison    | Bloom       |
| Sales            | Tayler      | Fox         |
| Sales            | William     | Smith       |
| Sales            | Elizabeth   | Bates       |
| Sales            | Sundita     | Kumar       |
| Sales            | Ellen       | Abel        |
| Sales            | Alyssa      | Hutton      |
| Sales            | Jonathon    | Taylor      |
| Sales            | Jack        | Livingston  |
| NULL             | Kimberely   | Grant       |
| Sales            | Charles     | Johnson     |
| Shipping         | Winston     | Taylor      |
| Shipping         | Jean        | Fleaur      |
| Shipping         | Martha      | Sullivan    |
| Shipping         | Girard      | Geoni       |
| Shipping         | Nandita     | Sarchand    |
| Shipping         | Alexis      | Bull        |
| Shipping         | Julia       | Dellinger   |
| Shipping         | Anthony     | Cabrio      |
| Shipping         | Kelly       | Chung       |
| Shipping         | Jennifer    | Dilly       |
| Shipping         | Timothy     | Gates       |
| Shipping         | Randall     | Perkins     |
| Shipping         | Sarah       | Bell        |
| Shipping         | Britney     | Everett     |
| Shipping         | Samuel      | McCain      |
| Shipping         | Vance       | Jones       |
| Shipping         | Alana       | Walsh       |
| Shipping         | Kevin       | Feeney      |
| Shipping         | Donald      | OConnell    |
| Shipping         | Douglas     | Grant       |
| Administration   | Jennifer    | Whalen      |
| Marketing        | Michael     | Hartstein   |
| Marketing        | Pat         | Fay         |
| Human Resources  | Susan       | Mavris      |
| Public Relations | Hermann     | Baer        |
| Accounting       | Shelley     | Higgins     |
| Accounting       | William     | Gietz       |
+------------------+-------------+-------------+
107 rows in set (0.0013 sec)
 MySQL  localhost:3306 ssl  comp2  SQL > select a.department_name, b.first_name, b.last_name from departments a right join employees b on b.department_id = a.department_id order by a.department_name, b.last_name;
+------------------+-------------+-------------+
| department_name  | first_name  | last_name   |
+------------------+-------------+-------------+
| NULL             | Kimberely   | Grant       |
| Accounting       | William     | Gietz       |
| Accounting       | Shelley     | Higgins     |
| Administration   | Jennifer    | Whalen      |
| Executive        | Lex         | De Haan     |
| Executive        | Steven      | King        |
| Executive        | Neena       | Kochhar     |
| Finance          | John        | Chen        |
| Finance          | Daniel      | Faviet      |
| Finance          | Nancy       | Greenberg   |
| Finance          | Luis        | Popp        |
| Finance          | Ismael      | Sciarra     |
| Finance          | Jose Manuel | Urman       |
| Human Resources  | Susan       | Mavris      |
| IT               | David       | Austin      |
| IT               | Bruce       | Ernst       |
| IT               | Alexander   | Hunold      |
| IT               | Diana       | Lorentz     |
| IT               | Valli       | Pataballa   |
| Marketing        | Pat         | Fay         |
| Marketing        | Michael     | Hartstein   |
| Public Relations | Hermann     | Baer        |
| Purchasing       | Shelli      | Baida       |
| Purchasing       | Karen       | Colmenares  |
| Purchasing       | Guy         | Himuro      |
| Purchasing       | Alexander   | Khoo        |
| Purchasing       | Den         | Raphaely    |
| Purchasing       | Sigal       | Tobias      |
| Sales            | Ellen       | Abel        |
| Sales            | Sundar      | Ande        |
| Sales            | Amit        | Banda       |
| Sales            | Elizabeth   | Bates       |
| Sales            | David       | Bernstein   |
| Sales            | Harrison    | Bloom       |
| Sales            | Nanette     | Cambrault   |
| Sales            | Gerald      | Cambrault   |
| Sales            | Louise      | Doran       |
| Sales            | Alberto     | Errazuriz   |
| Sales            | Tayler      | Fox         |
| Sales            | Danielle    | Greene      |
| Sales            | Peter       | Hall        |
| Sales            | Alyssa      | Hutton      |
| Sales            | Charles     | Johnson     |
| Sales            | Janette     | King        |
| Sales            | Sundita     | Kumar       |
| Sales            | David       | Lee         |
| Sales            | Jack        | Livingston  |
| Sales            | Mattea      | Marvins     |
| Sales            | Allan       | McEwen      |
| Sales            | Christopher | Olsen       |
| Sales            | Lisa        | Ozer        |
| Sales            | Karen       | Partners    |
| Sales            | John        | Russell     |
| Sales            | Sarath      | Sewall      |
| Sales            | Lindsey     | Smith       |
| Sales            | William     | Smith       |
| Sales            | Patrick     | Sully       |
| Sales            | Jonathon    | Taylor      |
| Sales            | Peter       | Tucker      |
| Sales            | Oliver      | Tuvault     |
| Sales            | Clara       | Vishney     |
| Sales            | Eleni       | Zlotkey     |
| Shipping         | Mozhe       | Atkinson    |
| Shipping         | Sarah       | Bell        |
| Shipping         | Laura       | Bissot      |
| Shipping         | Alexis      | Bull        |
| Shipping         | Anthony     | Cabrio      |
| Shipping         | Kelly       | Chung       |
| Shipping         | Curtis      | Davies      |
| Shipping         | Julia       | Dellinger   |
| Shipping         | Jennifer    | Dilly       |
| Shipping         | Britney     | Everett     |
| Shipping         | Kevin       | Feeney      |
| Shipping         | Jean        | Fleaur      |
| Shipping         | Adam        | Fripp       |
| Shipping         | Timothy     | Gates       |
| Shipping         | Ki          | Gee         |
| Shipping         | Girard      | Geoni       |
| Shipping         | Douglas     | Grant       |
| Shipping         | Vance       | Jones       |
| Shipping         | Payam       | Kaufling    |
| Shipping         | Renske      | Ladwig      |
| Shipping         | James       | Landry      |
| Shipping         | Jason       | Mallin      |
| Shipping         | Steven      | Markle      |
| Shipping         | James       | Marlow      |
| Shipping         | Randall     | Matos       |
| Shipping         | Samuel      | McCain      |
| Shipping         | Irene       | Mikkilineni |
| Shipping         | Kevin       | Mourgos     |
| Shipping         | Julia       | Nayer       |
| Shipping         | Donald      | OConnell    |
| Shipping         | TJ          | Olson       |
| Shipping         | Joshua      | Patel       |
| Shipping         | Randall     | Perkins     |
| Shipping         | Hazel       | Philtanker  |
| Shipping         | Trenna      | Rajs        |
| Shipping         | Michael     | Rogers      |
| Shipping         | Nandita     | Sarchand    |
| Shipping         | John        | Seo         |
| Shipping         | Stephen     | Stiles      |
| Shipping         | Martha      | Sullivan    |
| Shipping         | Winston     | Taylor      |
| Shipping         | Peter       | Vargas      |
| Shipping         | Shanta      | Vollman     |
| Shipping         | Alana       | Walsh       |
| Shipping         | Matthew     | Weiss       |
+------------------+-------------+-------------+
107 rows in set (0.0013 sec)
 MySQL  localhost:3306 ssl  comp2  SQL > desc location;
ERROR: 1146 (42S02): Table 'comp2.location' doesn't exist
 MySQL  localhost:3306 ssl  comp2  SQL > desc locations;
+----------------+--------------+------+-----+---------+-------+
| Field          | Type         | Null | Key | Default | Extra |
+----------------+--------------+------+-----+---------+-------+
| LOCATION_ID    | decimal(4,0) | NO   | PRI | 0       |       |
| STREET_ADDRESS | varchar(40)  | YES  |     | NULL    |       |
| POSTAL_CODE    | varchar(12)  | YES  |     | NULL    |       |
| CITY           | varchar(30)  | NO   | MUL | NULL    |       |
| STATE_PROVINCE | varchar(25)  | YES  | MUL | NULL    |       |
| COUNTRY_ID     | varchar(2)   | YES  | MUL | NULL    |       |
+----------------+--------------+------+-----+---------+-------+
6 rows in set (0.0023 sec)
 MySQL  localhost:3306 ssl  comp2  SQL > desc contrys;
ERROR: 1146 (42S02): Table 'comp2.contrys' doesn't exist
 MySQL  localhost:3306 ssl  comp2  SQL > desc contry;
ERROR: 1146 (42S02): Table 'comp2.contry' doesn't exist
 MySQL  localhost:3306 ssl  comp2  SQL > desc countrys;
ERROR: 1146 (42S02): Table 'comp2.countrys' doesn't exist
 MySQL  localhost:3306 ssl  comp2  SQL > desc country;
ERROR: 1146 (42S02): Table 'comp2.country' doesn't exist
 MySQL  localhost:3306 ssl  comp2  SQL > desc countries;
+--------------+---------------+------+-----+---------+-------+
| Field        | Type          | Null | Key | Default | Extra |
+--------------+---------------+------+-----+---------+-------+
| COUNTRY_ID   | varchar(2)    | NO   | PRI | NULL    |       |
| COUNTRY_NAME | varchar(40)   | YES  |     | NULL    |       |
| REGION_ID    | decimal(10,0) | YES  | MUL | NULL    |       |
+--------------+---------------+------+-----+---------+-------+
3 rows in set (0.0016 sec)
 MySQL  localhost:3306 ssl  comp2  SQL > select * from deparments;
ERROR: 1146 (42S02): Table 'comp2.deparments' doesn't exist
 MySQL  localhost:3306 ssl  comp2  SQL > select * from departments;
+---------------+----------------------+------------+-------------+
| DEPARTMENT_ID | DEPARTMENT_NAME      | MANAGER_ID | LOCATION_ID |
+---------------+----------------------+------------+-------------+
|            10 | Administration       |        200 |        1700 |
|            20 | Marketing            |        201 |        1800 |
|            30 | Purchasing           |        114 |        1700 |
|            40 | Human Resources      |        203 |        2400 |
|            50 | Shipping             |        121 |        1500 |
|            60 | IT                   |        103 |        1400 |
|            70 | Public Relations     |        204 |        2700 |
|            80 | Sales                |        145 |        2500 |
|            90 | Executive            |        100 |        1700 |
|           100 | Finance              |        108 |        1700 |
|           110 | Accounting           |        205 |        1700 |
|           120 | Treasury             |          0 |        1700 |
|           130 | Corporate Tax        |          0 |        1700 |
|           140 | Control And Credit   |          0 |        1700 |
|           150 | Shareholder Services |          0 |        1700 |
|           160 | Benefits             |          0 |        1700 |
|           170 | Manufacturing        |          0 |        1700 |
|           180 | Construction         |          0 |        1700 |
|           190 | Contracting          |          0 |        1700 |
|           200 | Operations           |          0 |        1700 |
|           210 | IT Support           |          0 |        1700 |
|           220 | NOC                  |          0 |        1700 |
|           230 | IT Helpdesk          |          0 |        1700 |
|           240 | Government Sales     |          0 |        1700 |
|           250 | Retail Sales         |          0 |        1700 |
|           260 | Recruiting           |          0 |        1700 |
|           270 | Payroll              |          0 |        1700 |
+---------------+----------------------+------------+-------------+
27 rows in set (0.0007 sec)
 MySQL  localhost:3306 ssl  comp2  SQL > desc countries;
+--------------+---------------+------+-----+---------+-------+
| Field        | Type          | Null | Key | Default | Extra |
+--------------+---------------+------+-----+---------+-------+
| COUNTRY_ID   | varchar(2)    | NO   | PRI | NULL    |       |
| COUNTRY_NAME | varchar(40)   | YES  |     | NULL    |       |
| REGION_ID    | decimal(10,0) | YES  | MUL | NULL    |       |
+--------------+---------------+------+-----+---------+-------+
3 rows in set (0.0020 sec)
 MySQL  localhost:3306 ssl  comp2  SQL > desc locations;
+----------------+--------------+------+-----+---------+-------+
| Field          | Type         | Null | Key | Default | Extra |
+----------------+--------------+------+-----+---------+-------+
| LOCATION_ID    | decimal(4,0) | NO   | PRI | 0       |       |
| STREET_ADDRESS | varchar(40)  | YES  |     | NULL    |       |
| POSTAL_CODE    | varchar(12)  | YES  |     | NULL    |       |
| CITY           | varchar(30)  | NO   | MUL | NULL    |       |
| STATE_PROVINCE | varchar(25)  | YES  | MUL | NULL    |       |
| COUNTRY_ID     | varchar(2)   | YES  | MUL | NULL    |       |
+----------------+--------------+------+-----+---------+-------+
6 rows in set (0.0021 sec)
 MySQL  localhost:3306 ssl  comp2  SQL > desc departments;
+-----------------+--------------+------+-----+---------+-------+
| Field           | Type         | Null | Key | Default | Extra |
+-----------------+--------------+------+-----+---------+-------+
| DEPARTMENT_ID   | decimal(4,0) | NO   | PRI | 0       |       |
| DEPARTMENT_NAME | varchar(30)  | NO   |     | NULL    |       |
| MANAGER_ID      | decimal(6,0) | YES  | MUL | NULL    |       |
| LOCATION_ID     | decimal(4,0) | YES  | MUL | NULL    |       |
+-----------------+--------------+------+-----+---------+-------+
4 rows in set (0.0014 sec)
 MySQL  localhost:3306 ssl  comp2  SQL > select a.department, b.street_adress, b.city, b.state_province, c.country_name
                                      -> from departments a
                                      -> inner join locations b on a.location_id = b.location_id
                                      -> inner join countries c on b.country_id = c.country_id;
ERROR: 1054 (42S22): Unknown column 'a.department' in 'field list'
 MySQL  localhost:3306 ssl  comp2  SQL > select a.department_name, b.street_adress, b.city, b.state_province, c.country_name from departments a inner join locations b on a.location_id = b.location_id inner join countries c on b.country_id = c.country_id;
ERROR: 1054 (42S22): Unknown column 'b.street_adress' in 'field list'
 MySQL  localhost:3306 ssl  comp2  SQL > select a.department_name, b.street_address, b.city, b.state_province, c.country_name from departments a inner join locations b on a.location_id = b.location_id inner join countries c on b.country_id = c.country_id;
+----------------------+-----------------------+---------------------+----------------+--------------------------+
| department_name      | street_address        | city                | state_province | country_name             |
+----------------------+-----------------------+---------------------+----------------+--------------------------+
| IT                   | 2014 Jabberwocky Rd   | Southlake           | Texas          | United States of America |
| Shipping             | 2011 Interiors Blvd   | South San Francisco | California     | United States of America |
| Administration       | 2004 Charade Rd       | Seattle             | Washington     | United States of America |
| Purchasing           | 2004 Charade Rd       | Seattle             | Washington     | United States of America |
| Executive            | 2004 Charade Rd       | Seattle             | Washington     | United States of America |
| Finance              | 2004 Charade Rd       | Seattle             | Washington     | United States of America |
| Accounting           | 2004 Charade Rd       | Seattle             | Washington     | United States of America |
| Treasury             | 2004 Charade Rd       | Seattle             | Washington     | United States of America |
| Corporate Tax        | 2004 Charade Rd       | Seattle             | Washington     | United States of America |
| Control And Credit   | 2004 Charade Rd       | Seattle             | Washington     | United States of America |
| Shareholder Services | 2004 Charade Rd       | Seattle             | Washington     | United States of America |
| Benefits             | 2004 Charade Rd       | Seattle             | Washington     | United States of America |
| Manufacturing        | 2004 Charade Rd       | Seattle             | Washington     | United States of America |
| Construction         | 2004 Charade Rd       | Seattle             | Washington     | United States of America |
| Contracting          | 2004 Charade Rd       | Seattle             | Washington     | United States of America |
| Operations           | 2004 Charade Rd       | Seattle             | Washington     | United States of America |
| IT Support           | 2004 Charade Rd       | Seattle             | Washington     | United States of America |
| NOC                  | 2004 Charade Rd       | Seattle             | Washington     | United States of America |
| IT Helpdesk          | 2004 Charade Rd       | Seattle             | Washington     | United States of America |
| Government Sales     | 2004 Charade Rd       | Seattle             | Washington     | United States of America |
| Retail Sales         | 2004 Charade Rd       | Seattle             | Washington     | United States of America |
| Recruiting           | 2004 Charade Rd       | Seattle             | Washington     | United States of America |
| Payroll              | 2004 Charade Rd       | Seattle             | Washington     | United States of America |
| Marketing            | 147 Spadina Ave       | Toronto             | Ontario        | Canada                   |
| Human Resources      | 8204 Arthur St        | London              |                | United Kingdom           |
| Public Relations     | Schwanthalerstr. 7031 | Munich              | Bavaria        | Germany                  |
+----------------------+-----------------------+---------------------+----------------+--------------------------+
26 rows in set (0.0012 sec)
 MySQL  localhost:3306 ssl  comp2  SQL > \disconnect
 MySQL  SQL >